Component: ARM Compiler 5.06 update 6 (build 750) Tool: armlink [4d35ed]

==============================================================================

Section Cross References

    startup_stm32f407xx.o(STACK) refers (Special) to heapauxi.o(.text) for __use_two_region_memory
    startup_stm32f407xx.o(HEAP) refers (Special) to heapauxi.o(.text) for __use_two_region_memory
    startup_stm32f407xx.o(RESET) refers (Special) to heapauxi.o(.text) for __use_two_region_memory
    startup_stm32f407xx.o(RESET) refers to startup_stm32f407xx.o(STACK) for __initial_sp
    startup_stm32f407xx.o(RESET) refers to startup_stm32f407xx.o(.text) for Reset_Handler
    startup_stm32f407xx.o(RESET) refers to stm32f4xx_it.o(i.NMI_Handler) for NMI_Handler
    startup_stm32f407xx.o(RESET) refers to stm32f4xx_it.o(i.HardFault_Handler) for HardFault_Handler
    startup_stm32f407xx.o(RESET) refers to stm32f4xx_it.o(i.MemManage_Handler) for MemManage_Handler
    startup_stm32f407xx.o(RESET) refers to stm32f4xx_it.o(i.BusFault_Handler) for BusFault_Handler
    startup_stm32f407xx.o(RESET) refers to stm32f4xx_it.o(i.UsageFault_Handler) for UsageFault_Handler
    startup_stm32f407xx.o(RESET) refers to port.o(.emb_text) for SVC_Handler
    startup_stm32f407xx.o(RESET) refers to stm32f4xx_it.o(i.DebugMon_Handler) for DebugMon_Handler
    startup_stm32f407xx.o(RESET) refers to port.o(i.SysTick_Handler) for SysTick_Handler
    startup_stm32f407xx.o(RESET) refers to stm32f4xx_it.o(i.RCC_IRQHandler) for RCC_IRQHandler
    startup_stm32f407xx.o(RESET) refers to stm32f4xx_it.o(i.CAN1_RX0_IRQHandler) for CAN1_RX0_IRQHandler
    startup_stm32f407xx.o(RESET) refers to stm32f4xx_it.o(i.TIM1_UP_TIM10_IRQHandler) for TIM1_UP_TIM10_IRQHandler
    startup_stm32f407xx.o(RESET) refers to stm32f4xx_it.o(i.TIM8_UP_TIM13_IRQHandler) for TIM8_UP_TIM13_IRQHandler
    startup_stm32f407xx.o(.text) refers (Special) to heapauxi.o(.text) for __use_two_region_memory
    startup_stm32f407xx.o(.text) refers to system_stm32f4xx.o(i.SystemInit) for SystemInit
    startup_stm32f407xx.o(.text) refers to __main.o(!!!main) for __main
    startup_stm32f407xx.o(.text) refers to startup_stm32f407xx.o(HEAP) for Heap_Mem
    startup_stm32f407xx.o(.text) refers to startup_stm32f407xx.o(STACK) for Stack_Mem
    co_slave.o(i.CO_slave_initialisation) refers to sillyslave.o(.data) for LifeSignal
    co_slave.o(i.CO_slave_operational) refers to noretval__2printf.o(.text) for __2printf
    co_slave.o(i.CO_slave_preOperational) refers to noretval__2printf.o(.text) for __2printf
    co_slave.o(i.CO_slave_stopped) refers to noretval__2printf.o(.text) for __2printf
    co_slave.o(i.canopen_init) refers to can_timer.o(i.initTimer) for initTimer
    co_slave.o(i.canopen_init) refers to stm32f4xx_hal_tim.o(i.HAL_TIM_Base_Start_IT) for HAL_TIM_Base_Start_IT
    co_slave.o(i.canopen_init) refers to states.o(i.setNodeId) for setNodeId
    co_slave.o(i.canopen_init) refers to states.o(i.setState) for setState
    co_slave.o(i.canopen_init) refers to co_slave.o(i.CO_slave_heartbeatError) for CO_slave_heartbeatError
    co_slave.o(i.canopen_init) refers to co_slave.o(.data) for .data
    co_slave.o(i.canopen_init) refers to co_slave.o(i.CO_slave_initialisation) for CO_slave_initialisation
    co_slave.o(i.canopen_init) refers to co_slave.o(i.CO_slave_preOperational) for CO_slave_preOperational
    co_slave.o(i.canopen_init) refers to co_slave.o(i.CO_slave_operational) for CO_slave_operational
    co_slave.o(i.canopen_init) refers to co_slave.o(i.CO_slave_stopped) for CO_slave_stopped
    co_slave.o(i.canopen_init) refers to co_slave.o(i.CO_slave_post_sync) for CO_slave_post_sync
    co_slave.o(i.canopen_init) refers to co_slave.o(i.CO_slave_post_TPDO) for CO_slave_post_TPDO
    co_slave.o(i.canopen_init) refers to co_slave.o(i.CO_slave_storeODSubIndex) for CO_slave_storeODSubIndex
    co_slave.o(i.canopen_init) refers to co_slave.o(i.CO_slave_post_emcy) for CO_slave_post_emcy
    co_slave.o(i.canopen_init) refers to tim.o(.bss) for htim13
    co_slave.o(.data) refers to sillyslave.o(.data) for SillySlave_Data
    sillyslave.o(i.SillySlave_scanIndexOD) refers to sillyslave.o(.data) for .data
    sillyslave.o(i.SillySlave_scanIndexOD) refers to sillyslave.o(.bss) for .bss
    sillyslave.o(i.SillySlave_scanIndexOD) refers to sillyslave.o(.constdata) for .constdata
    sillyslave.o(.constdata) refers to sillyslave.o(.data) for SillySlave_Index1000
    sillyslave.o(.constdata) refers to sillyslave.o(.data) for SillySlave_Index1001
    sillyslave.o(.constdata) refers to sillyslave.o(.data) for SillySlave_Index1012
    sillyslave.o(.constdata) refers to sillyslave.o(.data) for SillySlave_Index1013
    sillyslave.o(.constdata) refers to sillyslave.o(.data) for SillySlave_Index1017
    sillyslave.o(.constdata) refers to sillyslave.o(.data) for SillySlave_Index1018
    sillyslave.o(.constdata) refers to sillyslave.o(.data) for SillySlave_Index1200
[...]
    __scatterload                            0x08000191   Thumb Code     0  __scatter.o(!!!scatter)
    __scatterload_rt2                        0x08000191   Thumb Code    44  __scatter.o(!!!scatter)
    __scatterload_rt2_thumb_only             0x08000191   Thumb Code     0  __scatter.o(!!!scatter)
    __scatterload_null                       0x0800019f   Thumb Code     0  __scatter.o(!!!scatter)
    __decompress                             0x080001c5   Thumb Code    90  __dczerorl2.o(!!dczerorl2)
    __decompress1                            0x080001c5   Thumb Code     0  __dczerorl2.o(!!dczerorl2)
    __scatterload_zeroinit                   0x08000221   Thumb Code    28  __scatter_zi.o(!!handler_zi)
    __rt_lib_init                            0x0800023d   Thumb Code     0  libinit.o(.ARM.Collect$$libinit$$00000000)
    __rt_lib_init_fp_1                       0x0800023f   Thumb Code     0  libinit2.o(.ARM.Collect$$libinit$$00000001)
    __rt_lib_init_alloca_1                   0x08000243   Thumb Code     0  libinit2.o(.ARM.Collect$$libinit$$0000002E)
    __rt_lib_init_argv_1                     0x08000243   Thumb Code     0  libinit2.o(.ARM.Collect$$libinit$$0000002C)
    __rt_lib_init_atexit_1                   0x08000243   Thumb Code     0  libinit2.o(.ARM.Collect$$libinit$$0000001B)
    __rt_lib_init_clock_1                    0x08000243   Thumb Code     0  libinit2.o(.ARM.Collect$$libinit$$00000021)
    __rt_lib_init_cpp_1                      0x08000243   Thumb Code     0  libinit2.o(.ARM.Collect$$libinit$$00000032)
    __rt_lib_init_exceptions_1               0x08000243   Thumb Code     0  libinit2.o(.ARM.Collect$$libinit$$00000030)
    __rt_lib_init_fp_trap_1                  0x08000243   Thumb Code     0  libinit2.o(.ARM.Collect$$libinit$$0000001F)
    __rt_lib_init_getenv_1                   0x08000243   Thumb Code     0  libinit2.o(.ARM.Collect$$libinit$$00000023)
    __rt_lib_init_heap_1                     0x08000243   Thumb Code     0  libinit2.o(.ARM.Collect$$libinit$$0000000A)
    __rt_lib_init_lc_collate_1               0x08000243   Thumb Code     0  libinit2.o(.ARM.Collect$$libinit$$00000011)
    __rt_lib_init_lc_ctype_1                 0x08000243   Thumb Code     0  libinit2.o(.ARM.Collect$$libinit$$00000013)
    __rt_lib_init_lc_monetary_1              0x08000243   Thumb Code     0  libinit2.o(.ARM.Collect$$libinit$$00000015)
    __rt_lib_init_lc_numeric_1               0x08000243   Thumb Code     0  libinit2.o(.ARM.Collect$$libinit$$00000017)
    __rt_lib_init_lc_time_1                  0x08000243   Thumb Code     0  libinit2.o(.ARM.Collect$$libinit$$00000019)
    __rt_lib_init_preinit_1                  0x08000243   Thumb Code     0  libinit2.o(.ARM.Collect$$libinit$$00000004)
    __rt_lib_init_rand_1                     0x08000243   Thumb Code     0  libinit2.o(.ARM.Collect$$libinit$$0000000E)
    __rt_lib_init_return                     0x08000243   Thumb Code     0  libinit2.o(.ARM.Collect$$libinit$$00000033)
    __rt_lib_init_signal_1                   0x08000243   Thumb Code     0  libinit2.o(.ARM.Collect$$libinit$$0000001D)
    __rt_lib_init_stdio_1                    0x08000243   Thumb Code     0  libinit2.o(.ARM.Collect$$libinit$$00000025)
    __rt_lib_init_user_alloc_1               0x08000243   Thumb Code     0  libinit2.o(.ARM.Collect$$libinit$$0000000C)
    __rt_lib_shutdown                        0x08000245   Thumb Code     0  libshutdown.o(.ARM.Collect$$libshutdown$$00000000)
    __rt_lib_shutdown_cpp_1                  0x08000247   Thumb Code     0  libshutdown2.o(.ARM.Collect$$libshutdown$$00000002)
    __rt_lib_shutdown_fp_trap_1              0x08000247   Thumb Code     0  libshutdown2.o(.ARM.Collect$$libshutdown$$00000007)
    __rt_lib_shutdown_heap_1                 0x08000247   Thumb Code     0  libshutdown2.o(.ARM.Collect$$libshutdown$$0000000F)
    __rt_lib_shutdown_return                 0x08000247   Thumb Code     0  libshutdown2.o(.ARM.Collect$$libshutdown$$00000010)
    __rt_lib_shutdown_signal_1               0x08000247   Thumb Code     0  libshutdown2.o(.ARM.Collect$$libshutdown$$0000000A)
    __rt_lib_shutdown_stdio_1                0x08000247   Thumb Code     0  libshutdown2.o(.ARM.Collect$$libshutdown$$00000004)
    __rt_lib_shutdown_user_alloc_1           0x08000247   Thumb Code     0  libshutdown2.o(.ARM.Collect$$libshutdown$$0000000C)
    __rt_entry                               0x08000249   Thumb Code     0  __rtentry.o(.ARM.Collect$$rtentry$$00000000)
    __rt_entry_presh_1                       0x08000249   Thumb Code     0  __rtentry2.o(.ARM.Collect$$rtentry$$00000002)
    __rt_entry_sh                            0x08000249   Thumb Code     0  __rtentry4.o(.ARM.Collect$$rtentry$$00000004)
    __rt_entry_li                            0x0800024f   Thumb Code     0  __rtentry2.o(.ARM.Collect$$rtentry$$0000000A)
    __rt_entry_postsh_1                      0x0800024f   Thumb Code     0  __rtentry2.o(.ARM.Collect$$rtentry$$00000009)
    __rt_entry_main                          0x08000253   Thumb Code     0  __rtentry2.o(.ARM.Collect$$rtentry$$0000000D)
    __rt_entry_postli_1                      0x08000253   Thumb Code     0  __rtentry2.o(.ARM.Collect$$rtentry$$0000000C)
    __rt_exit                                0x0800025b   Thumb Code     0  rtexit.o(.ARM.Collect$$rtexit$$00000000)
    __rt_exit_ls                             0x0800025d   Thumb Code     0  rtexit2.o(.ARM.Collect$$rtexit$$00000003)
    __rt_exit_prels_1                        0x0800025d   Thumb Code     0  rtexit2.o(.ARM.Collect$$rtexit$$00000002)
    __rt_exit_exit                           0x08000261   Thumb Code     0  rtexit2.o(.ARM.Collect$$rtexit$$00000004)
    SVC_Handler                              0x08000269   Thumb Code    28  port.o(.emb_text)
    __asm___6_port_c_39a90d8d__prvStartFirstTask 0x08000289   Thumb Code    36  port.o(.emb_text)
    __asm___6_port_c_39a90d8d__prvEnableVFP  0x080002b1   Thumb Code    16  port.o(.emb_text)
    PendSV_Handler                           0x080002c5   Thumb Code    88  port.o(.emb_text)
    vPortGetIPSR                             0x08000321   Thumb Code     6  port.o(.emb_text)
    Reset_Handler                            0x08000329   Thumb Code     8  startup_stm32f407xx.o(.text)
    ADC_IRQHandler                           0x08000343   Thumb Code     0  startup_stm32f407xx.o(.text)
    CAN1_RX1_IRQHandler                      0x08000343   Thumb Code     0  startup_stm32f407xx.o(.text)
    CAN1_SCE_IRQHandler                      0x08000343   Thumb Code     0  startup_stm32f407xx.o(.text)
    CAN1_TX_IRQHandler                       0x08000343   Thumb Code     0  startup_stm32f407xx.o(.text)
    CAN2_RX0_IRQHandler                      0x08000343   Thumb Code     0  startup_stm32f407xx.o(.text)
    CAN2_RX1_IRQHandler                      0x08000343   Thumb Code     0  startup_stm32f407xx.o(.text)
    CAN2_SCE_IRQHandler                      0x08000343   Thumb Code     0  startup_stm32f407xx.o(.text)
    CAN2_TX_IRQHandler                       0x08000343   Thumb Code     0  startup_stm32f407xx.o(.text)
    DCMI_IRQHandler                          0x08000343   Thumb Code     0  startup_stm32f407xx.o(.text)
    DMA1_Stream0_IRQHandler                  0x08000343   Thumb Code     0  startup_stm32f407xx.o(.text)
    DMA1_Stream1_IRQHandler                  0x08000343   Thumb Code     0  startup_stm32f407xx.o(.text)
    DMA1_Stream2_IRQHandler                  0x08000343   Thumb Code     0  startup_stm32f407xx.o(.text)
    DMA1_Stream3_IRQHandler                  0x08000343   Thumb Code     0  startup_stm32f407xx.o(.text)
    DMA1_Stream4_IRQHandler                  0x08000343   Thumb Code     0  startup_stm32f407xx.o(.text)
    DMA1_Stream5_IRQHandler                  0x08000343   Thumb Code     0  startup_stm32f407xx.o(.text)
    DMA1_Stream6_IRQHandler                  0x08000343   Thumb Code     0  startup_stm32f407xx.o(.text)
    DMA1_Stream7_IRQHandler                  0x08000343   Thumb Code     0  startup_stm32f407xx.o(.text)
    DMA2_Stream0_IRQHandler                  0x08000343   Thumb Code     0  startup_stm32f407xx.o(.text)
    DMA2_Stream1_IRQHandler                  0x08000343   Thumb Code     0  startup_stm32f407xx.o(.text)
    DMA2_Stream2_IRQHandler                  0x08000343   Thumb Code     0  startup_stm32f407xx.o(.text)
    DMA2_Stream3_IRQHandler                  0x08000343   Thumb Code     0  startup_stm32f407xx.o(.text)
    DMA2_Stream4_IRQHandler                  0x08000343   Thumb Code     0  startup_stm32f407xx.o(.text)
    DMA2_Stream5_IRQHandler                  0x08000343   Thumb Code     0  startup_stm32f407xx.o(.text)
    DMA2_Stream6_IRQHandler                  0x08000343   Thumb Code     0  startup_stm32f407xx.o(.text)
    DMA2_Stream7_IRQHandler                  0x08000343   Thumb Code     0  startup_stm32f407xx.o(.text)
    ETH_IRQHandler                           0x08000343   Thumb Code     0  startup_stm32f407xx.o(.text)
    ETH_WKUP_IRQHandler                      0x08000343   Thumb Code     0  startup_stm32f407xx.o(.text)
    EXTI0_IRQHandler                         0x08000343   Thumb Code     0  startup_stm32f407xx.o(.text)
    EXTI15_10_IRQHandler                     0x08000343   Thumb Code     0  startup_stm32f407xx.o(.text)
    EXTI1_IRQHandler                         0x08000343   Thumb Code     0  startup_stm32f407xx.o(.text)
    EXTI2_IRQHandler                         0x08000343   Thumb Code     0  startup_stm32f407xx.o(.text)
    EXTI3_IRQHandler                         0x08000343   Thumb Code     0  startup_stm32f407xx.o(.text)
    EXTI4_IRQHandler                         0x08000343   Thumb Code     0  startup_stm32f407xx.o(.text)
    EXTI9_5_IRQHandler                       0x08000343   Thumb Code     0  startup_stm32f407xx.o(.text)
    FLASH_IRQHandler                         0x08000343   Thumb Code     0  startup_stm32f407xx.o(.text)
    FMC_IRQHandler                           0x08000343   Thumb Code     0  startup_stm32f407xx.o(.text)
    FPU_IRQHandler                           0x08000343   Thumb Code     0  startup_stm32f407xx.o(.text)
    HASH_RNG_IRQHandler                      0x08000343   Thumb Code     0  startup_stm32f407xx.o(.text)
    I2C1_ER_IRQHandler                       0x08000343   Thumb Code     0  startup_stm32f407xx.o(.text)
    I2C1_EV_IRQHandler                       0x08000343   Thumb Code     0  startup_stm32f407xx.o(.text)
    I2C2_ER_IRQHandler                       0x08000343   Thumb Code     0  startup_stm32f407xx.o(.text)
    I2C2_EV_IRQHandler                       0x08000343   Thumb Code     0  startup_stm32f407xx.o(.text)
    I2C3_ER_IRQHandler                       0x08000343   Thumb Code     0  startup_stm32f407xx.o(.text)
    I2C3_EV_IRQHandler                       0x08000343   Thumb Code     0  startup_stm32f407xx.o(.text)
    OTG_FS_IRQHandler                        0x08000343   Thumb Code     0  startup_stm32f407xx.o(.text)
    OTG_FS_WKUP_IRQHandler                   0x08000343   Thumb Code     0  startup_stm32f407xx.o(.text)
    OTG_HS_EP1_IN_IRQHandler                 0x08000343   Thumb Code     0  startup_stm32f407xx.o(.text)
    OTG_HS_EP1_OUT_IRQHandler                0x08000343   Thumb Code     0  startup_stm32f407xx.o(.text)
    OTG_HS_IRQHandler                        0x08000343   Thumb Code     0  startup_stm32f407xx.o(.text)
    OTG_HS_WKUP_IRQHandler                   0x08000343   Thumb Code     0  startup_stm32f407xx.o(.text)
    PVD_IRQHandler                           0x08000343   Thumb Code     0  startup_stm32f407xx.o(.text)
    RTC_Alarm_IRQHandler                     0x08000343   Thumb Code     0  startup_stm32f407xx.o(.text)
    RTC_WKUP_IRQHandler                      0x08000343   Thumb Code     0  startup_stm32f407xx.o(.text)
    SDIO_IRQHandler                          0x08000343   Thumb Code     0  startup_stm32f407xx.o(.text)
    SPI1_IRQHandler                          0x08000343   Thumb Code     0  startup_stm32f407xx.o(.text)
    SPI2_IRQHandler                          0x08000343   Thumb Code     0  startup_stm32f407xx.o(.text)
    SPI3_IRQHandler                          0x08000343   Thumb Code     0  startup_stm32f407xx.o(.text)
    TAMP_STAMP_IRQHandler                    0x08000343   Thumb Code     0  startup_stm32f407xx.o(.text)
    TIM1_BRK_TIM9_IRQHandler                 0x08000343   Thumb Code     0  startup_stm32f407xx.o(.text)
    TIM1_CC_IRQHandler                       0x08000343   Thumb Code     0  startup_stm32f407xx.o(.text)
    TIM1_TRG_COM_TIM11_IRQHandler            0x08000343   Thumb Code     0  startup_stm32f407xx.o(.text)
    TIM2_IRQHandler                          0x08000343   Thumb Code     0  startup_stm32f407xx.o(.text)
    TIM3_IRQHandler                          0x08000343   Thumb Code     0  startup_stm32f407xx.o(.text)
    TIM4_IRQHandler                          0x08000343   Thumb Code     0  startup_stm32f407xx.o(.text)
    TIM5_IRQHandler                          0x08000343   Thumb Code     0  startup_stm32f407xx.o(.text)
    TIM6_DAC_IRQHandler                      0x08000343   Thumb Code     0  startup_stm32f407xx.o(.text)
    TIM7_IRQHandler                          0x08000343   Thumb Code     0  startup_stm32f407xx.o(.text)
    TIM8_BRK_TIM12_IRQHandler                0x08000343   Thumb Code     0  startup_stm32f407xx.o(.text)
    TIM8_CC_IRQHandler                       0x08000343   Thumb Code     0  startup_stm32f407xx.o(.text)
    TIM8_TRG_COM_TIM14_IRQHandler            0x08000343   Thumb Code     0  startup_stm32f407xx.o(.text)
    UART4_IRQHandler                         0x08000343   Thumb Code     0  startup_stm32f407xx.o(.text)
    UART5_IRQHandler                         0x08000343   Thumb Code     0  startup_stm32f407xx.o(.text)
    USART1_IRQHandler                        0x08000343   Thumb Code     0  startup_stm32f407xx.o(.text)
    USART2_IRQHandler                        0x08000343   Thumb Code     0  startup_stm32f407xx.o(.text)
    USART3_IRQHandler                        0x08000343   Thumb Code     0  startup_stm32f407xx.o(.text)
    USART6_IRQHandler                        0x08000343   Thumb Code     0  startup_stm32f407xx.o(.text)
    WWDG_IRQHandler                          0x08000343   Thumb Code     0  startup_stm32f407xx.o(.text)
    __user_initial_stackheap                 0x08000345   Thumb Code     0  startup_stm32f407xx.o(.text)
    __use_no_semihosting                     0x08000369   Thumb Code     2  use_no_semi_2.o(.text)
    __aeabi_uldivmod                         0x0800036b   Thumb Code     0  lludivv7m.o(.text)
    _ll_udiv                                 0x0800036b   Thumb Code   238  lludivv7m.o(.text)
    __2printf                                0x08000459   Thumb Code    20  noretval__2printf.o(.text)
    memcmp                                   0x08000471   Thumb Code    88  memcmp.o(.text)
    __aeabi_memcpy                           0x080004c9   Thumb Code     0  rt_memcpy_v6.o(.text)
    __rt_memcpy                              0x080004c9   Thumb Code   138  rt_memcpy_v6.o(.text)
    _memcpy_lastbytes                        0x0800052f   Thumb Code     0  rt_memcpy_v6.o(.text)
    __aeabi_memcpy4                          0x08000553   Thumb Code     0  rt_memcpy_w.o(.text)
    __aeabi_memcpy8                          0x08000553   Thumb Code     0  rt_memcpy_w.o(.text)
    __rt_memcpy_w                            0x08000553   Thumb Code   100  rt_memcpy_w.o(.text)
    _memcpy_lastbytes_aligned                0x0800059b   Thumb Code     0  rt_memcpy_w.o(.text)
    __aeabi_memclr4                          0x080005b7   Thumb Code     0  rt_memclr_w.o(.text)
    __aeabi_memclr8                          0x080005b7   Thumb Code     0  rt_memclr_w.o(.text)
    __rt_memclr_w                            0x080005b7   Thumb Code    78  rt_memclr_w.o(.text)
    _memset_w                                0x080005bb   Thumb Code     0  rt_memclr_w.o(.text)
    __use_two_region_memory                  0x08000605   Thumb Code     2  heapauxi.o(.text)
    __rt_heap_escrow$2region                 0x08000607   Thumb Code     2  heapauxi.o(.text)
    __rt_heap_expand$2region                 0x08000609   Thumb Code     2  heapauxi.o(.text)
    __I$use$semihosting                      0x0800060b   Thumb Code     0  use_no_semi.o(.text)
    __use_no_semihosting_swi                 0x0800060b   Thumb Code     2  use_no_semi.o(.text)
    _printf_char_file                        0x0800060d   Thumb Code    32  _printf_char_file.o(.text)
    _printf_char_common                      0x0800063b   Thumb Code    32  _printf_char_common.o(.text)
    ferror                                   0x08000661   Thumb Code     8  ferror.o(.text)
    __user_setup_stackheap                   0x08000669   Thumb Code    74  sys_stackheap_outer.o(.text)
    __printf                                 0x080006b3   Thumb Code    40  __printf_nopercent.o(.text)
    exit                                     0x080006db   Thumb Code    18  exit.o(.text)
    __user_libspace                          0x080006ed   Thumb Code     8  libspace.o(.text)
    __user_perproc_libspace                  0x080006ed   Thumb Code     0  libspace.o(.text)
    __user_perthread_libspace                0x080006ed   Thumb Code     0  libspace.o(.text)
    BusFault_Handler                         0x080006f5   Thumb Code     2  stm32f4xx_it.o(i.BusFault_Handler)
    CAN1_RX0_IRQHandler                      0x080006f9   Thumb Code     6  stm32f4xx_it.o(i.CAN1_RX0_IRQHandler)
    CAN_Config                               0x08000705   Thumb Code    90  can.o(i.CAN_Config)
    CANprocess_thread                        0x08000765   Thumb Code    20  freertos.o(i.CANprocess_thread)
    CO_slave_heartbeatError                  0x08000779   Thumb Code     2  co_slave.o(i.CO_slave_heartbeatError)
    CO_slave_initialisation                  0x0800077d   Thumb Code     8  co_slave.o(i.CO_slave_initialisation)
    CO_slave_operational                     0x08000789   Thumb Code     6  co_slave.o(i.CO_slave_operational)
    CO_slave_post_TPDO                       0x080007a9   Thumb Code     2  co_slave.o(i.CO_slave_post_TPDO)
    CO_slave_post_emcy                       0x080007ab   Thumb Code     2  co_slave.o(i.CO_slave_post_emcy)
    CO_slave_post_sync                       0x080007ad   Thumb Code     2  co_slave.o(i.CO_slave_post_sync)
    CO_slave_preOperational                  0x080007b1   Thumb Code     6  co_slave.o(i.CO_slave_preOperational)
    CO_slave_stopped                         0x080007d5   Thumb Code     6  co_slave.o(i.CO_slave_stopped)
    CO_slave_storeODSubIndex                 0x080007f1   Thumb Code     4  co_slave.o(i.CO_slave_storeODSubIndex)
    ConsumerHeartbeatAlarm                   0x080007f5   Thumb Code    44  lifegrd.o(i.ConsumerHeartbeatAlarm)
    CopyBits                                 0x08000821   Thumb Code   160  pdo.o(i.CopyBits)
    DebugMon_Handler                         0x080008c1   Thumb Code     2  stm32f4xx_it.o(i.DebugMon_Handler)
    DelAlarm                                 0x080008c5   Thumb Code    36  timer.o(i.DelAlarm)
    Error_Handler                            0x080008f1   Thumb Code     4  main.o(i.Error_Handler)
    GuardTimeAlarm                           0x080008f5   Thumb Code    98  lifegrd.o(i.GuardTimeAlarm)
    HAL_CAN_ActivateNotification             0x08000957   Thumb Code    36  stm32f4xx_hal_can.o(i.HAL_CAN_ActivateNotification)
    HAL_CAN_AddTxMessage                     0x0800097b   Thumb Code   200  stm32f4xx_hal_can.o(i.HAL_CAN_AddTxMessage)
    HAL_CAN_ConfigFilter                     0x08000a45   Thumb Code   262  stm32f4xx_hal_can.o(i.HAL_CAN_ConfigFilter)
    HAL_CAN_ErrorCallback                    0x08000b51   Thumb Code     2  stm32f4xx_hal_can.o(i.HAL_CAN_ErrorCallback)
    HAL_CAN_GetTxMailboxesFreeLevel          0x08000b53   Thumb Code    44  stm32f4xx_hal_can.o(i.HAL_CAN_GetTxMailboxesFreeLevel)
    HAL_CAN_IRQHandler                       0x08000b7f   Thumb Code   508  stm32f4xx_hal_can.o(i.HAL_CAN_IRQHandler)
    HAL_CAN_Init                             0x08000d7b   Thumb Code   282  stm32f4xx_hal_can.o(i.HAL_CAN_Init)
    HAL_CAN_MspInit                          0x08000e95   Thumb Code   110  can.o(i.HAL_CAN_MspInit)
    HAL_CAN_RxFifo0FullCallback              0x08000f11   Thumb Code     2  stm32f4xx_hal_can.o(i.HAL_CAN_RxFifo0FullCallback)
    HAL_CAN_RxFifo0MsgPendingCallback        0x08000f13   Thumb Code     2  stm32f4xx_hal_can.o(i.HAL_CAN_RxFifo0MsgPendingCallback)
    HAL_CAN_RxFifo1FullCallback              0x08000f15   Thumb Code     2  stm32f4xx_hal_can.o(i.HAL_CAN_RxFifo1FullCallback)
    HAL_CAN_RxFifo1MsgPendingCallback        0x08000f17   Thumb Code     2  stm32f4xx_hal_can.o(i.HAL_CAN_RxFifo1MsgPendingCallback)
    HAL_CAN_SleepCallback                    0x08000f19   Thumb Code     2  stm32f4xx_hal_can.o(i.HAL_CAN_SleepCallback)
    HAL_CAN_Start                            0x08000f1d   Thumb Code    88  stm32f4xx_hal_can.o(i.HAL_CAN_Start)
    HAL_CAN_TxMailbox0AbortCallback          0x08000f75   Thumb Code     2  stm32f4xx_hal_can.o(i.HAL_CAN_TxMailbox0AbortCallback)
    HAL_CAN_TxMailbox0CompleteCallback       0x08000f77   Thumb Code     2  stm32f4xx_hal_can.o(i.HAL_CAN_TxMailbox0CompleteCallback)
    HAL_CAN_TxMailbox1AbortCallback          0x08000f79   Thumb Code     2  stm32f4xx_hal_can.o(i.HAL_CAN_TxMailbox1AbortCallback)
    HAL_CAN_TxMailbox1CompleteCallback       0x08000f7b   Thumb Code     2  stm32f4xx_hal_can.o(i.HAL_CAN_TxMailbox1CompleteCallback)
    HAL_CAN_TxMailbox2AbortCallback          0x08000f7d   Thumb Code     2  stm32f4xx_hal_can.o(i.HAL_CAN_TxMailbox2AbortCallback)
    HAL_CAN_TxMailbox2CompleteCallback       0x08000f7f   Thumb Code     2  stm32f4xx_hal_can.o(i.HAL_CAN_TxMailbox2CompleteCallback)
    HAL_CAN_WakeUpFromRxMsgCallback          0x08000f81   Thumb Code     2  stm32f4xx_hal_can.o(i.HAL_CAN_WakeUpFromRxMsgCallback)
    HAL_GPIO_Init                            0x08000f85   Thumb Code   450  stm32f4xx_hal_gpio.o(i.HAL_GPIO_Init)
    HAL_GPIO_WritePin                        0x08001175   Thumb Code    10  stm32f4xx_hal_gpio.o(i.HAL_GPIO_WritePin)
    HAL_GetTick                              0x08001181   Thumb Code     6  stm32f4xx_hal.o(i.HAL_GetTick)
    HAL_IncTick                              0x0800118d   Thumb Code    12  stm32f4xx_hal.o(i.HAL_IncTick)
    HAL_Init                                 0x0800119d   Thumb Code    48  stm32f4xx_hal.o(i.HAL_Init)
    HAL_InitTick                             0x080011d1   Thumb Code   100  stm32f4xx_hal_timebase_tim.o(i.HAL_InitTick)
    HAL_MspInit                              0x08001245   Thumb Code    70  stm32f4xx_hal_msp.o(i.HAL_MspInit)
    HAL_NVIC_EnableIRQ                       0x08001291   Thumb Code    26  stm32f4xx_hal_cortex.o(i.HAL_NVIC_EnableIRQ)
    HAL_NVIC_SetPriority                     0x080012ad   Thumb Code    60  stm32f4xx_hal_cortex.o(i.HAL_NVIC_SetPriority)
    HAL_NVIC_SetPriorityGrouping             0x080012ed   Thumb Code    26  stm32f4xx_hal_cortex.o(i.HAL_NVIC_SetPriorityGrouping)
    HAL_RCC_ClockConfig                      0x08001311   Thumb Code   288  stm32f4xx_hal_rcc.o(i.HAL_RCC_ClockConfig)
    HAL_RCC_GetClockConfig                   0x08001445   Thumb Code    54  stm32f4xx_hal_rcc.o(i.HAL_RCC_GetClockConfig)
    HAL_RCC_GetPCLK1Freq                     0x08001485   Thumb Code    20  stm32f4xx_hal_rcc.o(i.HAL_RCC_GetPCLK1Freq)
    HAL_RCC_GetPCLK2Freq                     0x080014a5   Thumb Code    20  stm32f4xx_hal_rcc.o(i.HAL_RCC_GetPCLK2Freq)
    HAL_RCC_GetSysClockFreq                  0x080014c5   Thumb Code    88  stm32f4xx_hal_rcc.o(i.HAL_RCC_GetSysClockFreq)
    HAL_RCC_OscConfig                        0x08001525   Thumb Code   856  stm32f4xx_hal_rcc.o(i.HAL_RCC_OscConfig)
    HAL_TIMEx_BreakCallback                  0x08001891   Thumb Code     2  stm32f4xx_hal_tim_ex.o(i.HAL_TIMEx_BreakCallback)
    HAL_TIMEx_CommutCallback                 0x08001893   Thumb Code     2  stm32f4xx_hal_tim_ex.o(i.HAL_TIMEx_CommutCallback)
    HAL_TIM_Base_Init                        0x08001895   Thumb Code    90  stm32f4xx_hal_tim.o(i.HAL_TIM_Base_Init)
    HAL_TIM_Base_MspInit                     0x080018f1   Thumb Code    50  tim.o(i.HAL_TIM_Base_MspInit)
    HAL_TIM_Base_Start_IT                    0x0800192d   Thumb Code   100  stm32f4xx_hal_tim.o(i.HAL_TIM_Base_Start_IT)
    HAL_TIM_IC_CaptureCallback               0x080019ad   Thumb Code     2  stm32f4xx_hal_tim.o(i.HAL_TIM_IC_CaptureCallback)
    HAL_TIM_IRQHandler                       0x080019af   Thumb Code   358  stm32f4xx_hal_tim.o(i.HAL_TIM_IRQHandler)
    HAL_TIM_OC_DelayElapsedCallback          0x08001b15   Thumb Code     2  stm32f4xx_hal_tim.o(i.HAL_TIM_OC_DelayElapsedCallback)
    HAL_TIM_PWM_PulseFinishedCallback        0x08001b17   Thumb Code     2  stm32f4xx_hal_tim.o(i.HAL_TIM_PWM_PulseFinishedCallback)
    HAL_TIM_PeriodElapsedCallback            0x08001b19   Thumb Code    34  main.o(i.HAL_TIM_PeriodElapsedCallback)
    HAL_TIM_TriggerCallback                  0x08001b45   Thumb Code     2  stm32f4xx_hal_tim.o(i.HAL_TIM_TriggerCallback)
    HAL_UART_Init                            0x08001b47   Thumb Code    98  stm32f4xx_hal_uart.o(i.HAL_UART_Init)
    HAL_UART_MspInit                         0x08001ba9   Thumb Code    94  usart.o(i.HAL_UART_MspInit)
    HardFault_Handler                        0x08001c15   Thumb Code     2  stm32f4xx_it.o(i.HardFault_Handler)
    MX_CAN1_Init                             0x08001c19   Thumb Code    62  can.o(i.MX_CAN1_Init)
    MX_FREERTOS_Init                         0x08001c61   Thumb Code    80  freertos.o(i.MX_FREERTOS_Init)
    MX_GPIO_Init                             0x08001cb9   Thumb Code   102  gpio.o(i.MX_GPIO_Init)
    MX_TIM13_Init                            0x08001d29   Thumb Code    44  tim.o(i.MX_TIM13_Init)
    MX_USART1_UART_Init                      0x08001d5d   Thumb Code    48  usart.o(i.MX_USART1_UART_Init)
    MemManage_Handler                        0x08001d95   Thumb Code     2  stm32f4xx_it.o(i.MemManage_Handler)
    NMI_Handler                              0x08001d97   Thumb Code     2  stm32f4xx_it.o(i.NMI_Handler)
    OnCOB_ID_SyncUpdate                      0x08001d99   Thumb Code    10  sync.o(i.OnCOB_ID_SyncUpdate)
    OnHeartbeatProducerUpdate                0x08001da3   Thumb Code    18  lifegrd.o(i.OnHeartbeatProducerUpdate)
    OnNodeGuardUpdate                        0x08001db5   Thumb Code    18  lifegrd.o(i.OnNodeGuardUpdate)
    OnNumberOfErrorsUpdate                   0x08001dc9   Thumb Code    40  emcy.o(i.OnNumberOfErrorsUpdate)
    PDOEventTimerAlarm                       0x08001df1   Thumb Code    40  pdo.o(i.PDOEventTimerAlarm)
    PDOInhibitTimerAlarm                     0x08001e19   Thumb Code    42  pdo.o(i.PDOInhibitTimerAlarm)
    PDOInit                                  0x08001e45   Thumb Code    82  pdo.o(i.PDOInit)
    PDOStop                                  0x08001e9d   Thumb Code   104  pdo.o(i.PDOStop)
    ProducerHeartbeatAlarm                   0x08001f05   Thumb Code    68  lifegrd.o(i.ProducerHeartbeatAlarm)
    RCC_IRQHandler                           0x08001f49   Thumb Code     2  stm32f4xx_it.o(i.RCC_IRQHandler)
    RegisterSetODentryCallBack               0x08001f4b   Thumb Code    36  objacces.o(i.RegisterSetODentryCallBack)
    SDOTimeoutAlarm                          0x08001f71   Thumb Code   120  sdo.o(i.SDOTimeoutAlarm)
    SetAlarm                                 0x08001fed   Thumb Code   134  timer.o(i.SetAlarm)
    SillySlave_scanIndexOD                   0x0800207d   Thumb Code   150  sillyslave.o(i.SillySlave_scanIndexOD)
    SillySlave_valueRangeTest                0x08002125   Thumb Code    16  sillyslave.o(i.SillySlave_valueRangeTest)
    StartDefaultTask                         0x08002139   Thumb Code    12  freertos.o(i.StartDefaultTask)
    SyncAlarm                                0x08002145   Thumb Code     4  sync.o(i.SyncAlarm)
    SysTick_Handler                          0x08002149   Thumb Code    38  port.o(i.SysTick_Handler)
    SystemClock_Config                       0x08002175   Thumb Code   134  main.o(i.SystemClock_Config)
    SystemInit                               0x08002205   Thumb Code    12  system_stm32f4xx.o(i.SystemInit)
    TIM1_UP_TIM10_IRQHandler                 0x08002215   Thumb Code     6  stm32f4xx_it.o(i.TIM1_UP_TIM10_IRQHandler)
    TIM8_UP_TIM13_IRQHandler                 0x08002221   Thumb Code     6  stm32f4xx_it.o(i.TIM8_UP_TIM13_IRQHandler)
    TIM_Base_SetConfig                       0x0800222d   Thumb Code   156  stm32f4xx_hal_tim.o(i.TIM_Base_SetConfig)
    TPDO_Communication_Parameter_Callback    0x080022f5   Thumb Code   102  pdo.o(i.TPDO_Communication_Parameter_Callback)
    TimeDispatch                             0x0800235d   Thumb Code   144  timer.o(i.TimeDispatch)
    UsageFault_Handler                       0x08002501   Thumb Code     2  stm32f4xx_it.o(i.UsageFault_Handler)
    _RxPDO_EventTimers_Handler               0x08002503   Thumb Code     2  pdo.o(i._RxPDO_EventTimers_Handler)
    _getODentry                              0x08002525   Thumb Code   190  objacces.o(i._getODentry)
    _heartbeatError                          0x080025f1   Thumb Code     2  lifegrd.o(i._heartbeatError)
    _initialisation                          0x080025f3   Thumb Code     2  states.o(i._initialisation)
    _nodeguardError                          0x080025f5   Thumb Code     2  lifegrd.o(i._nodeguardError)
    _operational                             0x080025f7   Thumb Code     2  states.o(i._operational)
    _post_SlaveBootup                        0x080025f9   Thumb Code     2  lifegrd.o(i._post_SlaveBootup)
    _post_SlaveStateChange                   0x080025fb   Thumb Code     2  lifegrd.o(i._post_SlaveStateChange)
    _post_TPDO                               0x080025fd   Thumb Code     2  sync.o(i._post_TPDO)
    _post_emcy                               0x080025ff   Thumb Code     2  emcy.o(i._post_emcy)
    _post_sync                               0x08002601   Thumb Code     2  sync.o(i._post_sync)
    _preOperational                          0x08002603   Thumb Code    16  states.o(i._preOperational)
    _sendPDOevent                            0x08002613   Thumb Code   284  pdo.o(i._sendPDOevent)
    _stopped                                 0x0800272f   Thumb Code     2  states.o(i._stopped)
    _storeODSubIndex                         0x08002731   Thumb Code     2  objacces.o(i._storeODSubIndex)
    _sys_exit                                0x08002733   Thumb Code     2  usart.o(i._sys_exit)
    buildPDO                                 0x08002735   Thumb Code   214  pdo.o(i.buildPDO)
    canSend                                  0x0800280d   Thumb Code    78  can.o(i.canSend)
    canopen_init                             0x08002861   Thumb Code    84  co_slave.o(i.canopen_init)
    emergencyInit                            0x080028e1   Thumb Code    26  emcy.o(i.emergencyInit)
    emergencyStop                            0x08002901   Thumb Code     2  emcy.o(i.emergencyStop)
    fputc                                    0x08002905   Thumb Code    14  usart.o(i.fputc)
    getElapsedTime                           0x08002919   Thumb Code    18  can_timer.o(i.getElapsedTime)
    heartbeatInit                            0x08002931   Thumb Code   104  lifegrd.o(i.heartbeatInit)
    heartbeatStop                            0x080029a5   Thumb Code    54  lifegrd.o(i.heartbeatStop)
    initSDOline                              0x080029dd   Thumb Code   132  sdo.o(i.initSDOline)
    initTimer                                0x08002a65   Thumb Code     2  can_timer.o(i.initTimer)
    lifeGuardInit                            0x08002a67   Thumb Code    18  lifegrd.o(i.lifeGuardInit)
    lifeGuardStop                            0x08002a79   Thumb Code    18  lifegrd.o(i.lifeGuardStop)
    main                                     0x08002a8b   Thumb Code    34  main.o(i.main)
    masterSendNMTnodeguard                   0x08002ab9   Thumb Code    34  nmtmaster.o(i.masterSendNMTnodeguard)
    masterSendNMTstateChange                 0x08002adb   Thumb Code    38  nmtmaster.o(i.masterSendNMTstateChange)
    nodeguardInit                            0x08002b01   Thumb Code   106  lifegrd.o(i.nodeguardInit)
    nodeguardStop                            0x08002b75   Thumb Code    18  lifegrd.o(i.nodeguardStop)
    osDelay                                  0x08002b87   Thumb Code    14  cmsis_os.o(i.osDelay)
    osKernelStart                            0x08002b95   Thumb Code    10  cmsis_os.o(i.osKernelStart)
    osMutexCreate                            0x08002b9f   Thumb Code    16  cmsis_os.o(i.osMutexCreate)
    osSemaphoreCreate                        0x08002baf   Thumb Code    62  cmsis_os.o(i.osSemaphoreCreate)
    osThreadCreate                           0x08002bed   Thumb Code    84  cmsis_os.o(i.osThreadCreate)
    proceedSYNC                              0x08002c41   Thumb Code    40  sync.o(i.proceedSYNC)
    pvPortMalloc                             0x080030b9   Thumb Code   216  heap_4.o(i.pvPortMalloc)
    pxPortInitialiseStack                    0x08003195   Thumb Code    40  port.o(i.pxPortInitialiseStack)
    resetSDO                                 0x080031c1   Thumb Code    24  sdo.o(i.resetSDO)
    resetSDOline                             0x080031d9   Thumb Code    50  sdo.o(i.resetSDOline)
    scanIndexOD                              0x0800320b   Thumb Code    22  objacces.o(i.scanIndexOD)
    sendOnePDOevent                          0x08003221   Thumb Code   256  pdo.o(i.sendOnePDOevent)
    sendSDO                                  0x08003351   Thumb Code   120  sdo.o(i.sendSDO)
    sendSDOabort                             0x080033c9   Thumb Code    56  sdo.o(i.sendSDOabort)
    sendSYNC                                 0x08003401   Thumb Code    20  sync.o(i.sendSYNC)
    sendSYNCMessage                          0x08003415   Thumb Code    34  sync.o(i.sendSYNCMessage)
    setNodeId                                0x08003439   Thumb Code   302  states.o(i.setNodeId)
    setState                                 0x0800356d   Thumb Code   160  states.o(i.setState)
    setTimer                                 0x08003611   Thumb Code    20  can_timer.o(i.setTimer)
    slaveSendBootUp                          0x08003629   Thumb Code    42  nmtslave.o(i.slaveSendBootUp)
    startSYNC                                0x08003655   Thumb Code    96  sync.o(i.startSYNC)
    stopSYNC                                 0x080036bd   Thumb Code    44  sync.o(i.stopSYNC)
    switchCommunicationState                 0x080036e9   Thumb Code   234  states.o(i.switchCommunicationState)
    timerforCAN                              0x080037d5   Thumb Code    74  can_timer.o(i.timerforCAN)
    uxListRemove                             0x08003829   Thumb Code    38  list.o(i.uxListRemove)
    vApplicationGetIdleTaskMemory            0x08003851   Thumb Code    16  freertos.o(i.vApplicationGetIdleTaskMemory)
    vListInitialise                          0x08003865   Thumb Code    22  list.o(i.vListInitialise)
    vListInitialiseItem                      0x0800387b   Thumb Code     6  list.o(i.vListInitialiseItem)
    vListInsert                              0x08003881   Thumb Code    48  list.o(i.vListInsert)
    vListInsertEnd                           0x080038b1   Thumb Code    24  list.o(i.vListInsertEnd)
    vPortEnterCritical                       0x080038c9   Thumb Code    54  port.o(i.vPortEnterCritical)
    vPortExitCritical                        0x08003909   Thumb Code    34  port.o(i.vPortExitCritical)
    vPortFree                                0x08003931   Thumb Code    94  heap_4.o(i.vPortFree)
    vPortSetupTimerInterrupt                 0x08003995   Thumb Code    32  port.o(i.vPortSetupTimerInterrupt)
    vTaskDelay                               0x080039b9   Thumb Code    66  tasks.o(i.vTaskDelay)
    vTaskInternalSetTimeOutState             0x08003a05   Thumb Code    12  tasks.o(i.vTaskInternalSetTimeOutState)
    vTaskMissedYield                         0x08003a15   Thumb Code     8  tasks.o(i.vTaskMissedYield)
    vTaskPlaceOnEventList                    0x08003a21   Thumb Code    44  tasks.o(i.vTaskPlaceOnEventList)
    vTaskStartScheduler                      0x08003a51   Thumb Code    90  tasks.o(i.vTaskStartScheduler)
    vTaskSuspendAll                          0x08003abd   Thumb Code    10  tasks.o(i.vTaskSuspendAll)
    vTaskSwitchContext                       0x08003acd   Thumb Code    82  tasks.o(i.vTaskSwitchContext)
    xPortStartScheduler                      0x08003b29   Thumb Code   222  port.o(i.xPortStartScheduler)
    xQueueCreateMutex                        0x08003c1d   Thumb Code    22  queue.o(i.xQueueCreateMutex)
    xQueueCreateMutexStatic                  0x08003c33   Thumb Code    26  queue.o(i.xQueueCreateMutexStatic)
    xQueueGenericCreate                      0x08003c4d   Thumb Code    66  queue.o(i.xQueueGenericCreate)
    xQueueGenericCreateStatic                0x08003c8f   Thumb Code   102  queue.o(i.xQueueGenericCreateStatic)
    xQueueGenericReset                       0x08003cf5   Thumb Code   132  queue.o(i.xQueueGenericReset)
    xQueueGenericSend                        0x08003d7d   Thumb Code   346  queue.o(i.xQueueGenericSend)
    xTaskCheckForTimeOut                     0x08003edd   Thumb Code   112  tasks.o(i.xTaskCheckForTimeOut)
    xTaskCreate                              0x08003f51   Thumb Code    90  tasks.o(i.xTaskCreate)
    xTaskCreateStatic                        0x08003fab   Thumb Code    86  tasks.o(i.xTaskCreateStatic)
    xTaskGetSchedulerState                   0x08004001   Thumb Code    22  tasks.o(i.xTaskGetSchedulerState)
    xTaskIncrementTick                       0x0800401d   Thumb Code   194  tasks.o(i.xTaskIncrementTick)
    xTaskPriorityDisinherit                  0x080040e9   Thumb Code   144  tasks.o(i.xTaskPriorityDisinherit)
    xTaskRemoveFromEventList                 0x08004181   Thumb Code   108  tasks.o(i.xTaskRemoveFromEventList)
    xTaskResumeAll                           0x080041f5   Thumb Code   182  tasks.o(i.xTaskResumeAll)
    _fp_init                                 0x080042b9   Thumb Code    10  fpinit.o(x$fpl$fpinit)
    __fplib_config_fpu_vfp                   0x080042c1   Thumb Code     0  fpinit.o(x$fpl$fpinit)
    __fplib_config_pureend_doubles           0x080042c1   Thumb Code     0  fpinit.o(x$fpl$fpinit)
    SillySlave_iam_a_slave                   0x080042c2   Data           1  sillyslave.o(.constdata)
    SillySlave_objdict                       0x080042c4   Data          80  sillyslave.o(.constdata)
    SillySlave_firstIndex                    0x08004314   Data          12  sillyslave.o(.constdata)
    SillySlave_lastIndex                     0x08004320   Data          12  sillyslave.o(.constdata)
    SillySlave_ObjdictSize                   0x0800432c   Data           2  sillyslave.o(.constdata)
    AHBPrescTable                            0x08004368   Data          16  system_stm32f4xx.o(.constdata)
    APBPrescTable                            0x08004378   Data           8  system_stm32f4xx.o(.constdata)
    Region$$Table$$Base                      0x080043d4   Number         0  anon$$obj.o(Region$$Table)
    Region$$Table$$Limit                     0x080043f4   Number         0  anon$$obj.o(Region$$Table)
    OD_Data                                  0x20000000   Data           4  co_slave.o(.data)
    LifeSignal                               0x20000004   Data           1  sillyslave.o(.data)
    SillySlave_bDeviceNodeId                 0x20000005   Data           1  sillyslave.o(.data)
    SillySlave_obj1000                       0x20000008   Data           4  sillyslave.o(.data)
    SillySlave_Index1000                     0x2000000c   Data          12  sillyslave.o(.data)
    SillySlave_obj1001                       0x20000018   Data           1  sillyslave.o(.data)
    SillySlave_Index1001                     0x2000001c   Data          12  sillyslave.o(.data)
    SillySlave_highestSubIndex_obj1003       0x20000028   Data           1  sillyslave.o(.data)
    SillySlave_obj1003                       0x2000002c   Data           4  sillyslave.o(.data)
    SillySlave_obj1005                       0x20000030   Data           4  sillyslave.o(.data)
    SillySlave_obj1006                       0x20000034   Data           4  sillyslave.o(.data)
    SillySlave_obj100C                       0x20000038   Data           2  sillyslave.o(.data)
    SillySlave_obj100D                       0x2000003a   Data           1  sillyslave.o(.data)
    SillySlave_obj1012                       0x2000003c   Data           4  sillyslave.o(.data)
    SillySlave_Index1012                     0x20000040   Data          12  sillyslave.o(.data)
    SillySlave_obj1013                       0x2000004c   Data           4  sillyslave.o(.data)
    SillySlave_Index1013                     0x20000050   Data          12  sillyslave.o(.data)
    SillySlave_obj1014                       0x2000005c   Data           4  sillyslave.o(.data)
    SillySlave_highestSubIndex_obj1016       0x20000060   Data           1  sillyslave.o(.data)
    SillySlave_obj1016                       0x20000064   Data           4  sillyslave.o(.data)
    SillySlave_obj1017                       0x20000068   Data           2  sillyslave.o(.data)
    SillySlave_Index1017_callbacks           0x2000006c   Data           4  sillyslave.o(.data)
    SillySlave_Index1017                     0x20000070   Data          12  sillyslave.o(.data)
    SillySlave_highestSubIndex_obj1018       0x2000007c   Data           1  sillyslave.o(.data)
    SillySlave_obj1018_Vendor_ID             0x20000080   Data           4  sillyslave.o(.data)
    SillySlave_obj1018_Product_Code          0x20000084   Data           4  sillyslave.o(.data)
    SillySlave_obj1018_Revision_Number       0x20000088   Data           4  sillyslave.o(.data)
    SillySlave_obj1018_Serial_Number         0x2000008c   Data           4  sillyslave.o(.data)
    SillySlave_Index1018                     0x20000090   Data          60  sillyslave.o(.data)
    SillySlave_highestSubIndex_obj1200       0x200000cc   Data           1  sillyslave.o(.data)
    SillySlave_obj1200_COB_ID_Client_to_Server_Receive_SDO 0x200000d0   Data           4  sillyslave.o(.data)
    SillySlave_obj1200_COB_ID_Server_to_Client_Transmit_SDO 0x200000d4   Data           4  sillyslave.o(.data)
    SillySlave_Index1200                     0x200000d8   Data          36  sillyslave.o(.data)
    SillySlave_highestSubIndex_obj1800       0x200000fc   Data           1  sillyslave.o(.data)
    SillySlave_obj1800_COB_ID_used_by_PDO    0x20000100   Data           4  sillyslave.o(.data)
    SillySlave_obj1800_Transmission_Type     0x20000104   Data           1  sillyslave.o(.data)
    SillySlave_obj1800_Inhibit_Time          0x20000106   Data           2  sillyslave.o(.data)
    SillySlave_obj1800_Compatibility_Entry   0x20000108   Data           1  sillyslave.o(.data)
    SillySlave_obj1800_Event_Timer           0x2000010a   Data           2  sillyslave.o(.data)
    SillySlave_Index1800                     0x2000010c   Data          72  sillyslave.o(.data)
    SillySlave_highestSubIndex_obj1A00       0x20000154   Data           1  sillyslave.o(.data)
    SillySlave_obj1A00                       0x20000158   Data           4  sillyslave.o(.data)
    SillySlave_Index1A00                     0x2000015c   Data          24  sillyslave.o(.data)
    SillySlave_Index2001                     0x20000174   Data          12  sillyslave.o(.data)
    SillySlave_PDO_status                    0x20000180   Data          18  sillyslave.o(.data)
    SillySlave_Data                          0x20000194   Data         572  sillyslave.o(.data)
    SillySlave_heartBeatTimers               0x200003d0   Data           2  sillyslave.o(.data)
    count                                    0x200003d4   Data           2  can_timer.o(.data)
    TimeCNT                                  0x200003d8   Data           4  can_timer.o(.data)
    NextTime                                 0x200003dc   Data           4  can_timer.o(.data)
    TIMER_MAX_COUNT                          0x200003e0   Data           4  can_timer.o(.data)
    last_time_set                            0x200003e4   Data           4  can_timer.o(.data)
    defaultTaskHandle                        0x200003e8   Data           4  freertos.o(.data)
    CANTaskHandle                            0x200003ec   Data           4  freertos.o(.data)
    canfstvl_mutexHandle                     0x200003f0   Data           4  freertos.o(.data)
    canfstvl_timer_semHandle                 0x200003f4   Data           4  freertos.o(.data)
    __stdout                                 0x200003f8   Data           4  usart.o(.data)
    uwTickFreq                               0x200003fc   Data           1  stm32f4xx_hal.o(.data)
    uwTickPrio                               0x20000400   Data           4  stm32f4xx_hal.o(.data)
    uwTick                                   0x20000404   Data           4  stm32f4xx_hal.o(.data)
    SystemCoreClock                          0x20000408   Data           4  system_stm32f4xx.o(.data)
    pxCurrentTCB                             0x2000040c   Data           4  tasks.o(.data)
    last_timer_raw                           0x20000474   Data           2  timer.o(.data)
    total_sleep_time                         0x20000478   Data           4  timer.o(.data)
    SillySlave_Index1200_callbacks           0x2000047c   Data          12  sillyslave.o(.bss)
    SillySlave_Index1800_callbacks           0x20000488   Data          24  sillyslave.o(.bss)
    TxHeader                                 0x200006f4   Data          24  can.o(.bss)
    hcan1                                    0x2000070c   Data          40  can.o(.bss)
    htim13                                   0x20000734   Data          72  tim.o(.bss)
    huart1                                   0x2000077c   Data          68  usart.o(.bss)
    htim1                                    0x200007c0   Data          72  stm32f4xx_hal_timebase_tim.o(.bss)
    timers                                   0x200044f8   Data         192  timer.o(.bss)
    __libspace_start                         0x200045b8   Data          96  libspace.o(.bss)
    __temporary_stack_top$libspace           0x20004618   Data           0  libspace.o(.bss)



==============================================================================

Memory Map of the image

  Image Entry point : 0x08000189

  Load Region LR_IROM1 (Base: 0x08000000, Size: 0x00004870, Max: 0x00100000, ABSOLUTE, COMPRESSED[0x0000453c])

    Execution Region ER_IROM1 (Exec base: 0x08000000, Load base: 0x08000000, Size: 0x000043f4, Max: 0x00100000, ABSOLUTE)

    Exec Addr    Load Addr    Size         Type   Attr      Idx    E Section Name        Object

    0x08000000   0x08000000   0x00000188   Data   RO            3    RESET               startup_stm32f407xx.o
    0x08000188   0x08000188   0x00000008   Code   RO         5836  * !!!main             c_w.l(__main.o)
    0x08000190   0x08000190   0x00000034   Code   RO         6015    !!!scatter          c_w.l(__scatter.o)
    0x080001c4   0x080001c4   0x0000005a   Code   RO         6013    !!dczerorl2         c_w.l(__dczerorl2.o)
    0x0800021e   0x0800021e   0x00000002   PAD
    0x08000220   0x08000220   0x0000001c   Code   RO         6017    !!handler_zi        c_w.l(__scatter_zi.o)
    0x0800023c   0x0800023c   0x00000002   Code   RO         5887    .ARM.Collect$$libinit$$00000000  c_w.l(libinit.o)
    0x0800023e   0x0800023e   0x00000004   Code   RO         5899    .ARM.Collect$$libinit$$00000001  c_w.l(libinit2.o)
    0x08000242   0x08000242   0x00000000   Code   RO         5902    .ARM.Collect$$libinit$$00000004  c_w.l(libinit2.o)
    0x08000242   0x08000242   0x00000000   Code   RO         5905    .ARM.Collect$$libinit$$0000000A  c_w.l(libinit2.o)
    0x08000242   0x08000242   0x00000000   Code   RO         5907    .ARM.Collect$$libinit$$0000000C  c_w.l(libinit2.o)
    0x08000242   0x08000242   0x00000000   Code   RO         5909    .ARM.Collect$$libinit$$0000000E  c_w.l(libinit2.o)
    0x08000242   0x08000242   0x00000000   Code   RO         5912    .ARM.Collect$$libinit$$00000011  c_w.l(libinit2.o)
    0x08000242   0x08000242   0x00000000   Code   RO         5914    .ARM.Collect$$libinit$$00000013  c_w.l(libinit2.o)
    0x08000242   0x08000242   0x00000000   Code   RO         5916    .ARM.Collect$$libinit$$00000015  c_w.l(libinit2.o)
    0x08000242   0x08000242   0x00000000   Code   RO         5918    .ARM.Collect$$libinit$$00000017  c_w.l(libinit2.o)
    0x08000242   0x08000242   0x00000000   Code   RO         5920    .ARM.Collect$$libinit$$00000019  c_w.l(libinit2.o)
    0x08000242   0x08000242   0x00000000   Code   RO         5922    .ARM.Collect$$libinit$$0000001B  c_w.l(libinit2.o)
    0x08000242   0x08000242   0x00000000   Code   RO         5924    .ARM.Collect$$libinit$$0000001D  c_w.l(libinit2.o)
    0x08000242   0x08000242   0x00000000   Code   RO         5926    .ARM.Collect$$libinit$$0000001F  c_w.l(libinit2.o)
    0x08000242   0x08000242   0x00000000   Code   RO         5928    .ARM.Collect$$libinit$$00000021  c_w.l(libinit2.o)
    0x08000242   0x08000242   0x00000000   Code   RO         5930    .ARM.Collect$$libinit$$00000023  c_w.l(libinit2.o)
    0x08000242   0x08000242   0x00000000   Code   RO         5932    .ARM.Collect$$libinit$$00000025  c_w.l(libinit2.o)
    0x08000242   0x08000242   0x00000000   Code   RO         5936    .ARM.Collect$$libinit$$0000002C  c_w.l(libinit2.o)
    0x08000242   0x08000242   0x00000000   Code   RO         5938    .ARM.Collect$$libinit$$0000002E  c_w.l(libinit2.o)
    0x08000242   0x08000242   0x00000000   Code   RO         5940    .ARM.Collect$$libinit$$00000030  c_w.l(libinit2.o)
    0x08000242   0x08000242   0x00000000   Code   RO         5942    .ARM.Collect$$libinit$$00000032  c_w.l(libinit2.o)
    0x08000242   0x08000242   0x00000002   Code   RO         5943    .ARM.Collect$$libinit$$00000033  c_w.l(libinit2.o)
    0x08000244   0x08000244   0x00000002   Code   RO         5969    .ARM.Collect$$libshutdown$$00000000  c_w.l(libshutdown.o)
    0x08000246   0x08000246   0x00000000   Code   RO         5996    .ARM.Collect$$libshutdown$$00000002  c_w.l(libshutdown2.o)
    0x08000246   0x08000246   0x00000000   Code   RO         5998    .ARM.Collect$$libshutdown$$00000004  c_w.l(libshutdown2.o)
    0x08000246   0x08000246   0x00000000   Code   RO         6001    .ARM.Collect$$libshutdown$$00000007  c_w.l(libshutdown2.o)
    0x08000246   0x08000246   0x00000000   Code   RO         6004    .ARM.Collect$$libshutdown$$0000000A  c_w.l(libshutdown2.o)
    0x08000246   0x08000246   0x00000000   Code   RO         6006    .ARM.Collect$$libshutdown$$0000000C  c_w.l(libshutdown2.o)
    0x08000246   0x08000246   0x00000000   Code   RO         6009    .ARM.Collect$$libshutdown$$0000000F  c_w.l(libshutdown2.o)
    0x08000246   0x08000246   0x00000002   Code   RO         6010    .ARM.Collect$$libshutdown$$00000010  c_w.l(libshutdown2.o)
    0x08000248   0x08000248   0x00000000   Code   RO         5840    .ARM.Collect$$rtentry$$00000000  c_w.l(__rtentry.o)
    0x08000248   0x08000248   0x00000000   Code   RO         5850    .ARM.Collect$$rtentry$$00000002  c_w.l(__rtentry2.o)
    0x08000248   0x08000248   0x00000006   Code   RO         5862    .ARM.Collect$$rtentry$$00000004  c_w.l(__rtentry4.o)
    0x0800024e   0x0800024e   0x00000000   Code   RO         5852    .ARM.Collect$$rtentry$$00000009  c_w.l(__rtentry2.o)
    0x0800024e   0x0800024e   0x00000004   Code   RO         5853    .ARM.Collect$$rtentry$$0000000A  c_w.l(__rtentry2.o)
    0x08000252   0x08000252   0x00000000   Code   RO         5855    .ARM.Collect$$rtentry$$0000000C  c_w.l(__rtentry2.o)
    0x08000252   0x08000252   0x00000008   Code   RO         5856    .ARM.Collect$$rtentry$$0000000D  c_w.l(__rtentry2.o)
    0x0800025a   0x0800025a   0x00000002   Code   RO         5891    .ARM.Collect$$rtexit$$00000000  c_w.l(rtexit.o)
    0x0800025c   0x0800025c   0x00000000   Code   RO         5945    .ARM.Collect$$rtexit$$00000002  c_w.l(rtexit2.o)
    0x0800025c   0x0800025c   0x00000004   Code   RO         5946    .ARM.Collect$$rtexit$$00000003  c_w.l(rtexit2.o)
    0x08000260   0x08000260   0x00000006   Code   RO         5947    .ARM.Collect$$rtexit$$00000004  c_w.l(rtexit2.o)
    0x08000266   0x08000266   0x00000002   PAD
    0x08000268   0x08000268   0x000000be   Code   RO         4842    .emb_text           port.o
    0x08000326   0x08000326   0x00000002   PAD
    0x08000328   0x08000328   0x00000040   Code   RO            4    .text               startup_stm32f407xx.o
    0x08000368   0x08000368   0x00000002   Code   RO         5816    .text               c_w.l(use_no_semi_2.o)
    0x0800036a   0x0800036a   0x000000ee   Code   RO         5818    .text               c_w.l(lludivv7m.o)
    0x08000458   0x08000458   0x00000018   Code   RO         5822    .text               c_w.l(noretval__2printf.o)
    0x08000470   0x08000470   0x00000058   Code   RO         5824    .text               c_w.l(memcmp.o)
    0x080004c8   0x080004c8   0x0000008a   Code   RO         5826    .text               c_w.l(rt_memcpy_v6.o)
    0x08000552   0x08000552   0x00000064   Code   RO         5828    .text               c_w.l(rt_memcpy_w.o)
    0x080005b6   0x080005b6   0x0000004e   Code   RO         5832    .text               c_w.l(rt_memclr_w.o)
    0x08000604   0x08000604   0x00000006   Code   RO         5834    .text               c_w.l(heapauxi.o)
    0x0800060a   0x0800060a   0x00000002   Code   RO         5838    .text               c_w.l(use_no_semi.o)
    0x0800060c   0x0800060c   0x00000024   Code   RO         5845    .text               c_w.l(_printf_char_file.o)
    0x08000630   0x08000630   0x00000030   Code   RO         5866    .text               c_w.l(_printf_char_common.o)
    0x08000660   0x08000660   0x00000008   Code   RO         5868    .text               c_w.l(ferror.o)
    0x08000668   0x08000668   0x0000004a   Code   RO         5872    .text               c_w.l(sys_stackheap_outer.o)
    0x080006b2   0x080006b2   0x00000028   Code   RO         5874    .text               c_w.l(__printf_nopercent.o)
    0x080006da   0x080006da   0x00000012   Code   RO         5876    .text               c_w.l(exit.o)
    0x080006ec   0x080006ec   0x00000008   Code   RO         5888    .text               c_w.l(libspace.o)
    0x080006f4   0x080006f4   0x00000002   Code   RO          752    i.BusFault_Handler  stm32f4xx_it.o
    0x080006f6   0x080006f6   0x00000002   PAD
    0x080006f8   0x080006f8   0x0000000c   Code   RO          753    i.CAN1_RX0_IRQHandler  stm32f4xx_it.o
    0x08000704   0x08000704   0x00000060   Code   RO          591    i.CAN_Config        can.o
    0x08000764   0x08000764   0x00000014   Code   RO          534    i.CANprocess_thread  freertos.o
    0x08000778   0x08000778   0x00000002   Code   RO           13    i.CO_slave_heartbeatError  co_slave.o
    0x0800077a   0x0800077a   0x00000002   PAD
    0x0800077c   0x0800077c   0x0000000c   Code   RO           14    i.CO_slave_initialisation  co_slave.o
    0x08000788   0x08000788   0x00000020   Code   RO           15    i.CO_slave_operational  co_slave.o
    0x080007a8   0x080007a8   0x00000002   Code   RO           16    i.CO_slave_post_TPDO  co_slave.o
    0x080007aa   0x080007aa   0x00000002   Code   RO           17    i.CO_slave_post_emcy  co_slave.o
    0x080007ac   0x080007ac   0x00000002   Code   RO           18    i.CO_slave_post_sync  co_slave.o
    0x080007ae   0x080007ae   0x00000002   PAD
    0x080007b0   0x080007b0   0x00000024   Code   RO           19    i.CO_slave_preOperational  co_slave.o
    0x080007d4   0x080007d4   0x0000001c   Code   RO           20    i.CO_slave_stopped  co_slave.o
    0x080007f0   0x080007f0   0x00000004   Code   RO           21    i.CO_slave_storeODSubIndex  co_slave.o
    0x080007f4   0x080007f4   0x0000002c   Code   RO         5065    i.ConsumerHeartbeatAlarm  lifegrd.o
    0x08000820   0x08000820   0x000000a0   Code   RO         5326    i.CopyBits          pdo.o
    0x080008c0   0x080008c0   0x00000002   Code   RO          754    i.DebugMon_Handler  stm32f4xx_it.o
    0x080008c2   0x080008c2   0x00000002   PAD
    0x080008c4   0x080008c4   0x0000002c   Code   RO         5773    i.DelAlarm          timer.o
    0x080008f0   0x080008f0   0x00000004   Code   RO          409    i.Error_Handler     main.o
    0x080008f4   0x080008f4   0x00000062   Code   RO         5066    i.GuardTimeAlarm    lifegrd.o
    0x08000956   0x08000956   0x00000024   Code   RO          898    i.HAL_CAN_ActivateNotification  stm32f4xx_hal_can.o
    0x0800097a   0x0800097a   0x000000c8   Code   RO          899    i.HAL_CAN_AddTxMessage  stm32f4xx_hal_can.o
    0x08000a42   0x08000a42   0x00000002   PAD
    0x08000a44   0x08000a44   0x0000010c   Code   RO          900    i.HAL_CAN_ConfigFilter  stm32f4xx_hal_can.o
    0x08000b50   0x08000b50   0x00000002   Code   RO          903    i.HAL_CAN_ErrorCallback  stm32f4xx_hal_can.o
    0x08000b52   0x08000b52   0x0000002c   Code   RO          908    i.HAL_CAN_GetTxMailboxesFreeLevel  stm32f4xx_hal_can.o
    0x08000b7e   0x08000b7e   0x000001fc   Code   RO          910    i.HAL_CAN_IRQHandler  stm32f4xx_hal_can.o
    0x08000d7a   0x08000d7a   0x0000011a   Code   RO          911    i.HAL_CAN_Init      stm32f4xx_hal_can.o
    0x08000e94   0x08000e94   0x0000007c   Code   RO          593    i.HAL_CAN_MspInit   can.o
    0x08000f10   0x08000f10   0x00000002   Code   RO          918    i.HAL_CAN_RxFifo0FullCallback  stm32f4xx_hal_can.o
    0x08000f12   0x08000f12   0x00000002   Code   RO          919    i.HAL_CAN_RxFifo0MsgPendingCallback  stm32f4xx_hal_can.o
    0x08000f14   0x08000f14   0x00000002   Code   RO          920    i.HAL_CAN_RxFifo1FullCallback  stm32f4xx_hal_can.o
    0x08000f16   0x08000f16   0x00000002   Code   RO          921    i.HAL_CAN_RxFifo1MsgPendingCallback  stm32f4xx_hal_can.o
    0x08000f18   0x08000f18   0x00000002   Code   RO          922    i.HAL_CAN_SleepCallback  stm32f4xx_hal_can.o
    0x08000f1a   0x08000f1a   0x00000002   PAD
    0x08000f1c   0x08000f1c   0x00000058   Code   RO          923    i.HAL_CAN_Start     stm32f4xx_hal_can.o
    0x08000f74   0x08000f74   0x00000002   Code   RO          925    i.HAL_CAN_TxMailbox0AbortCallback  stm32f4xx_hal_can.o
    0x08000f76   0x08000f76   0x00000002   Code   RO          926    i.HAL_CAN_TxMailbox0CompleteCallback  stm32f4xx_hal_can.o
    0x08000f78   0x08000f78   0x00000002   Code   RO          927    i.HAL_CAN_TxMailbox1AbortCallback  stm32f4xx_hal_can.o
    0x08000f7a   0x08000f7a   0x00000002   Code   RO          928    i.HAL_CAN_TxMailbox1CompleteCallback  stm32f4xx_hal_can.o
    0x08000f7c   0x08000f7c   0x00000002   Code   RO          929    i.HAL_CAN_TxMailbox2AbortCallback  stm32f4xx_hal_can.o
    0x08000f7e   0x08000f7e   0x00000002   Code   RO          930    i.HAL_CAN_TxMailbox2CompleteCallback  stm32f4xx_hal_can.o
    0x08000f80   0x08000f80   0x00000002   Code   RO          932    i.HAL_CAN_WakeUpFromRxMsgCallback  stm32f4xx_hal_can.o
    0x08000f82   0x08000f82   0x00000002   PAD
    0x08000f84   0x08000f84   0x000001f0   Code   RO         1486    i.HAL_GPIO_Init     stm32f4xx_hal_gpio.o
    0x08001174   0x08001174   0x0000000a   Code   RO         1490    i.HAL_GPIO_WritePin  stm32f4xx_hal_gpio.o
    0x0800117e   0x0800117e   0x00000002   PAD
    0x08001180   0x08001180   0x0000000c   Code   RO         2018    i.HAL_GetTick       stm32f4xx_hal.o
    0x0800118c   0x0800118c   0x00000010   Code   RO         2024    i.HAL_IncTick       stm32f4xx_hal.o
    0x0800119c   0x0800119c   0x00000034   Code   RO         2025    i.HAL_Init          stm32f4xx_hal.o
    0x080011d0   0x080011d0   0x00000074   Code   RO          858    i.HAL_InitTick      stm32f4xx_hal_timebase_tim.o
    0x08001244   0x08001244   0x0000004c   Code   RO          834    i.HAL_MspInit       stm32f4xx_hal_msp.o
    0x08001290   0x08001290   0x0000001a   Code   RO         1875    i.HAL_NVIC_EnableIRQ  stm32f4xx_hal_cortex.o
    0x080012aa   0x080012aa   0x00000002   PAD
    0x080012ac   0x080012ac   0x00000040   Code   RO         1881    i.HAL_NVIC_SetPriority  stm32f4xx_hal_cortex.o
    0x080012ec   0x080012ec   0x00000024   Code   RO         1882    i.HAL_NVIC_SetPriorityGrouping  stm32f4xx_hal_cortex.o
    0x08001310   0x08001310   0x00000134   Code   RO         1132    i.HAL_RCC_ClockConfig  stm32f4xx_hal_rcc.o
    0x08001444   0x08001444   0x00000040   Code   RO         1136    i.HAL_RCC_GetClockConfig  stm32f4xx_hal_rcc.o
    0x08001484   0x08001484   0x00000020   Code   RO         1139    i.HAL_RCC_GetPCLK1Freq  stm32f4xx_hal_rcc.o
    0x080014a4   0x080014a4   0x00000020   Code   RO         1140    i.HAL_RCC_GetPCLK2Freq  stm32f4xx_hal_rcc.o
    0x080014c4   0x080014c4   0x00000060   Code   RO         1141    i.HAL_RCC_GetSysClockFreq  stm32f4xx_hal_rcc.o
    0x08001524   0x08001524   0x0000036c   Code   RO         1144    i.HAL_RCC_OscConfig  stm32f4xx_hal_rcc.o
    0x08001890   0x08001890   0x00000002   Code   RO         2969    i.HAL_TIMEx_BreakCallback  stm32f4xx_hal_tim_ex.o
    0x08001892   0x08001892   0x00000002   Code   RO         2970    i.HAL_TIMEx_CommutCallback  stm32f4xx_hal_tim_ex.o
    0x08001894   0x08001894   0x0000005a   Code   RO         2265    i.HAL_TIM_Base_Init  stm32f4xx_hal_tim.o
    0x080018ee   0x080018ee   0x00000002   PAD
    0x080018f0   0x080018f0   0x0000003c   Code   RO          652    i.HAL_TIM_Base_MspInit  tim.o
    0x0800192c   0x0800192c   0x00000080   Code   RO         2270    i.HAL_TIM_Base_Start_IT  stm32f4xx_hal_tim.o
    0x080019ac   0x080019ac   0x00000002   Code   RO         2299    i.HAL_TIM_IC_CaptureCallback  stm32f4xx_hal_tim.o
    0x080019ae   0x080019ae   0x00000166   Code   RO         2313    i.HAL_TIM_IRQHandler  stm32f4xx_hal_tim.o
    0x08001b14   0x08001b14   0x00000002   Code   RO         2316    i.HAL_TIM_OC_DelayElapsedCallback  stm32f4xx_hal_tim.o
    0x08001b16   0x08001b16   0x00000002   Code   RO         2343    i.HAL_TIM_PWM_PulseFinishedCallback  stm32f4xx_hal_tim.o
    0x08001b18   0x08001b18   0x0000002c   Code   RO          410    i.HAL_TIM_PeriodElapsedCallback  main.o
    0x08001b44   0x08001b44   0x00000002   Code   RO         2356    i.HAL_TIM_TriggerCallback  stm32f4xx_hal_tim.o
    0x08001b46   0x08001b46   0x00000062   Code   RO         3265    i.HAL_UART_Init     stm32f4xx_hal_uart.o
    0x08001ba8   0x08001ba8   0x0000006c   Code   RO          694    i.HAL_UART_MspInit  usart.o
    0x08001c14   0x08001c14   0x00000002   Code   RO          755    i.HardFault_Handler  stm32f4xx_it.o
    0x08001c16   0x08001c16   0x00000002   PAD
    0x08001c18   0x08001c18   0x00000048   Code   RO          594    i.MX_CAN1_Init      can.o
    0x08001c60   0x08001c60   0x00000058   Code   RO          535    i.MX_FREERTOS_Init  freertos.o
    0x08001cb8   0x08001cb8   0x00000070   Code   RO          510    i.MX_GPIO_Init      gpio.o
    0x08001d28   0x08001d28   0x00000034   Code   RO          653    i.MX_TIM13_Init     tim.o
    0x08001d5c   0x08001d5c   0x00000038   Code   RO          695    i.MX_USART1_UART_Init  usart.o
    0x08001d94   0x08001d94   0x00000002   Code   RO          756    i.MemManage_Handler  stm32f4xx_it.o
    0x08001d96   0x08001d96   0x00000002   Code   RO          757    i.NMI_Handler       stm32f4xx_it.o
    0x08001d98   0x08001d98   0x0000000a   Code   RO         5704    i.OnCOB_ID_SyncUpdate  sync.o
    0x08001da2   0x08001da2   0x00000012   Code   RO         5067    i.OnHeartbeatProducerUpdate  lifegrd.o
    0x08001db4   0x08001db4   0x00000012   Code   RO         5068    i.OnNodeGuardUpdate  lifegrd.o
    0x08001dc6   0x08001dc6   0x00000002   PAD
    0x08001dc8   0x08001dc8   0x00000028   Code   RO         5001    i.OnNumberOfErrorsUpdate  emcy.o
    0x08001df0   0x08001df0   0x00000028   Code   RO         5327    i.PDOEventTimerAlarm  pdo.o
    0x08001e18   0x08001e18   0x0000002a   Code   RO         5328    i.PDOInhibitTimerAlarm  pdo.o
    0x08001e42   0x08001e42   0x00000002   PAD
    0x08001e44   0x08001e44   0x00000058   Code   RO         5329    i.PDOInit           pdo.o
    0x08001e9c   0x08001e9c   0x00000068   Code   RO         5330    i.PDOStop           pdo.o
    0x08001f04   0x08001f04   0x00000044   Code   RO         5069    i.ProducerHeartbeatAlarm  lifegrd.o
    0x08001f48   0x08001f48   0x00000002   Code   RO          758    i.RCC_IRQHandler    stm32f4xx_it.o
    0x08001f4a   0x08001f4a   0x00000024   Code   RO         5272    i.RegisterSetODentryCallBack  objacces.o
    0x08001f6e   0x08001f6e   0x00000002   PAD
    0x08001f70   0x08001f70   0x0000007c   Code   RO         5428    i.SDOTimeoutAlarm   sdo.o
    0x08001fec   0x08001fec   0x00000090   Code   RO         5774    i.SetAlarm          timer.o
    0x0800207c   0x0800207c   0x000000a8   Code   RO          271    i.SillySlave_scanIndexOD  sillyslave.o
    0x08002124   0x08002124   0x00000014   Code   RO          272    i.SillySlave_valueRangeTest  sillyslave.o
    0x08002138   0x08002138   0x0000000c   Code   RO          536    i.StartDefaultTask  freertos.o
    0x08002144   0x08002144   0x00000004   Code   RO         5705    i.SyncAlarm         sync.o
    0x08002148   0x08002148   0x0000002c   Code   RO         4843    i.SysTick_Handler   port.o
    0x08002174   0x08002174   0x00000090   Code   RO          411    i.SystemClock_Config  main.o
    0x08002204   0x08002204   0x00000010   Code   RO         3594    i.SystemInit        system_stm32f4xx.o
    0x08002214   0x08002214   0x0000000c   Code   RO          759    i.TIM1_UP_TIM10_IRQHandler  stm32f4xx_it.o
    0x08002220   0x08002220   0x0000000c   Code   RO          760    i.TIM8_UP_TIM13_IRQHandler  stm32f4xx_it.o
    0x0800222c   0x0800222c   0x000000c8   Code   RO         2358    i.TIM_Base_SetConfig  stm32f4xx_hal_tim.o
    0x080022f4   0x080022f4   0x00000066   Code   RO         5331    i.TPDO_Communication_Parameter_Callback  pdo.o
    0x0800235a   0x0800235a   0x00000002   PAD
    0x0800235c   0x0800235c   0x00000098   Code   RO         5775    i.TimeDispatch      timer.o
    0x080023f4   0x080023f4   0x0000010c   Code   RO         3291    i.UART_SetConfig    stm32f4xx_hal_uart.o
    0x08002500   0x08002500   0x00000002   Code   RO          761    i.UsageFault_Handler  stm32f4xx_it.o
    0x08002502   0x08002502   0x00000002   Code   RO         5332    i._RxPDO_EventTimers_Handler  pdo.o
    0x08002504   0x08002504   0x00000020   Code   RO         1888    i.__NVIC_SetPriority  stm32f4xx_hal_cortex.o
    0x08002524   0x08002524   0x000000cc   Code   RO         5273    i._getODentry       objacces.o
    0x080025f0   0x080025f0   0x00000002   Code   RO         5070    i._heartbeatError   lifegrd.o
    0x080025f2   0x080025f2   0x00000002   Code   RO         5625    i._initialisation   states.o
    0x080025f4   0x080025f4   0x00000002   Code   RO         5071    i._nodeguardError   lifegrd.o
    0x080025f6   0x080025f6   0x00000002   Code   RO         5626    i._operational      states.o
    0x080025f8   0x080025f8   0x00000002   Code   RO         5072    i._post_SlaveBootup  lifegrd.o
    0x080025fa   0x080025fa   0x00000002   Code   RO         5073    i._post_SlaveStateChange  lifegrd.o
    0x080025fc   0x080025fc   0x00000002   Code   RO         5706    i._post_TPDO        sync.o
    0x080025fe   0x080025fe   0x00000002   Code   RO         5002    i._post_emcy        emcy.o
    0x08002600   0x08002600   0x00000002   Code   RO         5707    i._post_sync        sync.o
    0x08002602   0x08002602   0x00000010   Code   RO         5627    i._preOperational   states.o
    0x08002612   0x08002612   0x0000011c   Code   RO         5333    i._sendPDOevent     pdo.o
    0x0800272e   0x0800272e   0x00000002   Code   RO         5628    i._stopped          states.o
    0x08002730   0x08002730   0x00000002   Code   RO         5275    i._storeODSubIndex  objacces.o
    0x08002732   0x08002732   0x00000002   Code   RO          696    i._sys_exit         usart.o
    0x08002734   0x08002734   0x000000d6   Code   RO         5334    i.buildPDO          pdo.o
    0x0800280a   0x0800280a   0x00000002   PAD
    0x0800280c   0x0800280c   0x00000054   Code   RO          595    i.canSend           can.o
    0x08002860   0x08002860   0x00000080   Code   RO           22    i.canopen_init      co_slave.o
    0x080028e0   0x080028e0   0x00000020   Code   RO         5003    i.emergencyInit     emcy.o
    0x08002900   0x08002900   0x00000002   Code   RO         5004    i.emergencyStop     emcy.o
    0x08002902   0x08002902   0x00000002   PAD
    0x08002904   0x08002904   0x00000014   Code   RO          697    i.fputc             usart.o
    0x08002918   0x08002918   0x00000018   Code   RO          360    i.getElapsedTime    can_timer.o
    0x08002930   0x08002930   0x00000074   Code   RO         5075    i.heartbeatInit     lifegrd.o
    0x080029a4   0x080029a4   0x00000036   Code   RO         5076    i.heartbeatStop     lifegrd.o
    0x080029da   0x080029da   0x00000002   PAD
    0x080029dc   0x080029dc   0x00000088   Code   RO         5441    i.initSDOline       sdo.o
    0x08002a64   0x08002a64   0x00000002   Code   RO          361    i.initTimer         can_timer.o
    0x08002a66   0x08002a66   0x00000012   Code   RO         5077    i.lifeGuardInit     lifegrd.o
    0x08002a78   0x08002a78   0x00000012   Code   RO         5078    i.lifeGuardStop     lifegrd.o
    0x08002a8a   0x08002a8a   0x00000022   Code   RO          412    i.main              main.o
    0x08002aac   0x08002aac   0x0000000c   Code   RO         4408    i.makeFreeRtosPriority  cmsis_os.o
    0x08002ab8   0x08002ab8   0x00000022   Code   RO         5207    i.masterSendNMTnodeguard  nmtmaster.o
    0x08002ada   0x08002ada   0x00000026   Code   RO         5208    i.masterSendNMTstateChange  nmtmaster.o
    0x08002b00   0x08002b00   0x00000074   Code   RO         5079    i.nodeguardInit     lifegrd.o
    0x08002b74   0x08002b74   0x00000012   Code   RO         5080    i.nodeguardStop     lifegrd.o
    0x08002b86   0x08002b86   0x0000000e   Code   RO         4410    i.osDelay           cmsis_os.o
    0x08002b94   0x08002b94   0x0000000a   Code   RO         4413    i.osKernelStart     cmsis_os.o
    0x08002b9e   0x08002b9e   0x00000010   Code   RO         4428    i.osMutexCreate     cmsis_os.o
    0x08002bae   0x08002bae   0x0000003e   Code   RO         4439    i.osSemaphoreCreate  cmsis_os.o
    0x08002bec   0x08002bec   0x00000054   Code   RO         4447    i.osThreadCreate    cmsis_os.o
    0x08002c40   0x08002c40   0x00000028   Code   RO         5708    i.proceedSYNC       sync.o
    0x08002c68   0x08002c68   0x00000070   Code   RO         4090    i.prvAddCurrentTaskToDelayedList  tasks.o
    0x08002cd8   0x08002cd8   0x000000d0   Code   RO         4091    i.prvAddNewTaskToReadyList  tasks.o
    0x08002da8   0x08002da8   0x0000006c   Code   RO         3773    i.prvCopyDataToQueue  queue.o
    0x08002e14   0x08002e14   0x00000034   Code   RO         4092    i.prvDeleteTCB      tasks.o
    0x08002e48   0x08002e48   0x0000004c   Code   RO         4775    i.prvHeapInit       heap_4.o
    0x08002e94   0x08002e94   0x00000060   Code   RO         4093    i.prvIdleTask       tasks.o
    0x08002ef4   0x08002ef4   0x00000016   Code   RO         3774    i.prvInitialiseMutex  queue.o
    0x08002f0a   0x08002f0a   0x00000016   Code   RO         3775    i.prvInitialiseNewQueue  queue.o
    0x08002f20   0x08002f20   0x00000098   Code   RO         4094    i.prvInitialiseNewTask  tasks.o
    0x08002fb8   0x08002fb8   0x0000004c   Code   RO         4776    i.prvInsertBlockIntoFreeList  heap_4.o
    0x08003004   0x08003004   0x00000020   Code   RO         4095    i.prvResetNextTaskUnblockTime  tasks.o
    0x08003024   0x08003024   0x00000028   Code   RO         4844    i.prvTaskExitError  port.o
    0x0800304c   0x0800304c   0x0000006a   Code   RO         3777    i.prvUnlockQueue    queue.o
    0x080030b6   0x080030b6   0x00000002   PAD
    0x080030b8   0x080030b8   0x000000dc   Code   RO         4777    i.pvPortMalloc      heap_4.o
    0x08003194   0x08003194   0x0000002c   Code   RO         4845    i.pxPortInitialiseStack  port.o
    0x080031c0   0x080031c0   0x00000018   Code   RO         5448    i.resetSDO          sdo.o
    0x080031d8   0x080031d8   0x00000032   Code   RO         5449    i.resetSDOline      sdo.o
    0x0800320a   0x0800320a   0x00000016   Code   RO         5277    i.scanIndexOD       objacces.o
    0x08003220   0x08003220   0x00000108   Code   RO         5336    i.sendOnePDOevent   pdo.o
    0x08003328   0x08003328   0x00000028   Code   RO         5339    i.sendPdo           pdo.o
    0x08003350   0x08003350   0x00000078   Code   RO         5450    i.sendSDO           sdo.o
    0x080033c8   0x080033c8   0x00000038   Code   RO         5451    i.sendSDOabort      sdo.o
    0x08003400   0x08003400   0x00000014   Code   RO         5709    i.sendSYNC          sync.o
    0x08003414   0x08003414   0x00000022   Code   RO         5710    i.sendSYNCMessage   sync.o
    0x08003436   0x08003436   0x00000002   PAD
    0x08003438   0x08003438   0x00000134   Code   RO         5632    i.setNodeId         states.o
    0x0800356c   0x0800356c   0x000000a4   Code   RO         5633    i.setState          states.o
    0x08003610   0x08003610   0x00000018   Code   RO          362    i.setTimer          can_timer.o
    0x08003628   0x08003628   0x0000002a   Code   RO         5243    i.slaveSendBootUp   nmtslave.o
    0x08003652   0x08003652   0x00000002   PAD
    0x08003654   0x08003654   0x00000068   Code   RO         5711    i.startSYNC         sync.o
    0x080036bc   0x080036bc   0x0000002c   Code   RO         5712    i.stopSYNC          sync.o
    0x080036e8   0x080036e8   0x000000ea   Code   RO         5634    i.switchCommunicationState  states.o
    0x080037d2   0x080037d2   0x00000002   PAD
    0x080037d4   0x080037d4   0x00000054   Code   RO          363    i.timerforCAN       can_timer.o
    0x08003828   0x08003828   0x00000026   Code   RO         3732    i.uxListRemove      list.o
    0x0800384e   0x0800384e   0x00000002   PAD
    0x08003850   0x08003850   0x00000014   Code   RO          537    i.vApplicationGetIdleTaskMemory  freertos.o
    0x08003864   0x08003864   0x00000016   Code   RO         3733    i.vListInitialise   list.o
    0x0800387a   0x0800387a   0x00000006   Code   RO         3734    i.vListInitialiseItem  list.o
    0x08003880   0x08003880   0x00000030   Code   RO         3735    i.vListInsert       list.o
    0x080038b0   0x080038b0   0x00000018   Code   RO         3736    i.vListInsertEnd    list.o
    0x080038c8   0x080038c8   0x00000040   Code   RO         4847    i.vPortEnterCritical  port.o
    0x08003908   0x08003908   0x00000028   Code   RO         4848    i.vPortExitCritical  port.o
    0x08003930   0x08003930   0x00000064   Code   RO         4778    i.vPortFree         heap_4.o
    0x08003994   0x08003994   0x00000024   Code   RO         4849    i.vPortSetupTimerInterrupt  port.o
    0x080039b8   0x080039b8   0x0000004c   Code   RO         4104    i.vTaskDelay        tasks.o
    0x08003a04   0x08003a04   0x00000010   Code   RO         4107    i.vTaskInternalSetTimeOutState  tasks.o
    0x08003a14   0x08003a14   0x0000000c   Code   RO         4108    i.vTaskMissedYield  tasks.o
    0x08003a20   0x08003a20   0x00000030   Code   RO         4110    i.vTaskPlaceOnEventList  tasks.o
    0x08003a50   0x08003a50   0x0000006c   Code   RO         4117    i.vTaskStartScheduler  tasks.o
    0x08003abc   0x08003abc   0x00000010   Code   RO         4119    i.vTaskSuspendAll   tasks.o
    0x08003acc   0x08003acc   0x0000005c   Code   RO         4120    i.vTaskSwitchContext  tasks.o
    0x08003b28   0x08003b28   0x000000f4   Code   RO         4851    i.xPortStartScheduler  port.o
    0x08003c1c   0x08003c1c   0x00000016   Code   RO         3784    i.xQueueCreateMutex  queue.o
    0x08003c32   0x08003c32   0x0000001a   Code   RO         3785    i.xQueueCreateMutexStatic  queue.o
    0x08003c4c   0x08003c4c   0x00000042   Code   RO         3786    i.xQueueGenericCreate  queue.o
    0x08003c8e   0x08003c8e   0x00000066   Code   RO         3787    i.xQueueGenericCreateStatic  queue.o
    0x08003cf4   0x08003cf4   0x00000088   Code   RO         3788    i.xQueueGenericReset  queue.o
    0x08003d7c   0x08003d7c   0x00000160   Code   RO         3789    i.xQueueGenericSend  queue.o
    0x08003edc   0x08003edc   0x00000074   Code   RO         4122    i.xTaskCheckForTimeOut  tasks.o
    0x08003f50   0x08003f50   0x0000005a   Code   RO         4123    i.xTaskCreate       tasks.o
    0x08003faa   0x08003faa   0x00000056   Code   RO         4124    i.xTaskCreateStatic  tasks.o
    0x08004000   0x08004000   0x0000001c   Code   RO         4128    i.xTaskGetSchedulerState  tasks.o
    0x0800401c   0x0800401c   0x000000cc   Code   RO         4131    i.xTaskIncrementTick  tasks.o
    0x080040e8   0x080040e8   0x00000098   Code   RO         4134    i.xTaskPriorityDisinherit  tasks.o
    0x08004180   0x08004180   0x00000074   Code   RO         4136    i.xTaskRemoveFromEventList  tasks.o
    0x080041f4   0x080041f4   0x000000c4   Code   RO         4137    i.xTaskResumeAll    tasks.o
    0x080042b8   0x080042b8   0x0000000a   Code   RO         5957    x$fpl$fpinit        fz_wm.l(fpinit.o)
    0x080042c2   0x080042c2   0x00000001   Data   RO          274    .constdata          sillyslave.o
    0x080042c3   0x080042c3   0x00000001   PAD
    0x080042c4   0x080042c4   0x00000050   Data   RO          275    .constdata          sillyslave.o
    0x08004314   0x08004314   0x0000000c   Data   RO          276    .constdata          sillyslave.o
    0x08004320   0x08004320   0x0000000c   Data   RO          277    .constdata          sillyslave.o
    0x0800432c   0x0800432c   0x00000002   Data   RO          278    .constdata          sillyslave.o
    0x0800432e   0x0800432e   0x00000002   PAD
    0x08004330   0x08004330   0x00000038   Data   RO          539    .constdata          freertos.o
    0x08004368   0x08004368   0x00000010   Data   RO         3595    .constdata          system_stm32f4xx.o
    0x08004378   0x08004378   0x00000008   Data   RO         3596    .constdata          system_stm32f4xx.o
    0x08004380   0x08004380   0x00000040   Data   RO         5635    .constdata          states.o
    0x080043c0   0x080043c0   0x00000014   Data   RO          540    .conststring        freertos.o
    0x080043d4   0x080043d4   0x00000020   Data   RO         6011    Region$$Table       anon$$obj.o


    Execution Region RW_IRAM2 (Exec base: 0x10000000, Load base: 0x0800453c, Size: 0x00000000, Max: 0x00010000, ABSOLUTE)

    **** No section assigned to this execution region ****


    Execution Region RW_IRAM1 (Exec base: 0x20000000, Load base: 0x080043f4, Size: 0x00004c18, Max: 0x00020000, ABSOLUTE, COMPRESSED[0x00000148])

    Exec Addr    Load Addr    Size         Type   Attr      Idx    E Section Name        Object

    0x20000000   COMPRESSED   0x00000004   Data   RW           23    .data               co_slave.o
    0x20000004   COMPRESSED   0x00000001   Data   RW          279    .data               sillyslave.o
    0x20000005   COMPRESSED   0x00000001   Data   RW          280    .data               sillyslave.o
    0x20000006   COMPRESSED   0x00000002   PAD
    0x20000008   COMPRESSED   0x00000004   Data   RW          281    .data               sillyslave.o
    0x2000000c   COMPRESSED   0x0000000c   Data   RW          282    .data               sillyslave.o
    0x20000018   COMPRESSED   0x00000001   Data   RW          283    .data               sillyslave.o
    0x20000019   COMPRESSED   0x00000003   PAD
    0x2000001c   COMPRESSED   0x0000000c   Data   RW          284    .data               sillyslave.o
    0x20000028   COMPRESSED   0x00000001   Data   RW          285    .data               sillyslave.o
    0x20000029   COMPRESSED   0x00000003   PAD
    0x2000002c   COMPRESSED   0x00000004   Data   RW          286    .data               sillyslave.o
    0x20000030   COMPRESSED   0x00000004   Data   RW          289    .data               sillyslave.o
    0x20000034   COMPRESSED   0x00000004   Data   RW          290    .data               sillyslave.o
    0x20000038   COMPRESSED   0x00000002   Data   RW          291    .data               sillyslave.o
    0x2000003a   COMPRESSED   0x00000001   Data   RW          292    .data               sillyslave.o
    0x2000003b   COMPRESSED   0x00000001   PAD
    0x2000003c   COMPRESSED   0x00000004   Data   RW          293    .data               sillyslave.o
    0x20000040   COMPRESSED   0x0000000c   Data   RW          294    .data               sillyslave.o
    0x2000004c   COMPRESSED   0x00000004   Data   RW          295    .data               sillyslave.o
    0x20000050   COMPRESSED   0x0000000c   Data   RW          296    .data               sillyslave.o
    0x2000005c   COMPRESSED   0x00000004   Data   RW          297    .data               sillyslave.o
    0x20000060   COMPRESSED   0x00000001   Data   RW          298    .data               sillyslave.o
    0x20000061   COMPRESSED   0x00000003   PAD
    0x20000064   COMPRESSED   0x00000004   Data   RW          299    .data               sillyslave.o
    0x20000068   COMPRESSED   0x00000002   Data   RW          300    .data               sillyslave.o
    0x2000006a   COMPRESSED   0x00000002   PAD
    0x2000006c   COMPRESSED   0x00000004   Data   RW          301    .data               sillyslave.o
    0x20000070   COMPRESSED   0x0000000c   Data   RW          302    .data               sillyslave.o
    0x2000007c   COMPRESSED   0x00000001   Data   RW          303    .data               sillyslave.o
    0x2000007d   COMPRESSED   0x00000003   PAD
    0x20000080   COMPRESSED   0x00000004   Data   RW          304    .data               sillyslave.o
    0x20000084   COMPRESSED   0x00000004   Data   RW          305    .data               sillyslave.o
    0x20000088   COMPRESSED   0x00000004   Data   RW          306    .data               sillyslave.o
    0x2000008c   COMPRESSED   0x00000004   Data   RW          307    .data               sillyslave.o
    0x20000090   COMPRESSED   0x0000003c   Data   RW          308    .data               sillyslave.o
    0x200000cc   COMPRESSED   0x00000001   Data   RW          309    .data               sillyslave.o
    0x200000cd   COMPRESSED   0x00000003   PAD
    0x200000d0   COMPRESSED   0x00000004   Data   RW          310    .data               sillyslave.o
    0x200000d4   COMPRESSED   0x00000004   Data   RW          311    .data               sillyslave.o
    0x200000d8   COMPRESSED   0x00000024   Data   RW          312    .data               sillyslave.o
    0x200000fc   COMPRESSED   0x00000001   Data   RW          313    .data               sillyslave.o
    0x200000fd   COMPRESSED   0x00000003   PAD
    0x20000100   COMPRESSED   0x00000004   Data   RW          314    .data               sillyslave.o
    0x20000104   COMPRESSED   0x00000001   Data   RW          315    .data               sillyslave.o
    0x20000105   COMPRESSED   0x00000001   PAD
    0x20000106   COMPRESSED   0x00000002   Data   RW          316    .data               sillyslave.o
    0x20000108   COMPRESSED   0x00000001   Data   RW          317    .data               sillyslave.o
    0x20000109   COMPRESSED   0x00000001   PAD
    0x2000010a   COMPRESSED   0x00000002   Data   RW          318    .data               sillyslave.o
    0x2000010c   COMPRESSED   0x00000048   Data   RW          319    .data               sillyslave.o
    0x20000154   COMPRESSED   0x00000001   Data   RW          320    .data               sillyslave.o
    0x20000155   COMPRESSED   0x00000003   PAD
    0x20000158   COMPRESSED   0x00000004   Data   RW          321    .data               sillyslave.o
    0x2000015c   COMPRESSED   0x00000018   Data   RW          322    .data               sillyslave.o
    0x20000174   COMPRESSED   0x0000000c   Data   RW          323    .data               sillyslave.o
    0x20000180   COMPRESSED   0x00000012   Data   RW          324    .data               sillyslave.o
    0x20000192   COMPRESSED   0x00000002   PAD
    0x20000194   COMPRESSED   0x0000023c   Data   RW          325    .data               sillyslave.o
    0x200003d0   COMPRESSED   0x00000002   Data   RW          326    .data               sillyslave.o
    0x200003d2   COMPRESSED   0x00000002   PAD
    0x200003d4   COMPRESSED   0x00000014   Data   RW          364    .data               can_timer.o
    0x200003e8   COMPRESSED   0x00000010   Data   RW          541    .data               freertos.o
    0x200003f8   COMPRESSED   0x00000004   Data   RW          699    .data               usart.o
    0x200003fc   COMPRESSED   0x0000000c   Data   RW         2032    .data               stm32f4xx_hal.o
    0x20000408   COMPRESSED   0x00000004   Data   RW         3597    .data               system_stm32f4xx.o
    0x2000040c   COMPRESSED   0x0000003c   Data   RW         4140    .data               tasks.o
    0x20000448   COMPRESSED   0x00000020   Data   RW         4784    .data               heap_4.o
    0x20000468   COMPRESSED   0x0000000c   Data   RW         4852    .data               port.o
    0x20000474   COMPRESSED   0x00000008   Data   RW         5777    .data               timer.o
    0x2000047c        -       0x00000024   Zero   RW          273    .bss                sillyslave.o
    0x200004a0        -       0x00000254   Zero   RW          538    .bss                freertos.o
    0x200006f4        -       0x00000040   Zero   RW          596    .bss                can.o
    0x20000734        -       0x00000048   Zero   RW          654    .bss                tim.o
    0x2000077c        -       0x00000044   Zero   RW          698    .bss                usart.o
    0x200007c0        -       0x00000048   Zero   RW          861    .bss                stm32f4xx_hal_timebase_tim.o
    0x20000808        -       0x000000f0   Zero   RW         4139    .bss                tasks.o
    0x200008f8        -       0x00003c00   Zero   RW         4783    .bss                heap_4.o
    0x200044f8        -       0x000000c0   Zero   RW         5776    .bss                timer.o
    0x200045b8        -       0x00000060   Zero   RW         5889    .bss                c_w.l(libspace.o)
    0x20004618        -       0x00000200   Zero   RW            2    HEAP                startup_stm32f407xx.o
    0x20004818        -       0x00000400   Zero   RW            1    STACK               startup_stm32f407xx.o


==============================================================================

Image component sizes


      Code (inc. data)   RO Data    RW Data    ZI Data      Debug   Object Name

       376         36          0          0         64       3450   can.o
       134         20          0         20          0       2317   can_timer.o
       198          0          0          0          0      24525   cmsis_os.o
       248        126          0          4          0     719112   co_slave.o
        76          6          0          0          0       2110   emcy.o
         0          0          0          0          0      19896   event_groups.o
       140         12         76         16        596       3242   freertos.o
       112         10          0          0          0        883   gpio.o
       472         24          0         32      15360       7295   heap_4.o
       594         22          0          0          0       9128   lifegrd.o
       138          0          0          0          0       3438   list.o
       226         20          0          0          0      34728   main.o
        72          0          0          0          0       1644   nmtmaster.o
        42          0          0          0          0        622   nmtslave.o
       264         14          0          0          0       3728   objacces.o
      1340         14          0          0          0       9721   pdo.o
       702         72          0         12          0      10800   port.o
       962         10          0          0          0      13837   queue.o
       510          8          0          0          0       4551   sdo.o
       188         22        107        944         36       6177   sillyslave.o
        64         26        392          0       1536        828   startup_stm32f407xx.o
       728         10         64          0          0       5552   states.o
        80         14          0         12          0       7978   stm32f4xx_hal.o
      1452          6          0          0          0      14170   stm32f4xx_hal_can.o
       158         14          0          0          0      33066   stm32f4xx_hal_cortex.o
       506         46          0          0          0       2144   stm32f4xx_hal_gpio.o
        76          6          0          0          0        846   stm32f4xx_hal_msp.o
      1408         82          0          0          0       5777   stm32f4xx_hal_rcc.o
       784         72          0          0          0       6661   stm32f4xx_hal_tim.o
         4          0          0          0          0       1549   stm32f4xx_hal_tim_ex.o
       116         16          0          0         72       1371   stm32f4xx_hal_timebase_tim.o
       366         10          0          0          0       1948   stm32f4xx_hal_uart.o
        50         18          0          0          0       4506   stm32f4xx_it.o
       260          8          0          0          0       5044   sync.o
        16          4         24          4          0       1079   system_stm32f4xx.o
      2008        150          0         60        240      24702   tasks.o
       112         18          0          0         72       1532   tim.o
       340         26          0          8        192       3778   timer.o
       186         28          0          4         68       3894   usart.o

    ----------------------------------------------------------------------
     15556        970        698       1148      18236    1007629   Object Totals
         0          0         32          0          0          0   (incl. Generated)
        48          0          3         32          0          0   (incl. Padding)

    ----------------------------------------------------------------------

      Code (inc. data)   RO Data    RW Data    ZI Data      Debug   Library Member Name

        90          0          0          0          0          0   __dczerorl2.o
         8          0          0          0          0         68   __main.o
        40          0          0          0          0         84   __printf_nopercent.o
         0          0          0          0          0          0   __rtentry.o
        12          0          0          0          0          0   __rtentry2.o
         6          0          0          0          0          0   __rtentry4.o
        52          8          0          0          0          0   __scatter.o
        28          0          0          0          0          0   __scatter_zi.o
        48          6          0          0          0         96   _printf_char_common.o
        36          4          0          0          0         80   _printf_char_file.o
        18          0          0          0          0         80   exit.o
         8          0          0          0          0         68   ferror.o
         6          0          0          0          0        152   heapauxi.o
         2          0          0          0          0          0   libinit.o
         6          0          0          0          0          0   libinit2.o
         2          0          0          0          0          0   libshutdown.o
         2          0          0          0          0          0   libshutdown2.o
         8          4          0          0         96         68   libspace.o
       238          0          0          0          0        100   lludivv7m.o
        88          0          0          0          0         76   memcmp.o
        24          4          0          0          0         84   noretval__2printf.o
        78          0          0          0          0         80   rt_memclr_w.o
       138          0          0          0          0         68   rt_memcpy_v6.o
       100          0          0          0          0         80   rt_memcpy_w.o
         2          0          0          0          0          0   rtexit.o
        10          0          0          0          0          0   rtexit2.o
        74          0          0          0          0         80   sys_stackheap_outer.o
         2          0          0          0          0         68   use_no_semi.o
         2          0          0          0          0         68   use_no_semi_2.o
        10          0          0          0          0        116   fpinit.o

    ----------------------------------------------------------------------
      1142         26          0          0         96       1516   Library Totals
         4          0          0          0          0          0   (incl. Padding)

    ----------------------------------------------------------------------

      Code (inc. data)   RO Data    RW Data    ZI Data      Debug   Library Name

      1128         26          0          0         96       1400   c_w.l
        10          0          0          0          0        116   fz_wm.l

    ----------------------------------------------------------------------
      1142         26          0          0         96       1516   Library Totals

    ----------------------------------------------------------------------

==============================================================================


      Code (inc. data)   RO Data    RW Data    ZI Data      Debug   

     16698        996        698       1148      18332     988069   Grand Totals
     16698        996        698        328      18332     988069   ELF Image Totals (compressed)
     16698        996        698        328          0          0   ROM Totals

==============================================================================

    Total RO  Size (Code + RO Data)                17396 (  16.99kB)
    Total RW  Size (RW Data + ZI Data)             19480 (  19.02kB)
    Total ROM Size (Code + RO Data + RW Data)      17724 (  17.31kB)

==============================================================================

