Component: ARM Compiler 5.06 update 6 (build 750) Tool: armlink [4d35ed]

==============================================================================

Section Cross References

    startup_stm32f407xx.o(STACK) refers (Special) to heapauxi.o(.text) for __use_two_region_memory
    startup_stm32f407xx.o(HEAP) refers (Special) to heapauxi.o(.text) for __use_two_region_memory
    startup_stm32f407xx.o(RESET) refers (Special) to heapauxi.o(.text) for __use_two_region_memory
    startup_stm32f407xx.o(RESET) refers to startup_stm32f407xx.o(STACK) for __initial_sp
    startup_stm32f407xx.o(RESET) refers to startup_stm32f407xx.o(.text) for Reset_Handler
    startup_stm32f407xx.o(RESET) refers to stm32f4xx_it.o(i.NMI_Handler) for NMI_Handler
    startup_stm32f407xx.o(RESET) refers to stm32f4xx_it.o(i.HardFault_Handler) for HardFault_Handler
    startup_stm32f407xx.o(RESET) refers to stm32f4xx_it.o(i.MemManage_Handler) for MemManage_Handler
    startup_stm32f407xx.o(RESET) refers to stm32f4xx_it.o(i.BusFault_Handler) for BusFault_Handler
    startup_stm32f407xx.o(RESET) refers to stm32f4xx_it.o(i.UsageFault_Handler) for UsageFault_Handler
    startup_stm32f407xx.o(RESET) refers to port.o(.emb_text) for SVC_Handler
    startup_stm32f407xx.o(RESET) refers to stm32f4xx_it.o(i.DebugMon_Handler) for DebugMon_Handler
    startup_stm32f407xx.o(RESET) refers to port.o(i.SysTick_Handler) for SysTick_Handler
    startup_stm32f407xx.o(RESET) refers to stm32f4xx_it.o(i.CAN1_RX0_IRQHandler) for CAN1_RX0_IRQHandler
    startup_stm32f407xx.o(RESET) refers to stm32f4xx_it.o(i.TIM1_UP_TIM10_IRQHandler) for TIM1_UP_TIM10_IRQHandler
    startup_stm32f407xx.o(RESET) refers to stm32f4xx_it.o(i.TIM8_BRK_TIM12_IRQHandler) for TIM8_BRK_TIM12_IRQHandler
    startup_stm32f407xx.o(.text) refers (Special) to heapauxi.o(.text) for __use_two_region_memory
    startup_stm32f407xx.o(.text) refers to system_stm32f4xx.o(i.SystemInit) for SystemInit
    startup_stm32f407xx.o(.text) refers to __main.o(!!!main) for __main
    startup_stm32f407xx.o(.text) refers to startup_stm32f407xx.o(HEAP) for Heap_Mem
    startup_stm32f407xx.o(.text) refers to startup_stm32f407xx.o(STACK) for Stack_Mem
    co_slave.o(i.CO_slave_initialisation) refers to noretval__2printf.o(.text) for __2printf
    co_slave.o(i.CO_slave_initialisation) refers to objacces.o(i._setODentry) for _setODentry
    co_slave.o(i.CO_slave_initialisation) refers to co_slave.o(.data) for .data
    co_slave.o(i.CO_slave_initialisation) refers to sillyslave.o(.data) for LifeSignal
    co_slave.o(i.CO_slave_operational) refers to noretval__2printf.o(.text) for __2printf
    co_slave.o(i.CO_slave_preOperational) refers to noretval__2printf.o(.text) for __2printf
    co_slave.o(i.CO_slave_stopped) refers to noretval__2printf.o(.text) for __2printf
    co_slave.o(i.canSend) refers to stm32f4xx_hal_can.o(i.HAL_CAN_AddTxMessage) for HAL_CAN_AddTxMessage
    co_slave.o(i.canSend) refers to stm32f4xx_hal_can.o(i.HAL_CAN_GetTxMailboxesFreeLevel) for HAL_CAN_GetTxMailboxesFreeLevel
    co_slave.o(i.canSend) refers to can.o(.bss) for TxHeader
    co_slave.o(i.canopen_init) refers to states.o(i.setNodeId) for setNodeId
    co_slave.o(i.canopen_init) refers to states.o(i.setState) for setState
    co_slave.o(i.canopen_init) refers to co_slave.o(i.CO_slave_heartbeatError) for CO_slave_heartbeatError
    co_slave.o(i.canopen_init) refers to co_slave.o(.data) for .data
    co_slave.o(i.canopen_init) refers to co_slave.o(i.CO_slave_initialisation) for CO_slave_initialisation
    co_slave.o(i.canopen_init) refers to co_slave.o(i.CO_slave_preOperational) for CO_slave_preOperational
    co_slave.o(i.canopen_init) refers to co_slave.o(i.CO_slave_operational) for CO_slave_operational
    co_slave.o(i.canopen_init) refers to co_slave.o(i.CO_slave_stopped) for CO_slave_stopped
    co_slave.o(i.canopen_init) refers to co_slave.o(i.CO_slave_post_sync) for CO_slave_post_sync
    co_slave.o(i.canopen_init) refers to co_slave.o(i.CO_slave_post_TPDO) for CO_slave_post_TPDO
    co_slave.o(i.canopen_init) refers to co_slave.o(i.CO_slave_storeODSubIndex) for CO_slave_storeODSubIndex
    co_slave.o(i.canopen_init) refers to co_slave.o(i.CO_slave_post_emcy) for CO_slave_post_emcy
    co_slave.o(i.getElapsedTime) refers to tim.o(.bss) for htim12
    co_slave.o(i.getElapsedTime) refers to co_slave.o(.data) for .data
    co_slave.o(i.setTimer) refers to stm32f4xx_hal_tim.o(i.HAL_TIM_Base_Start_IT) for HAL_TIM_Base_Start_IT
    co_slave.o(i.setTimer) refers to tim.o(.bss) for htim12
    co_slave.o(i.setTimer) refers to co_slave.o(.data) for .data
    co_slave.o(.data) refers to sillyslave.o(.data) for SillySlave_Data
    sillyslave.o(i.SillySlave_scanIndexOD) refers to sillyslave.o(.data) for .data
    sillyslave.o(i.SillySlave_scanIndexOD) refers to sillyslave.o(.bss) for .bss
    sillyslave.o(i.SillySlave_scanIndexOD) refers to sillyslave.o(.constdata) for .constdata
[...]
    _fp_trap_shutdown                         - Undefined Weak Reference
    _get_lc_collate                           - Undefined Weak Reference
    _get_lc_ctype                             - Undefined Weak Reference
    _get_lc_monetary                          - Undefined Weak Reference
    _get_lc_numeric                           - Undefined Weak Reference
    _get_lc_time                              - Undefined Weak Reference
    _getenv_init                              - Undefined Weak Reference
    _handle_redirection                       - Undefined Weak Reference
    _init_alloc                               - Undefined Weak Reference
    _init_user_alloc                          - Undefined Weak Reference
    _initio                                   - Undefined Weak Reference
    _mutex_acquire                            - Undefined Weak Reference
    _mutex_release                            - Undefined Weak Reference
    _rand_init                                - Undefined Weak Reference
    _signal_finish                            - Undefined Weak Reference
    _signal_init                              - Undefined Weak Reference
    _terminate_alloc                          - Undefined Weak Reference
    _terminate_user_alloc                     - Undefined Weak Reference
    _terminateio                              - Undefined Weak Reference
    __Vectors_Size                           0x00000188   Number         0  startup_stm32f407xx.o ABSOLUTE
    __Vectors                                0x08000000   Data           4  startup_stm32f407xx.o(RESET)
    __Vectors_End                            0x08000188   Data           0  startup_stm32f407xx.o(RESET)
    __main                                   0x08000189   Thumb Code     8  __main.o(!!!main)
    __scatterload                            0x08000191   Thumb Code     0  __scatter.o(!!!scatter)
    __scatterload_rt2                        0x08000191   Thumb Code    44  __scatter.o(!!!scatter)
    __scatterload_rt2_thumb_only             0x08000191   Thumb Code     0  __scatter.o(!!!scatter)
    __scatterload_null                       0x0800019f   Thumb Code     0  __scatter.o(!!!scatter)
    __decompress                             0x080001c5   Thumb Code    90  __dczerorl2.o(!!dczerorl2)
    __decompress1                            0x080001c5   Thumb Code     0  __dczerorl2.o(!!dczerorl2)
    __scatterload_zeroinit                   0x08000221   Thumb Code    28  __scatter_zi.o(!!handler_zi)
    __rt_lib_init                            0x0800023d   Thumb Code     0  libinit.o(.ARM.Collect$$libinit$$00000000)
    __rt_lib_init_fp_1                       0x0800023f   Thumb Code     0  libinit2.o(.ARM.Collect$$libinit$$00000001)
    __rt_lib_init_alloca_1                   0x08000243   Thumb Code     0  libinit2.o(.ARM.Collect$$libinit$$0000002E)
    __rt_lib_init_argv_1                     0x08000243   Thumb Code     0  libinit2.o(.ARM.Collect$$libinit$$0000002C)
    __rt_lib_init_atexit_1                   0x08000243   Thumb Code     0  libinit2.o(.ARM.Collect$$libinit$$0000001B)
    __rt_lib_init_clock_1                    0x08000243   Thumb Code     0  libinit2.o(.ARM.Collect$$libinit$$00000021)
    __rt_lib_init_cpp_1                      0x08000243   Thumb Code     0  libinit2.o(.ARM.Collect$$libinit$$00000032)
    __rt_lib_init_exceptions_1               0x08000243   Thumb Code     0  libinit2.o(.ARM.Collect$$libinit$$00000030)
    __rt_lib_init_fp_trap_1                  0x08000243   Thumb Code     0  libinit2.o(.ARM.Collect$$libinit$$0000001F)
    __rt_lib_init_getenv_1                   0x08000243   Thumb Code     0  libinit2.o(.ARM.Collect$$libinit$$00000023)
    __rt_lib_init_heap_1                     0x08000243   Thumb Code     0  libinit2.o(.ARM.Collect$$libinit$$0000000A)
    __rt_lib_init_lc_collate_1               0x08000243   Thumb Code     0  libinit2.o(.ARM.Collect$$libinit$$00000011)
    __rt_lib_init_lc_ctype_1                 0x08000243   Thumb Code     0  libinit2.o(.ARM.Collect$$libinit$$00000013)
    __rt_lib_init_lc_monetary_1              0x08000243   Thumb Code     0  libinit2.o(.ARM.Collect$$libinit$$00000015)
    __rt_lib_init_lc_numeric_1               0x08000243   Thumb Code     0  libinit2.o(.ARM.Collect$$libinit$$00000017)
    __rt_lib_init_lc_time_1                  0x08000243   Thumb Code     0  libinit2.o(.ARM.Collect$$libinit$$00000019)
    __rt_lib_init_preinit_1                  0x08000243   Thumb Code     0  libinit2.o(.ARM.Collect$$libinit$$00000004)
    __rt_lib_init_rand_1                     0x08000243   Thumb Code     0  libinit2.o(.ARM.Collect$$libinit$$0000000E)
    __rt_lib_init_return                     0x08000243   Thumb Code     0  libinit2.o(.ARM.Collect$$libinit$$00000033)
    __rt_lib_init_signal_1                   0x08000243   Thumb Code     0  libinit2.o(.ARM.Collect$$libinit$$0000001D)
    __rt_lib_init_stdio_1                    0x08000243   Thumb Code     0  libinit2.o(.ARM.Collect$$libinit$$00000025)
    __rt_lib_init_user_alloc_1               0x08000243   Thumb Code     0  libinit2.o(.ARM.Collect$$libinit$$0000000C)
    __rt_lib_shutdown                        0x08000245   Thumb Code     0  libshutdown.o(.ARM.Collect$$libshutdown$$00000000)
    __rt_lib_shutdown_cpp_1                  0x08000247   Thumb Code     0  libshutdown2.o(.ARM.Collect$$libshutdown$$00000002)
    __rt_lib_shutdown_fp_trap_1              0x08000247   Thumb Code     0  libshutdown2.o(.ARM.Collect$$libshutdown$$00000007)
    __rt_lib_shutdown_heap_1                 0x08000247   Thumb Code     0  libshutdown2.o(.ARM.Collect$$libshutdown$$0000000F)
    __rt_lib_shutdown_return                 0x08000247   Thumb Code     0  libshutdown2.o(.ARM.Collect$$libshutdown$$00000010)
    __rt_lib_shutdown_signal_1               0x08000247   Thumb Code     0  libshutdown2.o(.ARM.Collect$$libshutdown$$0000000A)
    __rt_lib_shutdown_stdio_1                0x08000247   Thumb Code     0  libshutdown2.o(.ARM.Collect$$libshutdown$$00000004)
    __rt_lib_shutdown_user_alloc_1           0x08000247   Thumb Code     0  libshutdown2.o(.ARM.Collect$$libshutdown$$0000000C)
    __rt_entry                               0x08000249   Thumb Code     0  __rtentry.o(.ARM.Collect$$rtentry$$00000000)
    __rt_entry_presh_1                       0x08000249   Thumb Code     0  __rtentry2.o(.ARM.Collect$$rtentry$$00000002)
    __rt_entry_sh                            0x08000249   Thumb Code     0  __rtentry4.o(.ARM.Collect$$rtentry$$00000004)
    __rt_entry_li                            0x0800024f   Thumb Code     0  __rtentry2.o(.ARM.Collect$$rtentry$$0000000A)
    __rt_entry_postsh_1                      0x0800024f   Thumb Code     0  __rtentry2.o(.ARM.Collect$$rtentry$$00000009)
    __rt_entry_main                          0x08000253   Thumb Code     0  __rtentry2.o(.ARM.Collect$$rtentry$$0000000D)
    __rt_entry_postli_1                      0x08000253   Thumb Code     0  __rtentry2.o(.ARM.Collect$$rtentry$$0000000C)
    __rt_exit                                0x0800025b   Thumb Code     0  rtexit.o(.ARM.Collect$$rtexit$$00000000)
    __rt_exit_ls                             0x0800025d   Thumb Code     0  rtexit2.o(.ARM.Collect$$rtexit$$00000003)
    __rt_exit_prels_1                        0x0800025d   Thumb Code     0  rtexit2.o(.ARM.Collect$$rtexit$$00000002)
    __rt_exit_exit                           0x08000261   Thumb Code     0  rtexit2.o(.ARM.Collect$$rtexit$$00000004)
    SVC_Handler                              0x08000269   Thumb Code    28  port.o(.emb_text)
    __asm___6_port_c_39a90d8d__prvStartFirstTask 0x08000289   Thumb Code    36  port.o(.emb_text)
    __asm___6_port_c_39a90d8d__prvEnableVFP  0x080002b1   Thumb Code    16  port.o(.emb_text)
    PendSV_Handler                           0x080002c5   Thumb Code    88  port.o(.emb_text)
    vPortGetIPSR                             0x08000321   Thumb Code     6  port.o(.emb_text)
    Reset_Handler                            0x08000329   Thumb Code     8  startup_stm32f407xx.o(.text)
    ADC_IRQHandler                           0x08000343   Thumb Code     0  startup_stm32f407xx.o(.text)
    CAN1_RX1_IRQHandler                      0x08000343   Thumb Code     0  startup_stm32f407xx.o(.text)
    CAN1_SCE_IRQHandler                      0x08000343   Thumb Code     0  startup_stm32f407xx.o(.text)
    CAN1_TX_IRQHandler                       0x08000343   Thumb Code     0  startup_stm32f407xx.o(.text)
    CAN2_RX0_IRQHandler                      0x08000343   Thumb Code     0  startup_stm32f407xx.o(.text)
    CAN2_RX1_IRQHandler                      0x08000343   Thumb Code     0  startup_stm32f407xx.o(.text)
    CAN2_SCE_IRQHandler                      0x08000343   Thumb Code     0  startup_stm32f407xx.o(.text)
    CAN2_TX_IRQHandler                       0x08000343   Thumb Code     0  startup_stm32f407xx.o(.text)
    DCMI_IRQHandler                          0x08000343   Thumb Code     0  startup_stm32f407xx.o(.text)
    DMA1_Stream0_IRQHandler                  0x08000343   Thumb Code     0  startup_stm32f407xx.o(.text)
    DMA1_Stream1_IRQHandler                  0x08000343   Thumb Code     0  startup_stm32f407xx.o(.text)
    DMA1_Stream2_IRQHandler                  0x08000343   Thumb Code     0  startup_stm32f407xx.o(.text)
    DMA1_Stream3_IRQHandler                  0x08000343   Thumb Code     0  startup_stm32f407xx.o(.text)
    DMA1_Stream4_IRQHandler                  0x08000343   Thumb Code     0  startup_stm32f407xx.o(.text)
    DMA1_Stream5_IRQHandler                  0x08000343   Thumb Code     0  startup_stm32f407xx.o(.text)
    DMA1_Stream6_IRQHandler                  0x08000343   Thumb Code     0  startup_stm32f407xx.o(.text)
    DMA1_Stream7_IRQHandler                  0x08000343   Thumb Code     0  startup_stm32f407xx.o(.text)
    DMA2_Stream0_IRQHandler                  0x08000343   Thumb Code     0  startup_stm32f407xx.o(.text)
    DMA2_Stream1_IRQHandler                  0x08000343   Thumb Code     0  startup_stm32f407xx.o(.text)
    DMA2_Stream2_IRQHandler                  0x08000343   Thumb Code     0  startup_stm32f407xx.o(.text)
    DMA2_Stream3_IRQHandler                  0x08000343   Thumb Code     0  startup_stm32f407xx.o(.text)
    DMA2_Stream4_IRQHandler                  0x08000343   Thumb Code     0  startup_stm32f407xx.o(.text)
    DMA2_Stream5_IRQHandler                  0x08000343   Thumb Code     0  startup_stm32f407xx.o(.text)
    DMA2_Stream6_IRQHandler                  0x08000343   Thumb Code     0  startup_stm32f407xx.o(.text)
    DMA2_Stream7_IRQHandler                  0x08000343   Thumb Code     0  startup_stm32f407xx.o(.text)
    ETH_IRQHandler                           0x08000343   Thumb Code     0  startup_stm32f407xx.o(.text)
    ETH_WKUP_IRQHandler                      0x08000343   Thumb Code     0  startup_stm32f407xx.o(.text)
    EXTI0_IRQHandler                         0x08000343   Thumb Code     0  startup_stm32f407xx.o(.text)
    EXTI15_10_IRQHandler                     0x08000343   Thumb Code     0  startup_stm32f407xx.o(.text)
    EXTI1_IRQHandler                         0x08000343   Thumb Code     0  startup_stm32f407xx.o(.text)
    EXTI2_IRQHandler                         0x08000343   Thumb Code     0  startup_stm32f407xx.o(.text)
    EXTI3_IRQHandler                         0x08000343   Thumb Code     0  startup_stm32f407xx.o(.text)
    EXTI4_IRQHandler                         0x08000343   Thumb Code     0  startup_stm32f407xx.o(.text)
    EXTI9_5_IRQHandler                       0x08000343   Thumb Code     0  startup_stm32f407xx.o(.text)
    FLASH_IRQHandler                         0x08000343   Thumb Code     0  startup_stm32f407xx.o(.text)
    FMC_IRQHandler                           0x08000343   Thumb Code     0  startup_stm32f407xx.o(.text)
    FPU_IRQHandler                           0x08000343   Thumb Code     0  startup_stm32f407xx.o(.text)
    HASH_RNG_IRQHandler                      0x08000343   Thumb Code     0  startup_stm32f407xx.o(.text)
    I2C1_ER_IRQHandler                       0x08000343   Thumb Code     0  startup_stm32f407xx.o(.text)
    I2C1_EV_IRQHandler                       0x08000343   Thumb Code     0  startup_stm32f407xx.o(.text)
    I2C2_ER_IRQHandler                       0x08000343   Thumb Code     0  startup_stm32f407xx.o(.text)
    I2C2_EV_IRQHandler                       0x08000343   Thumb Code     0  startup_stm32f407xx.o(.text)
    I2C3_ER_IRQHandler                       0x08000343   Thumb Code     0  startup_stm32f407xx.o(.text)
    I2C3_EV_IRQHandler                       0x08000343   Thumb Code     0  startup_stm32f407xx.o(.text)
    OTG_FS_IRQHandler                        0x08000343   Thumb Code     0  startup_stm32f407xx.o(.text)
    OTG_FS_WKUP_IRQHandler                   0x08000343   Thumb Code     0  startup_stm32f407xx.o(.text)
    OTG_HS_EP1_IN_IRQHandler                 0x08000343   Thumb Code     0  startup_stm32f407xx.o(.text)
    OTG_HS_EP1_OUT_IRQHandler                0x08000343   Thumb Code     0  startup_stm32f407xx.o(.text)
    OTG_HS_IRQHandler                        0x08000343   Thumb Code     0  startup_stm32f407xx.o(.text)
    OTG_HS_WKUP_IRQHandler                   0x08000343   Thumb Code     0  startup_stm32f407xx.o(.text)
    PVD_IRQHandler                           0x08000343   Thumb Code     0  startup_stm32f407xx.o(.text)
    RCC_IRQHandler                           0x08000343   Thumb Code     0  startup_stm32f407xx.o(.text)
    RTC_Alarm_IRQHandler                     0x08000343   Thumb Code     0  startup_stm32f407xx.o(.text)
    RTC_WKUP_IRQHandler                      0x08000343   Thumb Code     0  startup_stm32f407xx.o(.text)
    SDIO_IRQHandler                          0x08000343   Thumb Code     0  startup_stm32f407xx.o(.text)
    SPI1_IRQHandler                          0x08000343   Thumb Code     0  startup_stm32f407xx.o(.text)
    SPI2_IRQHandler                          0x08000343   Thumb Code     0  startup_stm32f407xx.o(.text)
    SPI3_IRQHandler                          0x08000343   Thumb Code     0  startup_stm32f407xx.o(.text)
    TAMP_STAMP_IRQHandler                    0x08000343   Thumb Code     0  startup_stm32f407xx.o(.text)
    TIM1_BRK_TIM9_IRQHandler                 0x08000343   Thumb Code     0  startup_stm32f407xx.o(.text)
    TIM1_CC_IRQHandler                       0x08000343   Thumb Code     0  startup_stm32f407xx.o(.text)
    TIM1_TRG_COM_TIM11_IRQHandler            0x08000343   Thumb Code     0  startup_stm32f407xx.o(.text)
    TIM2_IRQHandler                          0x08000343   Thumb Code     0  startup_stm32f407xx.o(.text)
    TIM3_IRQHandler                          0x08000343   Thumb Code     0  startup_stm32f407xx.o(.text)
    TIM4_IRQHandler                          0x08000343   Thumb Code     0  startup_stm32f407xx.o(.text)
    TIM5_IRQHandler                          0x08000343   Thumb Code     0  startup_stm32f407xx.o(.text)
    TIM6_DAC_IRQHandler                      0x08000343   Thumb Code     0  startup_stm32f407xx.o(.text)
    TIM7_IRQHandler                          0x08000343   Thumb Code     0  startup_stm32f407xx.o(.text)
    TIM8_CC_IRQHandler                       0x08000343   Thumb Code     0  startup_stm32f407xx.o(.text)
    TIM8_TRG_COM_TIM14_IRQHandler            0x08000343   Thumb Code     0  startup_stm32f407xx.o(.text)
    TIM8_UP_TIM13_IRQHandler                 0x08000343   Thumb Code     0  startup_stm32f407xx.o(.text)
    UART4_IRQHandler                         0x08000343   Thumb Code     0  startup_stm32f407xx.o(.text)
    UART5_IRQHandler                         0x08000343   Thumb Code     0  startup_stm32f407xx.o(.text)
    USART1_IRQHandler                        0x08000343   Thumb Code     0  startup_stm32f407xx.o(.text)
    USART2_IRQHandler                        0x08000343   Thumb Code     0  startup_stm32f407xx.o(.text)
    USART3_IRQHandler                        0x08000343   Thumb Code     0  startup_stm32f407xx.o(.text)
    USART6_IRQHandler                        0x08000343   Thumb Code     0  startup_stm32f407xx.o(.text)
    WWDG_IRQHandler                          0x08000343   Thumb Code     0  startup_stm32f407xx.o(.text)
    __user_initial_stackheap                 0x08000345   Thumb Code     0  startup_stm32f407xx.o(.text)
    __use_no_semihosting                     0x08000369   Thumb Code     2  use_no_semi_2.o(.text)
    __aeabi_uldivmod                         0x0800036b   Thumb Code     0  lludivv7m.o(.text)
    _ll_udiv                                 0x0800036b   Thumb Code   238  lludivv7m.o(.text)
    __2printf                                0x08000459   Thumb Code    20  noretval__2printf.o(.text)
    memcmp                                   0x08000471   Thumb Code    88  memcmp.o(.text)
    __aeabi_memcpy                           0x080004c9   Thumb Code     0  rt_memcpy_v6.o(.text)
    __rt_memcpy                              0x080004c9   Thumb Code   138  rt_memcpy_v6.o(.text)
    _memcpy_lastbytes                        0x0800052f   Thumb Code     0  rt_memcpy_v6.o(.text)
    __aeabi_memcpy4                          0x08000553   Thumb Code     0  rt_memcpy_w.o(.text)
    __aeabi_memcpy8                          0x08000553   Thumb Code     0  rt_memcpy_w.o(.text)
    __rt_memcpy_w                            0x08000553   Thumb Code   100  rt_memcpy_w.o(.text)
    _memcpy_lastbytes_aligned                0x0800059b   Thumb Code     0  rt_memcpy_w.o(.text)
    __aeabi_memclr4                          0x080005b7   Thumb Code     0  rt_memclr_w.o(.text)
    __aeabi_memclr8                          0x080005b7   Thumb Code     0  rt_memclr_w.o(.text)
    __rt_memclr_w                            0x080005b7   Thumb Code    78  rt_memclr_w.o(.text)
    _memset_w                                0x080005bb   Thumb Code     0  rt_memclr_w.o(.text)
    __use_two_region_memory                  0x08000605   Thumb Code     2  heapauxi.o(.text)
    __rt_heap_escrow$2region                 0x08000607   Thumb Code     2  heapauxi.o(.text)
    __rt_heap_expand$2region                 0x08000609   Thumb Code     2  heapauxi.o(.text)
    __I$use$semihosting                      0x0800060b   Thumb Code     0  use_no_semi.o(.text)
    __use_no_semihosting_swi                 0x0800060b   Thumb Code     2  use_no_semi.o(.text)
    _printf_char_file                        0x0800060d   Thumb Code    32  _printf_char_file.o(.text)
    _printf_char_common                      0x0800063b   Thumb Code    32  _printf_char_common.o(.text)
    ferror                                   0x08000661   Thumb Code     8  ferror.o(.text)
    __user_setup_stackheap                   0x08000669   Thumb Code    74  sys_stackheap_outer.o(.text)
    __printf                                 0x080006b3   Thumb Code    40  __printf_nopercent.o(.text)
    exit                                     0x080006db   Thumb Code    18  exit.o(.text)
    __user_libspace                          0x080006ed   Thumb Code     8  libspace.o(.text)
    __user_perproc_libspace                  0x080006ed   Thumb Code     0  libspace.o(.text)
    __user_perthread_libspace                0x080006ed   Thumb Code     0  libspace.o(.text)
    BusFault_Handler                         0x080006f5   Thumb Code     2  stm32f4xx_it.o(i.BusFault_Handler)
    CAN1_RX0_IRQHandler                      0x080006f9   Thumb Code     6  stm32f4xx_it.o(i.CAN1_RX0_IRQHandler)
    CAN_Config                               0x08000705   Thumb Code    90  can.o(i.CAN_Config)
    CO_slave_heartbeatError                  0x08000765   Thumb Code     2  co_slave.o(i.CO_slave_heartbeatError)
    CO_slave_initialisation                  0x08000769   Thumb Code    54  co_slave.o(i.CO_slave_initialisation)
    CO_slave_operational                     0x080007c5   Thumb Code     6  co_slave.o(i.CO_slave_operational)
    CO_slave_post_TPDO                       0x080007e5   Thumb Code     2  co_slave.o(i.CO_slave_post_TPDO)
    CO_slave_post_emcy                       0x080007e7   Thumb Code     2  co_slave.o(i.CO_slave_post_emcy)
    CO_slave_post_sync                       0x080007e9   Thumb Code     2  co_slave.o(i.CO_slave_post_sync)
    CO_slave_preOperational                  0x080007ed   Thumb Code     6  co_slave.o(i.CO_slave_preOperational)
    CO_slave_stopped                         0x08000811   Thumb Code     6  co_slave.o(i.CO_slave_stopped)
    CO_slave_storeODSubIndex                 0x0800082d   Thumb Code     4  co_slave.o(i.CO_slave_storeODSubIndex)
    ConsumerHeartbeatAlarm                   0x08000831   Thumb Code    44  lifegrd.o(i.ConsumerHeartbeatAlarm)
    CopyBits                                 0x0800085d   Thumb Code   160  pdo.o(i.CopyBits)
    DebugMon_Handler                         0x080008fd   Thumb Code     2  stm32f4xx_it.o(i.DebugMon_Handler)
    DelAlarm                                 0x08000901   Thumb Code    36  timer.o(i.DelAlarm)
    Error_Handler                            0x0800092d   Thumb Code     4  main.o(i.Error_Handler)
    GuardTimeAlarm                           0x08000931   Thumb Code    98  lifegrd.o(i.GuardTimeAlarm)
    HAL_CAN_ActivateNotification             0x08000993   Thumb Code    36  stm32f4xx_hal_can.o(i.HAL_CAN_ActivateNotification)
    HAL_CAN_AddTxMessage                     0x080009b7   Thumb Code   200  stm32f4xx_hal_can.o(i.HAL_CAN_AddTxMessage)
    HAL_CAN_ConfigFilter                     0x08000a81   Thumb Code   262  stm32f4xx_hal_can.o(i.HAL_CAN_ConfigFilter)
    HAL_CAN_ErrorCallback                    0x08000b8d   Thumb Code     2  stm32f4xx_hal_can.o(i.HAL_CAN_ErrorCallback)
    HAL_CAN_GetTxMailboxesFreeLevel          0x08000b8f   Thumb Code    44  stm32f4xx_hal_can.o(i.HAL_CAN_GetTxMailboxesFreeLevel)
    HAL_CAN_IRQHandler                       0x08000bbb   Thumb Code   508  stm32f4xx_hal_can.o(i.HAL_CAN_IRQHandler)
    HAL_CAN_Init                             0x08000db7   Thumb Code   282  stm32f4xx_hal_can.o(i.HAL_CAN_Init)
    HAL_CAN_MspInit                          0x08000ed1   Thumb Code   110  can.o(i.HAL_CAN_MspInit)
    HAL_CAN_RxFifo0FullCallback              0x08000f4d   Thumb Code     2  stm32f4xx_hal_can.o(i.HAL_CAN_RxFifo0FullCallback)
    HAL_CAN_RxFifo0MsgPendingCallback        0x08000f4f   Thumb Code     2  stm32f4xx_hal_can.o(i.HAL_CAN_RxFifo0MsgPendingCallback)
    HAL_CAN_RxFifo1FullCallback              0x08000f51   Thumb Code     2  stm32f4xx_hal_can.o(i.HAL_CAN_RxFifo1FullCallback)
    HAL_CAN_RxFifo1MsgPendingCallback        0x08000f53   Thumb Code     2  stm32f4xx_hal_can.o(i.HAL_CAN_RxFifo1MsgPendingCallback)
    HAL_CAN_SleepCallback                    0x08000f55   Thumb Code     2  stm32f4xx_hal_can.o(i.HAL_CAN_SleepCallback)
    HAL_CAN_Start                            0x08000f59   Thumb Code    88  stm32f4xx_hal_can.o(i.HAL_CAN_Start)
    HAL_CAN_TxMailbox0AbortCallback          0x08000fb1   Thumb Code     2  stm32f4xx_hal_can.o(i.HAL_CAN_TxMailbox0AbortCallback)
    HAL_CAN_TxMailbox0CompleteCallback       0x08000fb3   Thumb Code     2  stm32f4xx_hal_can.o(i.HAL_CAN_TxMailbox0CompleteCallback)
    HAL_CAN_TxMailbox1AbortCallback          0x08000fb5   Thumb Code     2  stm32f4xx_hal_can.o(i.HAL_CAN_TxMailbox1AbortCallback)
    HAL_CAN_TxMailbox1CompleteCallback       0x08000fb7   Thumb Code     2  stm32f4xx_hal_can.o(i.HAL_CAN_TxMailbox1CompleteCallback)
    HAL_CAN_TxMailbox2AbortCallback          0x08000fb9   Thumb Code     2  stm32f4xx_hal_can.o(i.HAL_CAN_TxMailbox2AbortCallback)
    HAL_CAN_TxMailbox2CompleteCallback       0x08000fbb   Thumb Code     2  stm32f4xx_hal_can.o(i.HAL_CAN_TxMailbox2CompleteCallback)
    HAL_CAN_WakeUpFromRxMsgCallback          0x08000fbd   Thumb Code     2  stm32f4xx_hal_can.o(i.HAL_CAN_WakeUpFromRxMsgCallback)
    HAL_GPIO_Init                            0x08000fc1   Thumb Code   450  stm32f4xx_hal_gpio.o(i.HAL_GPIO_Init)
    HAL_GPIO_WritePin                        0x080011b1   Thumb Code    10  stm32f4xx_hal_gpio.o(i.HAL_GPIO_WritePin)
    HAL_GetTick                              0x080011bd   Thumb Code     6  stm32f4xx_hal.o(i.HAL_GetTick)
    HAL_IncTick                              0x080011c9   Thumb Code    12  stm32f4xx_hal.o(i.HAL_IncTick)
    HAL_Init                                 0x080011d9   Thumb Code    48  stm32f4xx_hal.o(i.HAL_Init)
    HAL_InitTick                             0x0800120d   Thumb Code   100  stm32f4xx_hal_timebase_tim.o(i.HAL_InitTick)
    HAL_MspInit                              0x08001281   Thumb Code    52  stm32f4xx_hal_msp.o(i.HAL_MspInit)
    HAL_NVIC_EnableIRQ                       0x080012b9   Thumb Code    26  stm32f4xx_hal_cortex.o(i.HAL_NVIC_EnableIRQ)
    HAL_NVIC_SetPriority                     0x080012d5   Thumb Code    60  stm32f4xx_hal_cortex.o(i.HAL_NVIC_SetPriority)
    HAL_NVIC_SetPriorityGrouping             0x08001315   Thumb Code    26  stm32f4xx_hal_cortex.o(i.HAL_NVIC_SetPriorityGrouping)
    HAL_RCCEx_PeriphCLKConfig                0x08001339   Thumb Code   296  stm32f4xx_hal_rcc_ex.o(i.HAL_RCCEx_PeriphCLKConfig)
    HAL_RCC_ClockConfig                      0x08001475   Thumb Code   288  stm32f4xx_hal_rcc.o(i.HAL_RCC_ClockConfig)
    HAL_RCC_GetClockConfig                   0x080015a9   Thumb Code    54  stm32f4xx_hal_rcc.o(i.HAL_RCC_GetClockConfig)
    HAL_RCC_GetPCLK1Freq                     0x080015e9   Thumb Code    20  stm32f4xx_hal_rcc.o(i.HAL_RCC_GetPCLK1Freq)
    HAL_RCC_GetPCLK2Freq                     0x08001609   Thumb Code    20  stm32f4xx_hal_rcc.o(i.HAL_RCC_GetPCLK2Freq)
    HAL_RCC_GetSysClockFreq                  0x08001629   Thumb Code    88  stm32f4xx_hal_rcc.o(i.HAL_RCC_GetSysClockFreq)
    HAL_RCC_OscConfig                        0x08001689   Thumb Code   856  stm32f4xx_hal_rcc.o(i.HAL_RCC_OscConfig)
    HAL_RTC_Init                             0x080019f5   Thumb Code   166  stm32f4xx_hal_rtc.o(i.HAL_RTC_Init)
    HAL_RTC_MspInit                          0x08001aa1   Thumb Code    48  rtc.o(i.HAL_RTC_MspInit)
    HAL_RTC_WaitForSynchro                   0x08001ad9   Thumb Code    54  stm32f4xx_hal_rtc.o(i.HAL_RTC_WaitForSynchro)
    HAL_TIMEx_BreakCallback                  0x08001b0f   Thumb Code     2  stm32f4xx_hal_tim_ex.o(i.HAL_TIMEx_BreakCallback)
    HAL_TIMEx_CommutCallback                 0x08001b11   Thumb Code     2  stm32f4xx_hal_tim_ex.o(i.HAL_TIMEx_CommutCallback)
    HAL_TIM_Base_Init                        0x08001b13   Thumb Code    90  stm32f4xx_hal_tim.o(i.HAL_TIM_Base_Init)
    HAL_TIM_Base_MspInit                     0x08001b6d   Thumb Code    50  tim.o(i.HAL_TIM_Base_MspInit)
    HAL_TIM_Base_Start_IT                    0x08001ba9   Thumb Code   100  stm32f4xx_hal_tim.o(i.HAL_TIM_Base_Start_IT)
    HAL_TIM_ConfigClockSource                0x08001c29   Thumb Code   220  stm32f4xx_hal_tim.o(i.HAL_TIM_ConfigClockSource)
    HAL_TIM_IC_CaptureCallback               0x08001d05   Thumb Code     2  stm32f4xx_hal_tim.o(i.HAL_TIM_IC_CaptureCallback)
    HAL_TIM_IRQHandler                       0x08001d07   Thumb Code   358  stm32f4xx_hal_tim.o(i.HAL_TIM_IRQHandler)
    HAL_TIM_OC_DelayElapsedCallback          0x08001e6d   Thumb Code     2  stm32f4xx_hal_tim.o(i.HAL_TIM_OC_DelayElapsedCallback)
    HAL_TIM_PWM_PulseFinishedCallback        0x08001e6f   Thumb Code     2  stm32f4xx_hal_tim.o(i.HAL_TIM_PWM_PulseFinishedCallback)
    HAL_TIM_PeriodElapsedCallback            0x08001e71   Thumb Code    38  main.o(i.HAL_TIM_PeriodElapsedCallback)
    HAL_TIM_TriggerCallback                  0x08001ea5   Thumb Code     2  stm32f4xx_hal_tim.o(i.HAL_TIM_TriggerCallback)
    HAL_UART_Init                            0x08001ea7   Thumb Code    98  stm32f4xx_hal_uart.o(i.HAL_UART_Init)
    HAL_UART_MspInit                         0x08001f09   Thumb Code    94  usart.o(i.HAL_UART_MspInit)
    HardFault_Handler                        0x08001f75   Thumb Code     2  stm32f4xx_it.o(i.HardFault_Handler)
    MX_CAN1_Init                             0x08001f79   Thumb Code    62  can.o(i.MX_CAN1_Init)
    MX_FREERTOS_Init                         0x08001fc1   Thumb Code    30  freertos.o(i.MX_FREERTOS_Init)
    MX_GPIO_Init                             0x08001fe9   Thumb Code   102  gpio.o(i.MX_GPIO_Init)
    MX_RTC_Init                              0x08002059   Thumb Code    44  rtc.o(i.MX_RTC_Init)
    MX_TIM12_Init                            0x0800208d   Thumb Code    72  tim.o(i.MX_TIM12_Init)
    MX_USART1_UART_Init                      0x080020dd   Thumb Code    48  usart.o(i.MX_USART1_UART_Init)
    MemManage_Handler                        0x08002115   Thumb Code     2  stm32f4xx_it.o(i.MemManage_Handler)
    NMI_Handler                              0x08002117   Thumb Code     2  stm32f4xx_it.o(i.NMI_Handler)
    OnCOB_ID_SyncUpdate                      0x08002119   Thumb Code    10  sync.o(i.OnCOB_ID_SyncUpdate)
    OnHeartbeatProducerUpdate                0x08002123   Thumb Code    18  lifegrd.o(i.OnHeartbeatProducerUpdate)
    OnNodeGuardUpdate                        0x08002135   Thumb Code    18  lifegrd.o(i.OnNodeGuardUpdate)
    OnNumberOfErrorsUpdate                   0x08002149   Thumb Code    40  emcy.o(i.OnNumberOfErrorsUpdate)
    PDOEventTimerAlarm                       0x08002171   Thumb Code    40  pdo.o(i.PDOEventTimerAlarm)
    PDOInhibitTimerAlarm                     0x08002199   Thumb Code    42  pdo.o(i.PDOInhibitTimerAlarm)
    PDOInit                                  0x080021c5   Thumb Code    82  pdo.o(i.PDOInit)
    PDOStop                                  0x0800221d   Thumb Code   104  pdo.o(i.PDOStop)
    ProducerHeartbeatAlarm                   0x08002285   Thumb Code    68  lifegrd.o(i.ProducerHeartbeatAlarm)
    RTC_EnterInitMode                        0x080022c9   Thumb Code    58  stm32f4xx_hal_rtc.o(i.RTC_EnterInitMode)
    RegisterSetODentryCallBack               0x08002303   Thumb Code    36  objacces.o(i.RegisterSetODentryCallBack)
    SDOTimeoutAlarm                          0x08002329   Thumb Code   120  sdo.o(i.SDOTimeoutAlarm)
    SetAlarm                                 0x080023a5   Thumb Code   134  timer.o(i.SetAlarm)
    SillySlave_scanIndexOD                   0x08002435   Thumb Code   166  sillyslave.o(i.SillySlave_scanIndexOD)
    SillySlave_valueRangeTest                0x080024ed   Thumb Code    16  sillyslave.o(i.SillySlave_valueRangeTest)
    StartDefaultTask                         0x08002501   Thumb Code    42  freertos.o(i.StartDefaultTask)
    SyncAlarm                                0x08002531   Thumb Code     4  sync.o(i.SyncAlarm)
    SysTick_Handler                          0x08002535   Thumb Code    38  port.o(i.SysTick_Handler)
    SystemClock_Config                       0x08002561   Thumb Code   144  main.o(i.SystemClock_Config)
    SystemInit                               0x080025f9   Thumb Code    12  system_stm32f4xx.o(i.SystemInit)
    TIM1_UP_TIM10_IRQHandler                 0x08002609   Thumb Code     6  stm32f4xx_it.o(i.TIM1_UP_TIM10_IRQHandler)
    TIM8_BRK_TIM12_IRQHandler                0x08002615   Thumb Code     6  stm32f4xx_it.o(i.TIM8_BRK_TIM12_IRQHandler)
    TIM_Base_SetConfig                       0x08002621   Thumb Code   156  stm32f4xx_hal_tim.o(i.TIM_Base_SetConfig)
    TIM_ETR_SetConfig                        0x080026e9   Thumb Code    20  stm32f4xx_hal_tim.o(i.TIM_ETR_SetConfig)
    TPDO_Communication_Parameter_Callback    0x08002753   Thumb Code   102  pdo.o(i.TPDO_Communication_Parameter_Callback)
    TimeDispatch                             0x080027b9   Thumb Code   144  timer.o(i.TimeDispatch)
    UsageFault_Handler                       0x0800295d   Thumb Code     2  stm32f4xx_it.o(i.UsageFault_Handler)
    _RxPDO_EventTimers_Handler               0x0800295f   Thumb Code     2  pdo.o(i._RxPDO_EventTimers_Handler)
    _getODentry                              0x08002981   Thumb Code   190  objacces.o(i._getODentry)
    _heartbeatError                          0x08002a4d   Thumb Code     2  lifegrd.o(i._heartbeatError)
    _initialisation                          0x08002a4f   Thumb Code     2  states.o(i._initialisation)
    _nodeguardError                          0x08002a51   Thumb Code     2  lifegrd.o(i._nodeguardError)
    _operational                             0x08002a53   Thumb Code     2  states.o(i._operational)
    _post_SlaveBootup                        0x08002a55   Thumb Code     2  lifegrd.o(i._post_SlaveBootup)
    _post_SlaveStateChange                   0x08002a57   Thumb Code     2  lifegrd.o(i._post_SlaveStateChange)
    _post_TPDO                               0x08002a59   Thumb Code     2  sync.o(i._post_TPDO)
    _post_emcy                               0x08002a5b   Thumb Code     2  emcy.o(i._post_emcy)
    _post_sync                               0x08002a5d   Thumb Code     2  sync.o(i._post_sync)
    _preOperational                          0x08002a5f   Thumb Code    16  states.o(i._preOperational)
    _sendPDOevent                            0x08002a6f   Thumb Code   284  pdo.o(i._sendPDOevent)
    _setODentry                              0x08002b8d   Thumb Code   226  objacces.o(i._setODentry)
    _stopped                                 0x08002c7d   Thumb Code     2  states.o(i._stopped)
    _storeODSubIndex                         0x08002c7f   Thumb Code     2  objacces.o(i._storeODSubIndex)
    _sys_exit                                0x08002c81   Thumb Code     2  usart.o(i._sys_exit)
    buildPDO                                 0x08002c83   Thumb Code   214  pdo.o(i.buildPDO)
    canSend                                  0x08002d59   Thumb Code    74  co_slave.o(i.canSend)
    canopen_init                             0x08002dad   Thumb Code    78  co_slave.o(i.canopen_init)
    emergencyInit                            0x08002e25   Thumb Code    26  emcy.o(i.emergencyInit)
    emergencyStop                            0x08002e45   Thumb Code     2  emcy.o(i.emergencyStop)
    fputc                                    0x08002e49   Thumb Code    14  usart.o(i.fputc)
    getElapsedTime                           0x08002e5d   Thumb Code    26  co_slave.o(i.getElapsedTime)
    heartbeatInit                            0x08002e81   Thumb Code   120  lifegrd.o(i.heartbeatInit)
    heartbeatStop                            0x08002f05   Thumb Code    54  lifegrd.o(i.heartbeatStop)
    initSDOline                              0x08002f3d   Thumb Code   130  sdo.o(i.initSDOline)
    lifeGuardInit                            0x08002fc9   Thumb Code    18  lifegrd.o(i.lifeGuardInit)
    lifeGuardStop                            0x08002fdb   Thumb Code    18  lifegrd.o(i.lifeGuardStop)
    main                                     0x08002fed   Thumb Code    46  main.o(i.main)
    masterSendNMTnodeguard                   0x08003027   Thumb Code    34  nmtmaster.o(i.masterSendNMTnodeguard)
    masterSendNMTstateChange                 0x08003049   Thumb Code    38  nmtmaster.o(i.masterSendNMTstateChange)
    nodeguardInit                            0x08003071   Thumb Code   114  lifegrd.o(i.nodeguardInit)
    nodeguardStop                            0x080030ed   Thumb Code    18  lifegrd.o(i.nodeguardStop)
    osDelay                                  0x080030ff   Thumb Code    14  cmsis_os.o(i.osDelay)
    osKernelStart                            0x0800310d   Thumb Code    10  cmsis_os.o(i.osKernelStart)
    osThreadCreate                           0x08003117   Thumb Code    84  cmsis_os.o(i.osThreadCreate)
    proceedSYNC                              0x0800316b   Thumb Code    40  sync.o(i.proceedSYNC)
    pvPortMalloc                             0x080034e1   Thumb Code   216  heap_4.o(i.pvPortMalloc)
    pxPortInitialiseStack                    0x080035bd   Thumb Code    40  port.o(i.pxPortInitialiseStack)
    resetSDO                                 0x080035e9   Thumb Code    24  sdo.o(i.resetSDO)
    resetSDOline                             0x08003601   Thumb Code    50  sdo.o(i.resetSDOline)
    scanIndexOD                              0x08003633   Thumb Code    22  objacces.o(i.scanIndexOD)
    sendOnePDOevent                          0x08003649   Thumb Code   256  pdo.o(i.sendOnePDOevent)
    sendSDO                                  0x08003779   Thumb Code   120  sdo.o(i.sendSDO)
    sendSDOabort                             0x080037f1   Thumb Code    56  sdo.o(i.sendSDOabort)
    sendSYNC                                 0x08003829   Thumb Code    20  sync.o(i.sendSYNC)
    sendSYNCMessage                          0x0800383d   Thumb Code    34  sync.o(i.sendSYNCMessage)
    setNodeId                                0x08003861   Thumb Code   302  states.o(i.setNodeId)
    setState                                 0x08003995   Thumb Code   160  states.o(i.setState)
    setTimer                                 0x08003a39   Thumb Code    36  co_slave.o(i.setTimer)
    slaveSendBootUp                          0x08003a65   Thumb Code    42  nmtslave.o(i.slaveSendBootUp)
    startSYNC                                0x08003a91   Thumb Code    86  sync.o(i.startSYNC)
    stopSYNC                                 0x08003af1   Thumb Code    44  sync.o(i.stopSYNC)
    switchCommunicationState                 0x08003b1d   Thumb Code   234  states.o(i.switchCommunicationState)
    uxListRemove                             0x08003c07   Thumb Code    38  list.o(i.uxListRemove)
    vApplicationGetIdleTaskMemory            0x08003c2d   Thumb Code    16  freertos.o(i.vApplicationGetIdleTaskMemory)
    vListInitialise                          0x08003c41   Thumb Code    22  list.o(i.vListInitialise)
    vListInitialiseItem                      0x08003c57   Thumb Code     6  list.o(i.vListInitialiseItem)
    vListInsert                              0x08003c5d   Thumb Code    48  list.o(i.vListInsert)
    vListInsertEnd                           0x08003c8d   Thumb Code    24  list.o(i.vListInsertEnd)
    vPortEnterCritical                       0x08003ca5   Thumb Code    54  port.o(i.vPortEnterCritical)
    vPortExitCritical                        0x08003ce5   Thumb Code    34  port.o(i.vPortExitCritical)
    vPortFree                                0x08003d0d   Thumb Code    94  heap_4.o(i.vPortFree)
    vPortSetupTimerInterrupt                 0x08003d71   Thumb Code    32  port.o(i.vPortSetupTimerInterrupt)
    vTaskDelay                               0x08003d95   Thumb Code    66  tasks.o(i.vTaskDelay)
    vTaskStartScheduler                      0x08003de1   Thumb Code    90  tasks.o(i.vTaskStartScheduler)
    vTaskSuspendAll                          0x08003e4d   Thumb Code    10  tasks.o(i.vTaskSuspendAll)
    vTaskSwitchContext                       0x08003e5d   Thumb Code    82  tasks.o(i.vTaskSwitchContext)
    xPortStartScheduler                      0x08003eb9   Thumb Code   222  port.o(i.xPortStartScheduler)
    xTaskCreate                              0x08003fad   Thumb Code    90  tasks.o(i.xTaskCreate)
    xTaskCreateStatic                        0x08004007   Thumb Code    86  tasks.o(i.xTaskCreateStatic)
    xTaskIncrementTick                       0x0800405d   Thumb Code   194  tasks.o(i.xTaskIncrementTick)
    xTaskResumeAll                           0x08004129   Thumb Code   182  tasks.o(i.xTaskResumeAll)
    _fp_init                                 0x080041ed   Thumb Code    10  fpinit.o(x$fpl$fpinit)
    __fplib_config_fpu_vfp                   0x080041f5   Thumb Code     0  fpinit.o(x$fpl$fpinit)
    __fplib_config_pureend_doubles           0x080041f5   Thumb Code     0  fpinit.o(x$fpl$fpinit)
    SillySlave_iam_a_slave                   0x080041f6   Data           1  sillyslave.o(.constdata)
    SillySlave_objdict                       0x080041f8   Data          88  sillyslave.o(.constdata)
    SillySlave_firstIndex                    0x08004250   Data          12  sillyslave.o(.constdata)
    SillySlave_lastIndex                     0x0800425c   Data          12  sillyslave.o(.constdata)
    SillySlave_ObjdictSize                   0x08004268   Data           2  sillyslave.o(.constdata)
    AHBPrescTable                            0x08004288   Data          16  system_stm32f4xx.o(.constdata)
    APBPrescTable                            0x08004298   Data           8  system_stm32f4xx.o(.constdata)
    Region$$Table$$Base                      0x080042ec   Number         0  anon$$obj.o(Region$$Table)
    Region$$Table$$Limit                     0x0800430c   Number         0  anon$$obj.o(Region$$Table)
    OD_Data                                  0x20000000   Data           4  co_slave.o(.data)
    last_counter_val                         0x20000004   Data           4  co_slave.o(.data)
    elapsed_time                             0x20000008   Data           4  co_slave.o(.data)
    LifeSignal                               0x2000000c   Data           1  sillyslave.o(.data)
    ADCDATA                                  0x2000000d   Data           4  sillyslave.o(.data)
    SillySlave_bDeviceNodeId                 0x20000011   Data           1  sillyslave.o(.data)
    SillySlave_obj1000                       0x20000014   Data           4  sillyslave.o(.data)
    SillySlave_Index1000                     0x20000018   Data          12  sillyslave.o(.data)
    SillySlave_obj1001                       0x20000024   Data           1  sillyslave.o(.data)
    SillySlave_Index1001                     0x20000028   Data          12  sillyslave.o(.data)
    SillySlave_highestSubIndex_obj1003       0x20000034   Data           1  sillyslave.o(.data)
    SillySlave_obj1003                       0x20000038   Data           4  sillyslave.o(.data)
    SillySlave_obj1005                       0x2000003c   Data           4  sillyslave.o(.data)
    SillySlave_obj1006                       0x20000040   Data           4  sillyslave.o(.data)
    SillySlave_obj100C                       0x20000044   Data           2  sillyslave.o(.data)
    SillySlave_obj100D                       0x20000046   Data           1  sillyslave.o(.data)
    SillySlave_obj1012                       0x20000048   Data           4  sillyslave.o(.data)
    SillySlave_Index1012                     0x2000004c   Data          12  sillyslave.o(.data)
    SillySlave_obj1013                       0x20000058   Data           4  sillyslave.o(.data)
    SillySlave_Index1013                     0x2000005c   Data          12  sillyslave.o(.data)
    SillySlave_obj1014                       0x20000068   Data           4  sillyslave.o(.data)
    SillySlave_highestSubIndex_obj1016       0x2000006c   Data           1  sillyslave.o(.data)
    SillySlave_obj1016                       0x20000070   Data           4  sillyslave.o(.data)
    SillySlave_obj1017                       0x20000074   Data           2  sillyslave.o(.data)
    SillySlave_Index1017_callbacks           0x20000078   Data           4  sillyslave.o(.data)
    SillySlave_Index1017                     0x2000007c   Data          12  sillyslave.o(.data)
    SillySlave_highestSubIndex_obj1018       0x20000088   Data           1  sillyslave.o(.data)
    SillySlave_obj1018_Vendor_ID             0x2000008c   Data           4  sillyslave.o(.data)
    SillySlave_obj1018_Product_Code          0x20000090   Data           4  sillyslave.o(.data)
    SillySlave_obj1018_Revision_Number       0x20000094   Data           4  sillyslave.o(.data)
    SillySlave_obj1018_Serial_Number         0x20000098   Data           4  sillyslave.o(.data)
    SillySlave_Index1018                     0x2000009c   Data          60  sillyslave.o(.data)
    SillySlave_highestSubIndex_obj1200       0x200000d8   Data           1  sillyslave.o(.data)
    SillySlave_obj1200_COB_ID_Client_to_Server_Receive_SDO 0x200000dc   Data           4  sillyslave.o(.data)
    SillySlave_obj1200_COB_ID_Server_to_Client_Transmit_SDO 0x200000e0   Data           4  sillyslave.o(.data)
    SillySlave_Index1200                     0x200000e4   Data          36  sillyslave.o(.data)
    SillySlave_highestSubIndex_obj1800       0x20000108   Data           1  sillyslave.o(.data)
    SillySlave_obj1800_COB_ID_used_by_PDO    0x2000010c   Data           4  sillyslave.o(.data)
    SillySlave_obj1800_Transmission_Type     0x20000110   Data           1  sillyslave.o(.data)
    SillySlave_obj1800_Inhibit_Time          0x20000112   Data           2  sillyslave.o(.data)
    SillySlave_obj1800_Compatibility_Entry   0x20000114   Data           1  sillyslave.o(.data)
    SillySlave_obj1800_Event_Timer           0x20000116   Data           2  sillyslave.o(.data)
    SillySlave_Index1800                     0x20000118   Data          72  sillyslave.o(.data)
    SillySlave_highestSubIndex_obj1A00       0x20000160   Data           1  sillyslave.o(.data)
    SillySlave_obj1A00                       0x20000164   Data           4  sillyslave.o(.data)
    SillySlave_Index1A00                     0x20000168   Data          24  sillyslave.o(.data)
    SillySlave_Index2001                     0x20000180   Data          12  sillyslave.o(.data)
    SillySlave_highestSubIndex_obj2002       0x2000018c   Data           1  sillyslave.o(.data)
    SillySlave_Index2002                     0x20000190   Data          60  sillyslave.o(.data)
    SillySlave_PDO_status                    0x200001cc   Data          18  sillyslave.o(.data)
    SillySlave_Data                          0x200001e0   Data         572  sillyslave.o(.data)
    SillySlave_heartBeatTimers               0x2000041c   Data           2  sillyslave.o(.data)
    defaultTaskHandle                        0x20000420   Data           4  freertos.o(.data)
    __stdout                                 0x20000424   Data           4  usart.o(.data)
    uwTickFreq                               0x20000428   Data           1  stm32f4xx_hal.o(.data)
    uwTickPrio                               0x2000042c   Data           4  stm32f4xx_hal.o(.data)
    uwTick                                   0x20000430   Data           4  stm32f4xx_hal.o(.data)
    SystemCoreClock                          0x20000434   Data           4  system_stm32f4xx.o(.data)
    pxCurrentTCB                             0x20000438   Data           4  tasks.o(.data)
    last_timer_raw                           0x200004a0   Data           2  timer.o(.data)
    total_sleep_time                         0x200004a4   Data           4  timer.o(.data)
    SillySlave_Index1200_callbacks           0x200004a8   Data          12  sillyslave.o(.bss)
    SillySlave_Index1800_callbacks           0x200004b4   Data          24  sillyslave.o(.bss)
    TxHeader                                 0x20000720   Data          24  can.o(.bss)
    hcan1                                    0x20000738   Data          40  can.o(.bss)
    hrtc                                     0x20000760   Data          32  rtc.o(.bss)
    htim12                                   0x20000780   Data          72  tim.o(.bss)
    huart1                                   0x200007c8   Data          68  usart.o(.bss)
    htim1                                    0x2000080c   Data          72  stm32f4xx_hal_timebase_tim.o(.bss)
    timers                                   0x20004544   Data         192  timer.o(.bss)
    __libspace_start                         0x20004604   Data          96  libspace.o(.bss)
    __temporary_stack_top$libspace           0x20004664   Data           0  libspace.o(.bss)



==============================================================================

Memory Map of the image

  Image Entry point : 0x08000189

  Load Region LR_IROM1 (Base: 0x08000000, Size: 0x000047b4, Max: 0x00100000, ABSOLUTE, COMPRESSED[0x00004460])

    Execution Region ER_IROM1 (Exec base: 0x08000000, Load base: 0x08000000, Size: 0x0000430c, Max: 0x00100000, ABSOLUTE)

    Exec Addr    Load Addr    Size         Type   Attr      Idx    E Section Name        Object

    0x08000000   0x08000000   0x00000188   Data   RO            3    RESET               startup_stm32f407xx.o
    0x08000188   0x08000188   0x00000008   Code   RO         6243  * !!!main             c_w.l(__main.o)
    0x08000190   0x08000190   0x00000034   Code   RO         6422    !!!scatter          c_w.l(__scatter.o)
    0x080001c4   0x080001c4   0x0000005a   Code   RO         6420    !!dczerorl2         c_w.l(__dczerorl2.o)
    0x0800021e   0x0800021e   0x00000002   PAD
    0x08000220   0x08000220   0x0000001c   Code   RO         6424    !!handler_zi        c_w.l(__scatter_zi.o)
    0x0800023c   0x0800023c   0x00000002   Code   RO         6294    .ARM.Collect$$libinit$$00000000  c_w.l(libinit.o)
    0x0800023e   0x0800023e   0x00000004   Code   RO         6306    .ARM.Collect$$libinit$$00000001  c_w.l(libinit2.o)
    0x08000242   0x08000242   0x00000000   Code   RO         6309    .ARM.Collect$$libinit$$00000004  c_w.l(libinit2.o)
    0x08000242   0x08000242   0x00000000   Code   RO         6312    .ARM.Collect$$libinit$$0000000A  c_w.l(libinit2.o)
    0x08000242   0x08000242   0x00000000   Code   RO         6314    .ARM.Collect$$libinit$$0000000C  c_w.l(libinit2.o)
    0x08000242   0x08000242   0x00000000   Code   RO         6316    .ARM.Collect$$libinit$$0000000E  c_w.l(libinit2.o)
    0x08000242   0x08000242   0x00000000   Code   RO         6319    .ARM.Collect$$libinit$$00000011  c_w.l(libinit2.o)
    0x08000242   0x08000242   0x00000000   Code   RO         6321    .ARM.Collect$$libinit$$00000013  c_w.l(libinit2.o)
    0x08000242   0x08000242   0x00000000   Code   RO         6323    .ARM.Collect$$libinit$$00000015  c_w.l(libinit2.o)
    0x08000242   0x08000242   0x00000000   Code   RO         6325    .ARM.Collect$$libinit$$00000017  c_w.l(libinit2.o)
    0x08000242   0x08000242   0x00000000   Code   RO         6327    .ARM.Collect$$libinit$$00000019  c_w.l(libinit2.o)
    0x08000242   0x08000242   0x00000000   Code   RO         6329    .ARM.Collect$$libinit$$0000001B  c_w.l(libinit2.o)
    0x08000242   0x08000242   0x00000000   Code   RO         6331    .ARM.Collect$$libinit$$0000001D  c_w.l(libinit2.o)
    0x08000242   0x08000242   0x00000000   Code   RO         6333    .ARM.Collect$$libinit$$0000001F  c_w.l(libinit2.o)
    0x08000242   0x08000242   0x00000000   Code   RO         6335    .ARM.Collect$$libinit$$00000021  c_w.l(libinit2.o)
    0x08000242   0x08000242   0x00000000   Code   RO         6337    .ARM.Collect$$libinit$$00000023  c_w.l(libinit2.o)
    0x08000242   0x08000242   0x00000000   Code   RO         6339    .ARM.Collect$$libinit$$00000025  c_w.l(libinit2.o)
    0x08000242   0x08000242   0x00000000   Code   RO         6343    .ARM.Collect$$libinit$$0000002C  c_w.l(libinit2.o)
    0x08000242   0x08000242   0x00000000   Code   RO         6345    .ARM.Collect$$libinit$$0000002E  c_w.l(libinit2.o)
    0x08000242   0x08000242   0x00000000   Code   RO         6347    .ARM.Collect$$libinit$$00000030  c_w.l(libinit2.o)
    0x08000242   0x08000242   0x00000000   Code   RO         6349    .ARM.Collect$$libinit$$00000032  c_w.l(libinit2.o)
    0x08000242   0x08000242   0x00000002   Code   RO         6350    .ARM.Collect$$libinit$$00000033  c_w.l(libinit2.o)
    0x08000244   0x08000244   0x00000002   Code   RO         6376    .ARM.Collect$$libshutdown$$00000000  c_w.l(libshutdown.o)
    0x08000246   0x08000246   0x00000000   Code   RO         6403    .ARM.Collect$$libshutdown$$00000002  c_w.l(libshutdown2.o)
    0x08000246   0x08000246   0x00000000   Code   RO         6405    .ARM.Collect$$libshutdown$$00000004  c_w.l(libshutdown2.o)
    0x08000246   0x08000246   0x00000000   Code   RO         6408    .ARM.Collect$$libshutdown$$00000007  c_w.l(libshutdown2.o)
    0x08000246   0x08000246   0x00000000   Code   RO         6411    .ARM.Collect$$libshutdown$$0000000A  c_w.l(libshutdown2.o)
    0x08000246   0x08000246   0x00000000   Code   RO         6413    .ARM.Collect$$libshutdown$$0000000C  c_w.l(libshutdown2.o)
    0x08000246   0x08000246   0x00000000   Code   RO         6416    .ARM.Collect$$libshutdown$$0000000F  c_w.l(libshutdown2.o)
    0x08000246   0x08000246   0x00000002   Code   RO         6417    .ARM.Collect$$libshutdown$$00000010  c_w.l(libshutdown2.o)
    0x08000248   0x08000248   0x00000000   Code   RO         6247    .ARM.Collect$$rtentry$$00000000  c_w.l(__rtentry.o)
    0x08000248   0x08000248   0x00000000   Code   RO         6257    .ARM.Collect$$rtentry$$00000002  c_w.l(__rtentry2.o)
    0x08000248   0x08000248   0x00000006   Code   RO         6269    .ARM.Collect$$rtentry$$00000004  c_w.l(__rtentry4.o)
    0x0800024e   0x0800024e   0x00000000   Code   RO         6259    .ARM.Collect$$rtentry$$00000009  c_w.l(__rtentry2.o)
    0x0800024e   0x0800024e   0x00000004   Code   RO         6260    .ARM.Collect$$rtentry$$0000000A  c_w.l(__rtentry2.o)
    0x08000252   0x08000252   0x00000000   Code   RO         6262    .ARM.Collect$$rtentry$$0000000C  c_w.l(__rtentry2.o)
    0x08000252   0x08000252   0x00000008   Code   RO         6263    .ARM.Collect$$rtentry$$0000000D  c_w.l(__rtentry2.o)
    0x0800025a   0x0800025a   0x00000002   Code   RO         6298    .ARM.Collect$$rtexit$$00000000  c_w.l(rtexit.o)
    0x0800025c   0x0800025c   0x00000000   Code   RO         6352    .ARM.Collect$$rtexit$$00000002  c_w.l(rtexit2.o)
    0x0800025c   0x0800025c   0x00000004   Code   RO         6353    .ARM.Collect$$rtexit$$00000003  c_w.l(rtexit2.o)
    0x08000260   0x08000260   0x00000006   Code   RO         6354    .ARM.Collect$$rtexit$$00000004  c_w.l(rtexit2.o)
    0x08000266   0x08000266   0x00000002   PAD
    0x08000268   0x08000268   0x000000be   Code   RO         5249    .emb_text           port.o
    0x08000326   0x08000326   0x00000002   PAD
    0x08000328   0x08000328   0x00000040   Code   RO            4    .text               startup_stm32f407xx.o
    0x08000368   0x08000368   0x00000002   Code   RO         6223    .text               c_w.l(use_no_semi_2.o)
    0x0800036a   0x0800036a   0x000000ee   Code   RO         6225    .text               c_w.l(lludivv7m.o)
    0x08000458   0x08000458   0x00000018   Code   RO         6229    .text               c_w.l(noretval__2printf.o)
    0x08000470   0x08000470   0x00000058   Code   RO         6231    .text               c_w.l(memcmp.o)
    0x080004c8   0x080004c8   0x0000008a   Code   RO         6233    .text               c_w.l(rt_memcpy_v6.o)
    0x08000552   0x08000552   0x00000064   Code   RO         6235    .text               c_w.l(rt_memcpy_w.o)
    0x080005b6   0x080005b6   0x0000004e   Code   RO         6239    .text               c_w.l(rt_memclr_w.o)
    0x08000604   0x08000604   0x00000006   Code   RO         6241    .text               c_w.l(heapauxi.o)
    0x0800060a   0x0800060a   0x00000002   Code   RO         6245    .text               c_w.l(use_no_semi.o)
    0x0800060c   0x0800060c   0x00000024   Code   RO         6252    .text               c_w.l(_printf_char_file.o)
    0x08000630   0x08000630   0x00000030   Code   RO         6273    .text               c_w.l(_printf_char_common.o)
    0x08000660   0x08000660   0x00000008   Code   RO         6275    .text               c_w.l(ferror.o)
    0x08000668   0x08000668   0x0000004a   Code   RO         6279    .text               c_w.l(sys_stackheap_outer.o)
    0x080006b2   0x080006b2   0x00000028   Code   RO         6281    .text               c_w.l(__printf_nopercent.o)
    0x080006da   0x080006da   0x00000012   Code   RO         6283    .text               c_w.l(exit.o)
    0x080006ec   0x080006ec   0x00000008   Code   RO         6295    .text               c_w.l(libspace.o)
    0x080006f4   0x080006f4   0x00000002   Code   RO          770    i.BusFault_Handler  stm32f4xx_it.o
    0x080006f6   0x080006f6   0x00000002   PAD
    0x080006f8   0x080006f8   0x0000000c   Code   RO          771    i.CAN1_RX0_IRQHandler  stm32f4xx_it.o
    0x08000704   0x08000704   0x00000060   Code   RO          573    i.CAN_Config        can.o
    0x08000764   0x08000764   0x00000002   Code   RO           13    i.CO_slave_heartbeatError  co_slave.o
    0x08000766   0x08000766   0x00000002   PAD
    0x08000768   0x08000768   0x0000005c   Code   RO           14    i.CO_slave_initialisation  co_slave.o
    0x080007c4   0x080007c4   0x00000020   Code   RO           15    i.CO_slave_operational  co_slave.o
    0x080007e4   0x080007e4   0x00000002   Code   RO           16    i.CO_slave_post_TPDO  co_slave.o
    0x080007e6   0x080007e6   0x00000002   Code   RO           17    i.CO_slave_post_emcy  co_slave.o
    0x080007e8   0x080007e8   0x00000002   Code   RO           18    i.CO_slave_post_sync  co_slave.o
    0x080007ea   0x080007ea   0x00000002   PAD
    0x080007ec   0x080007ec   0x00000024   Code   RO           19    i.CO_slave_preOperational  co_slave.o
    0x08000810   0x08000810   0x0000001c   Code   RO           20    i.CO_slave_stopped  co_slave.o
    0x0800082c   0x0800082c   0x00000004   Code   RO           21    i.CO_slave_storeODSubIndex  co_slave.o
    0x08000830   0x08000830   0x0000002c   Code   RO         5472    i.ConsumerHeartbeatAlarm  lifegrd.o
    0x0800085c   0x0800085c   0x000000a0   Code   RO         5733    i.CopyBits          pdo.o
    0x080008fc   0x080008fc   0x00000002   Code   RO          772    i.DebugMon_Handler  stm32f4xx_it.o
    0x080008fe   0x080008fe   0x00000002   PAD
    0x08000900   0x08000900   0x0000002c   Code   RO         6180    i.DelAlarm          timer.o
    0x0800092c   0x0800092c   0x00000004   Code   RO          389    i.Error_Handler     main.o
    0x08000930   0x08000930   0x00000062   Code   RO         5473    i.GuardTimeAlarm    lifegrd.o
    0x08000992   0x08000992   0x00000024   Code   RO          910    i.HAL_CAN_ActivateNotification  stm32f4xx_hal_can.o
    0x080009b6   0x080009b6   0x000000c8   Code   RO          911    i.HAL_CAN_AddTxMessage  stm32f4xx_hal_can.o
    0x08000a7e   0x08000a7e   0x00000002   PAD
    0x08000a80   0x08000a80   0x0000010c   Code   RO          912    i.HAL_CAN_ConfigFilter  stm32f4xx_hal_can.o
    0x08000b8c   0x08000b8c   0x00000002   Code   RO          915    i.HAL_CAN_ErrorCallback  stm32f4xx_hal_can.o
    0x08000b8e   0x08000b8e   0x0000002c   Code   RO          920    i.HAL_CAN_GetTxMailboxesFreeLevel  stm32f4xx_hal_can.o
    0x08000bba   0x08000bba   0x000001fc   Code   RO          922    i.HAL_CAN_IRQHandler  stm32f4xx_hal_can.o
    0x08000db6   0x08000db6   0x0000011a   Code   RO          923    i.HAL_CAN_Init      stm32f4xx_hal_can.o
    0x08000ed0   0x08000ed0   0x0000007c   Code   RO          575    i.HAL_CAN_MspInit   can.o
    0x08000f4c   0x08000f4c   0x00000002   Code   RO          930    i.HAL_CAN_RxFifo0FullCallback  stm32f4xx_hal_can.o
    0x08000f4e   0x08000f4e   0x00000002   Code   RO          931    i.HAL_CAN_RxFifo0MsgPendingCallback  stm32f4xx_hal_can.o
    0x08000f50   0x08000f50   0x00000002   Code   RO          932    i.HAL_CAN_RxFifo1FullCallback  stm32f4xx_hal_can.o
    0x08000f52   0x08000f52   0x00000002   Code   RO          933    i.HAL_CAN_RxFifo1MsgPendingCallback  stm32f4xx_hal_can.o
    0x08000f54   0x08000f54   0x00000002   Code   RO          934    i.HAL_CAN_SleepCallback  stm32f4xx_hal_can.o
    0x08000f56   0x08000f56   0x00000002   PAD
    0x08000f58   0x08000f58   0x00000058   Code   RO          935    i.HAL_CAN_Start     stm32f4xx_hal_can.o
    0x08000fb0   0x08000fb0   0x00000002   Code   RO          937    i.HAL_CAN_TxMailbox0AbortCallback  stm32f4xx_hal_can.o
    0x08000fb2   0x08000fb2   0x00000002   Code   RO          938    i.HAL_CAN_TxMailbox0CompleteCallback  stm32f4xx_hal_can.o
    0x08000fb4   0x08000fb4   0x00000002   Code   RO          939    i.HAL_CAN_TxMailbox1AbortCallback  stm32f4xx_hal_can.o
    0x08000fb6   0x08000fb6   0x00000002   Code   RO          940    i.HAL_CAN_TxMailbox1CompleteCallback  stm32f4xx_hal_can.o
    0x08000fb8   0x08000fb8   0x00000002   Code   RO          941    i.HAL_CAN_TxMailbox2AbortCallback  stm32f4xx_hal_can.o
    0x08000fba   0x08000fba   0x00000002   Code   RO          942    i.HAL_CAN_TxMailbox2CompleteCallback  stm32f4xx_hal_can.o
    0x08000fbc   0x08000fbc   0x00000002   Code   RO          944    i.HAL_CAN_WakeUpFromRxMsgCallback  stm32f4xx_hal_can.o
    0x08000fbe   0x08000fbe   0x00000002   PAD
    0x08000fc0   0x08000fc0   0x000001f0   Code   RO         1498    i.HAL_GPIO_Init     stm32f4xx_hal_gpio.o
    0x080011b0   0x080011b0   0x0000000a   Code   RO         1502    i.HAL_GPIO_WritePin  stm32f4xx_hal_gpio.o
    0x080011ba   0x080011ba   0x00000002   PAD
    0x080011bc   0x080011bc   0x0000000c   Code   RO         2030    i.HAL_GetTick       stm32f4xx_hal.o
    0x080011c8   0x080011c8   0x00000010   Code   RO         2036    i.HAL_IncTick       stm32f4xx_hal.o
    0x080011d8   0x080011d8   0x00000034   Code   RO         2037    i.HAL_Init          stm32f4xx_hal.o
    0x0800120c   0x0800120c   0x00000074   Code   RO          870    i.HAL_InitTick      stm32f4xx_hal_timebase_tim.o
    0x08001280   0x08001280   0x00000038   Code   RO          846    i.HAL_MspInit       stm32f4xx_hal_msp.o
    0x080012b8   0x080012b8   0x0000001a   Code   RO         1887    i.HAL_NVIC_EnableIRQ  stm32f4xx_hal_cortex.o
    0x080012d2   0x080012d2   0x00000002   PAD
    0x080012d4   0x080012d4   0x00000040   Code   RO         1893    i.HAL_NVIC_SetPriority  stm32f4xx_hal_cortex.o
    0x08001314   0x08001314   0x00000024   Code   RO         1894    i.HAL_NVIC_SetPriorityGrouping  stm32f4xx_hal_cortex.o
    0x08001338   0x08001338   0x0000013c   Code   RO         1249    i.HAL_RCCEx_PeriphCLKConfig  stm32f4xx_hal_rcc_ex.o
    0x08001474   0x08001474   0x00000134   Code   RO         1144    i.HAL_RCC_ClockConfig  stm32f4xx_hal_rcc.o
    0x080015a8   0x080015a8   0x00000040   Code   RO         1148    i.HAL_RCC_GetClockConfig  stm32f4xx_hal_rcc.o
    0x080015e8   0x080015e8   0x00000020   Code   RO         1151    i.HAL_RCC_GetPCLK1Freq  stm32f4xx_hal_rcc.o
    0x08001608   0x08001608   0x00000020   Code   RO         1152    i.HAL_RCC_GetPCLK2Freq  stm32f4xx_hal_rcc.o
    0x08001628   0x08001628   0x00000060   Code   RO         1153    i.HAL_RCC_GetSysClockFreq  stm32f4xx_hal_rcc.o
    0x08001688   0x08001688   0x0000036c   Code   RO         1156    i.HAL_RCC_OscConfig  stm32f4xx_hal_rcc.o
    0x080019f4   0x080019f4   0x000000ac   Code   RO         2288    i.HAL_RTC_Init      stm32f4xx_hal_rtc.o
    0x08001aa0   0x08001aa0   0x00000038   Code   RO          628    i.HAL_RTC_MspInit   rtc.o
    0x08001ad8   0x08001ad8   0x00000036   Code   RO         2296    i.HAL_RTC_WaitForSynchro  stm32f4xx_hal_rtc.o
    0x08001b0e   0x08001b0e   0x00000002   Code   RO         3376    i.HAL_TIMEx_BreakCallback  stm32f4xx_hal_tim_ex.o
    0x08001b10   0x08001b10   0x00000002   Code   RO         3377    i.HAL_TIMEx_CommutCallback  stm32f4xx_hal_tim_ex.o
    0x08001b12   0x08001b12   0x0000005a   Code   RO         2672    i.HAL_TIM_Base_Init  stm32f4xx_hal_tim.o
    0x08001b6c   0x08001b6c   0x0000003c   Code   RO          670    i.HAL_TIM_Base_MspInit  tim.o
    0x08001ba8   0x08001ba8   0x00000080   Code   RO         2677    i.HAL_TIM_Base_Start_IT  stm32f4xx_hal_tim.o
    0x08001c28   0x08001c28   0x000000dc   Code   RO         2681    i.HAL_TIM_ConfigClockSource  stm32f4xx_hal_tim.o
    0x08001d04   0x08001d04   0x00000002   Code   RO         2706    i.HAL_TIM_IC_CaptureCallback  stm32f4xx_hal_tim.o
    0x08001d06   0x08001d06   0x00000166   Code   RO         2720    i.HAL_TIM_IRQHandler  stm32f4xx_hal_tim.o
    0x08001e6c   0x08001e6c   0x00000002   Code   RO         2723    i.HAL_TIM_OC_DelayElapsedCallback  stm32f4xx_hal_tim.o
    0x08001e6e   0x08001e6e   0x00000002   Code   RO         2750    i.HAL_TIM_PWM_PulseFinishedCallback  stm32f4xx_hal_tim.o
    0x08001e70   0x08001e70   0x00000034   Code   RO          390    i.HAL_TIM_PeriodElapsedCallback  main.o
    0x08001ea4   0x08001ea4   0x00000002   Code   RO         2763    i.HAL_TIM_TriggerCallback  stm32f4xx_hal_tim.o
    0x08001ea6   0x08001ea6   0x00000062   Code   RO         3672    i.HAL_UART_Init     stm32f4xx_hal_uart.o
    0x08001f08   0x08001f08   0x0000006c   Code   RO          712    i.HAL_UART_MspInit  usart.o
    0x08001f74   0x08001f74   0x00000002   Code   RO          773    i.HardFault_Handler  stm32f4xx_it.o
    0x08001f76   0x08001f76   0x00000002   PAD
    0x08001f78   0x08001f78   0x00000048   Code   RO          576    i.MX_CAN1_Init      can.o
    0x08001fc0   0x08001fc0   0x00000028   Code   RO          522    i.MX_FREERTOS_Init  freertos.o
    0x08001fe8   0x08001fe8   0x00000070   Code   RO          498    i.MX_GPIO_Init      gpio.o
    0x08002058   0x08002058   0x00000034   Code   RO          629    i.MX_RTC_Init       rtc.o
    0x0800208c   0x0800208c   0x00000050   Code   RO          671    i.MX_TIM12_Init     tim.o
    0x080020dc   0x080020dc   0x00000038   Code   RO          713    i.MX_USART1_UART_Init  usart.o
    0x08002114   0x08002114   0x00000002   Code   RO          774    i.MemManage_Handler  stm32f4xx_it.o
    0x08002116   0x08002116   0x00000002   Code   RO          775    i.NMI_Handler       stm32f4xx_it.o
    0x08002118   0x08002118   0x0000000a   Code   RO         6111    i.OnCOB_ID_SyncUpdate  sync.o
    0x08002122   0x08002122   0x00000012   Code   RO         5474    i.OnHeartbeatProducerUpdate  lifegrd.o
    0x08002134   0x08002134   0x00000012   Code   RO         5475    i.OnNodeGuardUpdate  lifegrd.o
    0x08002146   0x08002146   0x00000002   PAD
    0x08002148   0x08002148   0x00000028   Code   RO         5408    i.OnNumberOfErrorsUpdate  emcy.o
    0x08002170   0x08002170   0x00000028   Code   RO         5734    i.PDOEventTimerAlarm  pdo.o
    0x08002198   0x08002198   0x0000002a   Code   RO         5735    i.PDOInhibitTimerAlarm  pdo.o
    0x080021c2   0x080021c2   0x00000002   PAD
    0x080021c4   0x080021c4   0x00000058   Code   RO         5736    i.PDOInit           pdo.o
    0x0800221c   0x0800221c   0x00000068   Code   RO         5737    i.PDOStop           pdo.o
    0x08002284   0x08002284   0x00000044   Code   RO         5476    i.ProducerHeartbeatAlarm  lifegrd.o
    0x080022c8   0x080022c8   0x0000003a   Code   RO         2299    i.RTC_EnterInitMode  stm32f4xx_hal_rtc.o
    0x08002302   0x08002302   0x00000024   Code   RO         5679    i.RegisterSetODentryCallBack  objacces.o
    0x08002326   0x08002326   0x00000002   PAD
    0x08002328   0x08002328   0x0000007c   Code   RO         5835    i.SDOTimeoutAlarm   sdo.o
    0x080023a4   0x080023a4   0x00000090   Code   RO         6181    i.SetAlarm          timer.o
    0x08002434   0x08002434   0x000000b8   Code   RO          297    i.SillySlave_scanIndexOD  sillyslave.o
    0x080024ec   0x080024ec   0x00000014   Code   RO          298    i.SillySlave_valueRangeTest  sillyslave.o
    0x08002500   0x08002500   0x00000030   Code   RO          523    i.StartDefaultTask  freertos.o
    0x08002530   0x08002530   0x00000004   Code   RO         6112    i.SyncAlarm         sync.o
    0x08002534   0x08002534   0x0000002c   Code   RO         5250    i.SysTick_Handler   port.o
    0x08002560   0x08002560   0x00000098   Code   RO          391    i.SystemClock_Config  main.o
    0x080025f8   0x080025f8   0x00000010   Code   RO         4001    i.SystemInit        system_stm32f4xx.o
    0x08002608   0x08002608   0x0000000c   Code   RO          776    i.TIM1_UP_TIM10_IRQHandler  stm32f4xx_it.o
    0x08002614   0x08002614   0x0000000c   Code   RO          777    i.TIM8_BRK_TIM12_IRQHandler  stm32f4xx_it.o
    0x08002620   0x08002620   0x000000c8   Code   RO         2765    i.TIM_Base_SetConfig  stm32f4xx_hal_tim.o
    0x080026e8   0x080026e8   0x00000014   Code   RO         2776    i.TIM_ETR_SetConfig  stm32f4xx_hal_tim.o
    0x080026fc   0x080026fc   0x00000010   Code   RO         2777    i.TIM_ITRx_SetConfig  stm32f4xx_hal_tim.o
    0x0800270c   0x0800270c   0x00000022   Code   RO         2783    i.TIM_TI1_ConfigInputStage  stm32f4xx_hal_tim.o
    0x0800272e   0x0800272e   0x00000024   Code   RO         2785    i.TIM_TI2_ConfigInputStage  stm32f4xx_hal_tim.o
    0x08002752   0x08002752   0x00000066   Code   RO         5738    i.TPDO_Communication_Parameter_Callback  pdo.o
    0x080027b8   0x080027b8   0x00000098   Code   RO         6182    i.TimeDispatch      timer.o
    0x08002850   0x08002850   0x0000010c   Code   RO         3698    i.UART_SetConfig    stm32f4xx_hal_uart.o
    0x0800295c   0x0800295c   0x00000002   Code   RO          778    i.UsageFault_Handler  stm32f4xx_it.o
    0x0800295e   0x0800295e   0x00000002   Code   RO         5739    i._RxPDO_EventTimers_Handler  pdo.o
    0x08002960   0x08002960   0x00000020   Code   RO         1900    i.__NVIC_SetPriority  stm32f4xx_hal_cortex.o
    0x08002980   0x08002980   0x000000cc   Code   RO         5680    i._getODentry       objacces.o
    0x08002a4c   0x08002a4c   0x00000002   Code   RO         5477    i._heartbeatError   lifegrd.o
    0x08002a4e   0x08002a4e   0x00000002   Code   RO         6032    i._initialisation   states.o
    0x08002a50   0x08002a50   0x00000002   Code   RO         5478    i._nodeguardError   lifegrd.o
    0x08002a52   0x08002a52   0x00000002   Code   RO         6033    i._operational      states.o
    0x08002a54   0x08002a54   0x00000002   Code   RO         5479    i._post_SlaveBootup  lifegrd.o
    0x08002a56   0x08002a56   0x00000002   Code   RO         5480    i._post_SlaveStateChange  lifegrd.o
    0x08002a58   0x08002a58   0x00000002   Code   RO         6113    i._post_TPDO        sync.o
    0x08002a5a   0x08002a5a   0x00000002   Code   RO         5409    i._post_emcy        emcy.o
    0x08002a5c   0x08002a5c   0x00000002   Code   RO         6114    i._post_sync        sync.o
    0x08002a5e   0x08002a5e   0x00000010   Code   RO         6034    i._preOperational   states.o
    0x08002a6e   0x08002a6e   0x0000011c   Code   RO         5740    i._sendPDOevent     pdo.o
    0x08002b8a   0x08002b8a   0x00000002   PAD
    0x08002b8c   0x08002b8c   0x000000f0   Code   RO         5681    i._setODentry       objacces.o
    0x08002c7c   0x08002c7c   0x00000002   Code   RO         6035    i._stopped          states.o
    0x08002c7e   0x08002c7e   0x00000002   Code   RO         5682    i._storeODSubIndex  objacces.o
    0x08002c80   0x08002c80   0x00000002   Code   RO          714    i._sys_exit         usart.o
    0x08002c82   0x08002c82   0x000000d6   Code   RO         5741    i.buildPDO          pdo.o
    0x08002d58   0x08002d58   0x00000054   Code   RO           22    i.canSend           co_slave.o
    0x08002dac   0x08002dac   0x00000078   Code   RO           23    i.canopen_init      co_slave.o
    0x08002e24   0x08002e24   0x00000020   Code   RO         5410    i.emergencyInit     emcy.o
    0x08002e44   0x08002e44   0x00000002   Code   RO         5411    i.emergencyStop     emcy.o
    0x08002e46   0x08002e46   0x00000002   PAD
    0x08002e48   0x08002e48   0x00000014   Code   RO          715    i.fputc             usart.o
    0x08002e5c   0x08002e5c   0x00000024   Code   RO           24    i.getElapsedTime    co_slave.o
    0x08002e80   0x08002e80   0x00000084   Code   RO         5482    i.heartbeatInit     lifegrd.o
    0x08002f04   0x08002f04   0x00000036   Code   RO         5483    i.heartbeatStop     lifegrd.o
    0x08002f3a   0x08002f3a   0x00000002   PAD
    0x08002f3c   0x08002f3c   0x0000008c   Code   RO         5848    i.initSDOline       sdo.o
    0x08002fc8   0x08002fc8   0x00000012   Code   RO         5484    i.lifeGuardInit     lifegrd.o
    0x08002fda   0x08002fda   0x00000012   Code   RO         5485    i.lifeGuardStop     lifegrd.o
    0x08002fec   0x08002fec   0x0000002e   Code   RO          392    i.main              main.o
    0x0800301a   0x0800301a   0x0000000c   Code   RO         4815    i.makeFreeRtosPriority  cmsis_os.o
    0x08003026   0x08003026   0x00000022   Code   RO         5614    i.masterSendNMTnodeguard  nmtmaster.o
    0x08003048   0x08003048   0x00000026   Code   RO         5615    i.masterSendNMTstateChange  nmtmaster.o
    0x0800306e   0x0800306e   0x00000002   PAD
    0x08003070   0x08003070   0x0000007c   Code   RO         5486    i.nodeguardInit     lifegrd.o
    0x080030ec   0x080030ec   0x00000012   Code   RO         5487    i.nodeguardStop     lifegrd.o
    0x080030fe   0x080030fe   0x0000000e   Code   RO         4817    i.osDelay           cmsis_os.o
    0x0800310c   0x0800310c   0x0000000a   Code   RO         4820    i.osKernelStart     cmsis_os.o
    0x08003116   0x08003116   0x00000054   Code   RO         4854    i.osThreadCreate    cmsis_os.o
    0x0800316a   0x0800316a   0x00000028   Code   RO         6115    i.proceedSYNC       sync.o
    0x08003192   0x08003192   0x00000002   PAD
    0x08003194   0x08003194   0x00000070   Code   RO         4497    i.prvAddCurrentTaskToDelayedList  tasks.o
    0x08003204   0x08003204   0x000000d0   Code   RO         4498    i.prvAddNewTaskToReadyList  tasks.o
    0x080032d4   0x080032d4   0x00000034   Code   RO         4499    i.prvDeleteTCB      tasks.o
    0x08003308   0x08003308   0x0000004c   Code   RO         5182    i.prvHeapInit       heap_4.o
    0x08003354   0x08003354   0x00000060   Code   RO         4500    i.prvIdleTask       tasks.o
    0x080033b4   0x080033b4   0x00000098   Code   RO         4501    i.prvInitialiseNewTask  tasks.o
    0x0800344c   0x0800344c   0x0000004c   Code   RO         5183    i.prvInsertBlockIntoFreeList  heap_4.o
    0x08003498   0x08003498   0x00000020   Code   RO         4502    i.prvResetNextTaskUnblockTime  tasks.o
    0x080034b8   0x080034b8   0x00000028   Code   RO         5251    i.prvTaskExitError  port.o
    0x080034e0   0x080034e0   0x000000dc   Code   RO         5184    i.pvPortMalloc      heap_4.o
    0x080035bc   0x080035bc   0x0000002c   Code   RO         5252    i.pxPortInitialiseStack  port.o
    0x080035e8   0x080035e8   0x00000018   Code   RO         5855    i.resetSDO          sdo.o
    0x08003600   0x08003600   0x00000032   Code   RO         5856    i.resetSDOline      sdo.o
    0x08003632   0x08003632   0x00000016   Code   RO         5684    i.scanIndexOD       objacces.o
    0x08003648   0x08003648   0x00000108   Code   RO         5743    i.sendOnePDOevent   pdo.o
    0x08003750   0x08003750   0x00000028   Code   RO         5746    i.sendPdo           pdo.o
    0x08003778   0x08003778   0x00000078   Code   RO         5857    i.sendSDO           sdo.o
    0x080037f0   0x080037f0   0x00000038   Code   RO         5858    i.sendSDOabort      sdo.o
    0x08003828   0x08003828   0x00000014   Code   RO         6116    i.sendSYNC          sync.o
    0x0800383c   0x0800383c   0x00000022   Code   RO         6117    i.sendSYNCMessage   sync.o
    0x0800385e   0x0800385e   0x00000002   PAD
    0x08003860   0x08003860   0x00000134   Code   RO         6039    i.setNodeId         states.o
    0x08003994   0x08003994   0x000000a4   Code   RO         6040    i.setState          states.o
    0x08003a38   0x08003a38   0x0000002c   Code   RO           25    i.setTimer          co_slave.o
    0x08003a64   0x08003a64   0x0000002a   Code   RO         5650    i.slaveSendBootUp   nmtslave.o
    0x08003a8e   0x08003a8e   0x00000002   PAD
    0x08003a90   0x08003a90   0x00000060   Code   RO         6118    i.startSYNC         sync.o
    0x08003af0   0x08003af0   0x0000002c   Code   RO         6119    i.stopSYNC          sync.o
    0x08003b1c   0x08003b1c   0x000000ea   Code   RO         6041    i.switchCommunicationState  states.o
    0x08003c06   0x08003c06   0x00000026   Code   RO         4139    i.uxListRemove      list.o
    0x08003c2c   0x08003c2c   0x00000014   Code   RO          524    i.vApplicationGetIdleTaskMemory  freertos.o
    0x08003c40   0x08003c40   0x00000016   Code   RO         4140    i.vListInitialise   list.o
    0x08003c56   0x08003c56   0x00000006   Code   RO         4141    i.vListInitialiseItem  list.o
    0x08003c5c   0x08003c5c   0x00000030   Code   RO         4142    i.vListInsert       list.o
    0x08003c8c   0x08003c8c   0x00000018   Code   RO         4143    i.vListInsertEnd    list.o
    0x08003ca4   0x08003ca4   0x00000040   Code   RO         5254    i.vPortEnterCritical  port.o
    0x08003ce4   0x08003ce4   0x00000028   Code   RO         5255    i.vPortExitCritical  port.o
    0x08003d0c   0x08003d0c   0x00000064   Code   RO         5185    i.vPortFree         heap_4.o
    0x08003d70   0x08003d70   0x00000024   Code   RO         5256    i.vPortSetupTimerInterrupt  port.o
    0x08003d94   0x08003d94   0x0000004c   Code   RO         4511    i.vTaskDelay        tasks.o
    0x08003de0   0x08003de0   0x0000006c   Code   RO         4524    i.vTaskStartScheduler  tasks.o
    0x08003e4c   0x08003e4c   0x00000010   Code   RO         4526    i.vTaskSuspendAll   tasks.o
    0x08003e5c   0x08003e5c   0x0000005c   Code   RO         4527    i.vTaskSwitchContext  tasks.o
    0x08003eb8   0x08003eb8   0x000000f4   Code   RO         5258    i.xPortStartScheduler  port.o
    0x08003fac   0x08003fac   0x0000005a   Code   RO         4530    i.xTaskCreate       tasks.o
    0x08004006   0x08004006   0x00000056   Code   RO         4531    i.xTaskCreateStatic  tasks.o
    0x0800405c   0x0800405c   0x000000cc   Code   RO         4538    i.xTaskIncrementTick  tasks.o
    0x08004128   0x08004128   0x000000c4   Code   RO         4544    i.xTaskResumeAll    tasks.o
    0x080041ec   0x080041ec   0x0000000a   Code   RO         6364    x$fpl$fpinit        fz_wm.l(fpinit.o)
    0x080041f6   0x080041f6   0x00000001   Data   RO          300    .constdata          sillyslave.o
    0x080041f7   0x080041f7   0x00000001   PAD
    0x080041f8   0x080041f8   0x00000058   Data   RO          301    .constdata          sillyslave.o
    0x08004250   0x08004250   0x0000000c   Data   RO          302    .constdata          sillyslave.o
    0x0800425c   0x0800425c   0x0000000c   Data   RO          303    .constdata          sillyslave.o
    0x08004268   0x08004268   0x00000002   Data   RO          304    .constdata          sillyslave.o
    0x0800426a   0x0800426a   0x00000002   PAD
    0x0800426c   0x0800426c   0x0000001c   Data   RO          526    .constdata          freertos.o
    0x08004288   0x08004288   0x00000010   Data   RO         4002    .constdata          system_stm32f4xx.o
    0x08004298   0x08004298   0x00000008   Data   RO         4003    .constdata          system_stm32f4xx.o
    0x080042a0   0x080042a0   0x00000040   Data   RO         6042    .constdata          states.o
    0x080042e0   0x080042e0   0x0000000c   Data   RO          527    .conststring        freertos.o
    0x080042ec   0x080042ec   0x00000020   Data   RO         6418    Region$$Table       anon$$obj.o


    Execution Region RW_IRAM2 (Exec base: 0x10000000, Load base: 0x08004460, Size: 0x00000000, Max: 0x00010000, ABSOLUTE)

    **** No section assigned to this execution region ****


    Execution Region RW_IRAM1 (Exec base: 0x20000000, Load base: 0x0800430c, Size: 0x00004c68, Max: 0x00020000, ABSOLUTE, COMPRESSED[0x00000154])

    Exec Addr    Load Addr    Size         Type   Attr      Idx    E Section Name        Object

    0x20000000   COMPRESSED   0x0000000c   Data   RW           26    .data               co_slave.o
    0x2000000c   COMPRESSED   0x00000001   Data   RW          305    .data               sillyslave.o
    0x2000000d   COMPRESSED   0x00000004   Data   RW          306    .data               sillyslave.o
    0x20000011   COMPRESSED   0x00000001   Data   RW          307    .data               sillyslave.o
    0x20000012   COMPRESSED   0x00000002   PAD
    0x20000014   COMPRESSED   0x00000004   Data   RW          308    .data               sillyslave.o
    0x20000018   COMPRESSED   0x0000000c   Data   RW          309    .data               sillyslave.o
    0x20000024   COMPRESSED   0x00000001   Data   RW          310    .data               sillyslave.o
    0x20000025   COMPRESSED   0x00000003   PAD
    0x20000028   COMPRESSED   0x0000000c   Data   RW          311    .data               sillyslave.o
    0x20000034   COMPRESSED   0x00000001   Data   RW          312    .data               sillyslave.o
    0x20000035   COMPRESSED   0x00000003   PAD
    0x20000038   COMPRESSED   0x00000004   Data   RW          313    .data               sillyslave.o
    0x2000003c   COMPRESSED   0x00000004   Data   RW          316    .data               sillyslave.o
    0x20000040   COMPRESSED   0x00000004   Data   RW          317    .data               sillyslave.o
    0x20000044   COMPRESSED   0x00000002   Data   RW          318    .data               sillyslave.o
    0x20000046   COMPRESSED   0x00000001   Data   RW          319    .data               sillyslave.o
    0x20000047   COMPRESSED   0x00000001   PAD
    0x20000048   COMPRESSED   0x00000004   Data   RW          320    .data               sillyslave.o
    0x2000004c   COMPRESSED   0x0000000c   Data   RW          321    .data               sillyslave.o
    0x20000058   COMPRESSED   0x00000004   Data   RW          322    .data               sillyslave.o
    0x2000005c   COMPRESSED   0x0000000c   Data   RW          323    .data               sillyslave.o
    0x20000068   COMPRESSED   0x00000004   Data   RW          324    .data               sillyslave.o
    0x2000006c   COMPRESSED   0x00000001   Data   RW          325    .data               sillyslave.o
    0x2000006d   COMPRESSED   0x00000003   PAD
    0x20000070   COMPRESSED   0x00000004   Data   RW          326    .data               sillyslave.o
    0x20000074   COMPRESSED   0x00000002   Data   RW          327    .data               sillyslave.o
    0x20000076   COMPRESSED   0x00000002   PAD
    0x20000078   COMPRESSED   0x00000004   Data   RW          328    .data               sillyslave.o
    0x2000007c   COMPRESSED   0x0000000c   Data   RW          329    .data               sillyslave.o
    0x20000088   COMPRESSED   0x00000001   Data   RW          330    .data               sillyslave.o
    0x20000089   COMPRESSED   0x00000003   PAD
    0x2000008c   COMPRESSED   0x00000004   Data   RW          331    .data               sillyslave.o
    0x20000090   COMPRESSED   0x00000004   Data   RW          332    .data               sillyslave.o
    0x20000094   COMPRESSED   0x00000004   Data   RW          333    .data               sillyslave.o
    0x20000098   COMPRESSED   0x00000004   Data   RW          334    .data               sillyslave.o
    0x2000009c   COMPRESSED   0x0000003c   Data   RW          335    .data               sillyslave.o
    0x200000d8   COMPRESSED   0x00000001   Data   RW          336    .data               sillyslave.o
    0x200000d9   COMPRESSED   0x00000003   PAD
    0x200000dc   COMPRESSED   0x00000004   Data   RW          337    .data               sillyslave.o
    0x200000e0   COMPRESSED   0x00000004   Data   RW          338    .data               sillyslave.o
    0x200000e4   COMPRESSED   0x00000024   Data   RW          339    .data               sillyslave.o
    0x20000108   COMPRESSED   0x00000001   Data   RW          340    .data               sillyslave.o
    0x20000109   COMPRESSED   0x00000003   PAD
    0x2000010c   COMPRESSED   0x00000004   Data   RW          341    .data               sillyslave.o
    0x20000110   COMPRESSED   0x00000001   Data   RW          342    .data               sillyslave.o
    0x20000111   COMPRESSED   0x00000001   PAD
    0x20000112   COMPRESSED   0x00000002   Data   RW          343    .data               sillyslave.o
    0x20000114   COMPRESSED   0x00000001   Data   RW          344    .data               sillyslave.o
    0x20000115   COMPRESSED   0x00000001   PAD
    0x20000116   COMPRESSED   0x00000002   Data   RW          345    .data               sillyslave.o
    0x20000118   COMPRESSED   0x00000048   Data   RW          346    .data               sillyslave.o
    0x20000160   COMPRESSED   0x00000001   Data   RW          347    .data               sillyslave.o
    0x20000161   COMPRESSED   0x00000003   PAD
    0x20000164   COMPRESSED   0x00000004   Data   RW          348    .data               sillyslave.o
    0x20000168   COMPRESSED   0x00000018   Data   RW          349    .data               sillyslave.o
    0x20000180   COMPRESSED   0x0000000c   Data   RW          350    .data               sillyslave.o
    0x2000018c   COMPRESSED   0x00000001   Data   RW          351    .data               sillyslave.o
    0x2000018d   COMPRESSED   0x00000003   PAD
    0x20000190   COMPRESSED   0x0000003c   Data   RW          352    .data               sillyslave.o
    0x200001cc   COMPRESSED   0x00000012   Data   RW          353    .data               sillyslave.o
    0x200001de   COMPRESSED   0x00000002   PAD
    0x200001e0   COMPRESSED   0x0000023c   Data   RW          354    .data               sillyslave.o
    0x2000041c   COMPRESSED   0x00000002   Data   RW          355    .data               sillyslave.o
    0x2000041e   COMPRESSED   0x00000002   PAD
    0x20000420   COMPRESSED   0x00000004   Data   RW          528    .data               freertos.o
    0x20000424   COMPRESSED   0x00000004   Data   RW          717    .data               usart.o
    0x20000428   COMPRESSED   0x0000000c   Data   RW         2044    .data               stm32f4xx_hal.o
    0x20000434   COMPRESSED   0x00000004   Data   RW         4004    .data               system_stm32f4xx.o
    0x20000438   COMPRESSED   0x0000003c   Data   RW         4547    .data               tasks.o
    0x20000474   COMPRESSED   0x00000020   Data   RW         5191    .data               heap_4.o
    0x20000494   COMPRESSED   0x0000000c   Data   RW         5259    .data               port.o
    0x200004a0   COMPRESSED   0x00000008   Data   RW         6184    .data               timer.o
    0x200004a8        -       0x00000024   Zero   RW          299    .bss                sillyslave.o
    0x200004cc        -       0x00000254   Zero   RW          525    .bss                freertos.o
    0x20000720        -       0x00000040   Zero   RW          577    .bss                can.o
    0x20000760        -       0x00000020   Zero   RW          630    .bss                rtc.o
    0x20000780        -       0x00000048   Zero   RW          672    .bss                tim.o
    0x200007c8        -       0x00000044   Zero   RW          716    .bss                usart.o
    0x2000080c        -       0x00000048   Zero   RW          873    .bss                stm32f4xx_hal_timebase_tim.o
    0x20000854        -       0x000000f0   Zero   RW         4546    .bss                tasks.o
    0x20000944        -       0x00003c00   Zero   RW         5190    .bss                heap_4.o
    0x20004544        -       0x000000c0   Zero   RW         6183    .bss                timer.o
    0x20004604        -       0x00000060   Zero   RW         6296    .bss                c_w.l(libspace.o)
    0x20004664   COMPRESSED   0x00000004   PAD
    0x20004668        -       0x00000200   Zero   RW            2    HEAP                startup_stm32f407xx.o
    0x20004868        -       0x00000400   Zero   RW            1    STACK               startup_stm32f407xx.o


==============================================================================

Image component sizes


      Code (inc. data)   RO Data    RW Data    ZI Data      Debug   Object Name

       292         30          0          0         64       2268   can.o
       120          0          0          0          0      23137   cmsis_os.o
       484        186          0         12          0     731844   co_slave.o
        76          6          0          0          0       2110   emcy.o
         0          0          0          0          0      16820   event_groups.o
       108         20         40          4        596       2426   freertos.o
       112         10          0          0          0        883   gpio.o
       472         24          0         32      15360       7295   heap_4.o
       618         22          0          0          0       9080   lifegrd.o
       138          0          0          0          0       3438   list.o
       254         22          0          0          0      34828   main.o
        72          0          0          0          0       1644   nmtmaster.o
        42          0          0          0          0        622   nmtslave.o
       504         28          0          0          0       5106   objacces.o
      1340         14          0          0          0       9721   pdo.o
       702         72          0         12          0      10800   port.o
       108         16          0          0         32       1487   rtc.o
       514         14          0          0          0       4551   sdo.o
       204         22        115       1009         36       6389   sillyslave.o
        64         26        392          0       1536        828   startup_stm32f407xx.o
       728         10         64          0          0       5552   states.o
        80         14          0         12          0       7978   stm32f4xx_hal.o
      1452          6          0          0          0      14170   stm32f4xx_hal_can.o
       158         14          0          0          0      33066   stm32f4xx_hal_cortex.o
       506         46          0          0          0       2144   stm32f4xx_hal_gpio.o
        56          4          0          0          0        834   stm32f4xx_hal_msp.o
      1408         82          0          0          0       5777   stm32f4xx_hal_rcc.o
       316         20          0          0          0       1352   stm32f4xx_hal_rcc_ex.o
       284          6          0          0          0       2796   stm32f4xx_hal_rtc.o
      1110         72          0          0          0       9933   stm32f4xx_hal_tim.o
         4          0          0          0          0       1549   stm32f4xx_hal_tim_ex.o
       116         16          0          0         72       1371   stm32f4xx_hal_timebase_tim.o
       366         10          0          0          0       1948   stm32f4xx_hal_uart.o
        48         18          0          0          0       4066   stm32f4xx_it.o
       252         10          0          0          0       5044   sync.o
        16          4         24          4          0       1079   system_stm32f4xx.o
      1520        112          0         60        240      19190   tasks.o
       140         18          0          0         72       1556   tim.o
       340         26          0          8        192       3778   timer.o
       186         28          0          4         68       3894   usart.o

    ----------------------------------------------------------------------
     15352       1028        670       1192      18268    1002354   Object Totals
         0          0         32          0          0          0   (incl. Generated)
        42          0          3         35          0          0   (incl. Padding)

    ----------------------------------------------------------------------

      Code (inc. data)   RO Data    RW Data    ZI Data      Debug   Library Member Name

        90          0          0          0          0          0   __dczerorl2.o
         8          0          0          0          0         68   __main.o
        40          0          0          0          0         84   __printf_nopercent.o
         0          0          0          0          0          0   __rtentry.o
        12          0          0          0          0          0   __rtentry2.o
         6          0          0          0          0          0   __rtentry4.o
        52          8          0          0          0          0   __scatter.o
        28          0          0          0          0          0   __scatter_zi.o
        48          6          0          0          0         96   _printf_char_common.o
        36          4          0          0          0         80   _printf_char_file.o
        18          0          0          0          0         80   exit.o
         8          0          0          0          0         68   ferror.o
         6          0          0          0          0        152   heapauxi.o
         2          0          0          0          0          0   libinit.o
         6          0          0          0          0          0   libinit2.o
         2          0          0          0          0          0   libshutdown.o
         2          0          0          0          0          0   libshutdown2.o
         8          4          0          0         96         68   libspace.o
       238          0          0          0          0        100   lludivv7m.o
        88          0          0          0          0         76   memcmp.o
        24          4          0          0          0         84   noretval__2printf.o
        78          0          0          0          0         80   rt_memclr_w.o
       138          0          0          0          0         68   rt_memcpy_v6.o
       100          0          0          0          0         80   rt_memcpy_w.o
         2          0          0          0          0          0   rtexit.o
        10          0          0          0          0          0   rtexit2.o
        74          0          0          0          0         80   sys_stackheap_outer.o
         2          0          0          0          0         68   use_no_semi.o
         2          0          0          0          0         68   use_no_semi_2.o
        10          0          0          0          0        116   fpinit.o

    ----------------------------------------------------------------------
      1142         26          0          0        100       1516   Library Totals
         4          0          0          0          4          0   (incl. Padding)

    ----------------------------------------------------------------------

      Code (inc. data)   RO Data    RW Data    ZI Data      Debug   Library Name

      1128         26          0          0         96       1400   c_w.l
        10          0          0          0          0        116   fz_wm.l

    ----------------------------------------------------------------------
      1142         26          0          0        100       1516   Library Totals

    ----------------------------------------------------------------------

==============================================================================


      Code (inc. data)   RO Data    RW Data    ZI Data      Debug   

     16494       1054        670       1192      18368     983894   Grand Totals
     16494       1054        670        340      18368     983894   ELF Image Totals (compressed)
     16494       1054        670        340          0          0   ROM Totals

==============================================================================

    Total RO  Size (Code + RO Data)                17164 (  16.76kB)
    Total RW  Size (RW Data + ZI Data)             19560 (  19.10kB)
    Total ROM Size (Code + RO Data + RW Data)      17504 (  17.09kB)

==============================================================================

